Copyright 1986-2022 Xilinx, Inc. All Rights Reserved. Copyright 2022-2025 Advanced Micro Devices, Inc. All Rights Reserved.
---------------------------------------------------------------------------------------------------------------------------------------------
| Tool Version : Vivado v.2025.2 (win64) Build 6299465 Fri Nov 14 19:35:11 GMT 2025
| Date         : Tue Apr 21 16:47:52 2026
| Host         : DESKTOP-CHIMERA running 64-bit major release  (build 9200)
| Command      : report_utilization -hierarchical -hierarchical_depth 6 -file ./report/fft_1d_top_utilization_hierarchical_synth.rpt
| Design       : bd_0_wrapper
| Device       : xc7z020clg400-2
| Speed File   : -2
| Design State : Synthesized
---------------------------------------------------------------------------------------------------------------------------------------------

Utilization Design Information

Table of Contents
-----------------
1. Utilization by Hierarchy

1. Utilization by Hierarchy
---------------------------

+----------------------------------+-------------------------------------------------------+------------+------------+---------+------+-----+--------+--------+------------+
|             Instance             |                         Module                        | Total LUTs | Logic LUTs | LUTRAMs | SRLs | FFs | RAMB36 | RAMB18 | DSP Blocks |
+----------------------------------+-------------------------------------------------------+------------+------------+---------+------+-----+--------+--------+------------+
| bd_0_wrapper                     |                                                 (top) |        413 |        413 |       0 |    0 | 307 |      0 |      6 |          0 |
|   bd_0_i                         |                                                  bd_0 |        413 |        413 |       0 |    0 | 307 |      0 |      6 |          0 |
|     hls_inst                     |                                       bd_0_hls_inst_0 |        413 |        413 |       0 |    0 | 307 |      0 |      6 |          0 |
|       inst                       |                            bd_0_hls_inst_0_fft_1d_top |        413 |        413 |       0 |    0 | 307 |      0 |      6 |          0 |
|         stage_write_output_U0    |         bd_0_hls_inst_0_fft_1d_top_stage_write_output |         97 |         97 |       0 |    0 |  65 |      0 |      0 |          0 |
|         CTRL_s_axi_U             |                 bd_0_hls_inst_0_fft_1d_top_CTRL_s_axi |         51 |         51 |       0 |    0 |  84 |      0 |      0 |          0 |
|         in_bufI_U                |   bd_0_hls_inst_0_fft_1d_top_in_bufI_RAM_2P_BRAM_1R1W |         61 |         61 |       0 |    0 |  24 |      0 |      2 |          0 |
|         out_bufI_U               | bd_0_hls_inst_0_fft_1d_top_in_bufI_RAM_2P_BRAM_1R1W_0 |         78 |         78 |       0 |    0 |  24 |      0 |      2 |          0 |
|         stage_process_fft_U0     |          bd_0_hls_inst_0_fft_1d_top_stage_process_fft |         43 |         43 |       0 |    0 |  52 |      0 |      0 |          0 |
|           (stage_process_fft_U0) |          bd_0_hls_inst_0_fft_1d_top_stage_process_fft |         10 |         10 |       0 |    0 |  51 |      0 |      0 |          0 |
|         stage_read_input_U0      |           bd_0_hls_inst_0_fft_1d_top_stage_read_input |         52 |         52 |       0 |    0 |  49 |      0 |      0 |          0 |
+----------------------------------+-------------------------------------------------------+------------+------------+---------+------+-----+--------+--------+------------+


