Copyright 1986-2022 Xilinx, Inc. All Rights Reserved. Copyright 2022-2025 Advanced Micro Devices, Inc. All Rights Reserved.
---------------------------------------------------------------------------------------------------------------------------------------------
| Tool Version : Vivado v.2025.2 (win64) Build 6299465 Fri Nov 14 19:35:11 GMT 2025
| Date         : Tue Apr 21 16:47:56 2026
| Host         : DESKTOP-CHIMERA running 64-bit major release  (build 9200)
| Command      : report_timing_summary -file ./report/fft_1d_top_timing_synth.rpt
| Design       : bd_0_wrapper
| Device       : 7z020-clg400
| Speed File   : -2  PRODUCTION 1.12 2019-11-22
| Design State : Synthesized
---------------------------------------------------------------------------------------------------------------------------------------------

Timing Summary Report

------------------------------------------------------------------------------------------------
| Timer Settings
| --------------
------------------------------------------------------------------------------------------------

  Enable Multi Corner Analysis               :  Yes
  Enable Pessimism Removal                   :  Yes
  Pessimism Removal Resolution               :  Nearest Common Node
  Enable Input Delay Default Clock           :  No
  Enable Preset / Clear Arcs                 :  No
  Disable Flight Delays                      :  No
  Ignore I/O Paths                           :  No
  Timing Early Launch at Borrowing Latches   :  No
  Borrow Time for Max Delay Exceptions       :  Yes
  Merge Timing Exceptions                    :  Yes
  Inter-SLR Compensation                     :  Conservative

  Corner  Analyze    Analyze    
  Name    Max Paths  Min Paths  
  ------  ---------  ---------  
  Slow    Yes        Yes        
  Fast    Yes        Yes        


------------------------------------------------------------------------------------------------
| Report Methodology
| ------------------
------------------------------------------------------------------------------------------------

No report available as report_methodology has not been run prior. Run report_methodology on the current design for the summary of methodology violations.



check_timing report

Table of Contents
-----------------
1. checking no_clock (0)
2. checking constant_clock (0)
3. checking pulse_width_clock (0)
4. checking unconstrained_internal_endpoints (0)
5. checking no_input_delay (68)
6. checking no_output_delay (66)
7. checking multiple_clock (0)
8. checking generated_clocks (0)
9. checking loops (0)
10. checking partial_input_delay (0)
11. checking partial_output_delay (0)
12. checking latch_loops (0)

1. checking no_clock (0)
------------------------
 There are 0 register/latch pins with no clock.


2. checking constant_clock (0)
------------------------------
 There are 0 register/latch pins with constant_clock.


3. checking pulse_width_clock (0)
---------------------------------
 There are 0 register/latch pins which need pulse_width check


4. checking unconstrained_internal_endpoints (0)
------------------------------------------------
 There are 0 pins that are not constrained for maximum delay.

 There are 0 pins that are not constrained for maximum delay due to constant clock.


5. checking no_input_delay (68)
-------------------------------
 There are 68 input ports with no input delay specified. (HIGH)

 There are 0 input ports with no input delay but user has a false path constraint.


6. checking no_output_delay (66)
--------------------------------
 There are 66 ports with no output delay specified. (HIGH)

 There are 0 ports with no output delay but user has a false path constraint

 There are 0 ports with no output delay but with a timing clock defined on it or propagating through it


7. checking multiple_clock (0)
------------------------------
 There are 0 register/latch pins with multiple clocks.


8. checking generated_clocks (0)
--------------------------------
 There are 0 generated clocks that are not connected to a clock source.


9. checking loops (0)
---------------------
 There are 0 combinational loops in the design.


10. checking partial_input_delay (0)
------------------------------------
 There are 0 input ports with partial input delay specified.


11. checking partial_output_delay (0)
-------------------------------------
 There are 0 ports with partial output delay specified.


12. checking latch_loops (0)
----------------------------
 There are 0 combinational latch loops in the design through latch input



------------------------------------------------------------------------------------------------
| Design Timing Summary
| ---------------------
------------------------------------------------------------------------------------------------

    WNS(ns)      TNS(ns)  TNS Failing Endpoints  TNS Total Endpoints      WHS(ns)      THS(ns)  THS Failing Endpoints  THS Total Endpoints     WPWS(ns)     TPWS(ns)  TPWS Failing Endpoints  TPWS Total Endpoints  
    -------      -------  ---------------------  -------------------      -------      -------  ---------------------  -------------------     --------     --------  ----------------------  --------------------  
      2.744        0.000                      0                  754        0.246        0.000                      0                  754        2.835        0.000                       0                   319  


All user specified timing constraints are met.


------------------------------------------------------------------------------------------------
| Clock Summary
| -------------
------------------------------------------------------------------------------------------------

Clock   Waveform(ns)         Period(ns)      Frequency(MHz)
-----   ------------         ----------      --------------
ap_clk  {0.000 3.335}        6.670           149.925         


------------------------------------------------------------------------------------------------
| Intra Clock Table
| -----------------
------------------------------------------------------------------------------------------------

Clock             WNS(ns)      TNS(ns)  TNS Failing Endpoints  TNS Total Endpoints      WHS(ns)      THS(ns)  THS Failing Endpoints  THS Total Endpoints     WPWS(ns)     TPWS(ns)  TPWS Failing Endpoints  TPWS Total Endpoints  
-----             -------      -------  ---------------------  -------------------      -------      -------  ---------------------  -------------------     --------     --------  ----------------------  --------------------  
ap_clk              2.744        0.000                      0                  754        0.246        0.000                      0                  754        2.835        0.000                       0                   319  


------------------------------------------------------------------------------------------------
| Inter Clock Table
| -----------------
------------------------------------------------------------------------------------------------

From Clock    To Clock          WNS(ns)      TNS(ns)  TNS Failing Endpoints  TNS Total Endpoints      WHS(ns)      THS(ns)  THS Failing Endpoints  THS Total Endpoints  
----------    --------          -------      -------  ---------------------  -------------------      -------      -------  ---------------------  -------------------  


------------------------------------------------------------------------------------------------
| Other Path Groups Table
| -----------------------
------------------------------------------------------------------------------------------------

Path Group    From Clock    To Clock          WNS(ns)      TNS(ns)  TNS Failing Endpoints  TNS Total Endpoints      WHS(ns)      THS(ns)  THS Failing Endpoints  THS Total Endpoints  
----------    ----------    --------          -------      -------  ---------------------  -------------------      -------      -------  ---------------------  -------------------  


------------------------------------------------------------------------------------------------
| Timing Details
| --------------
------------------------------------------------------------------------------------------------


---------------------------------------------------------------------------------------------------
From Clock:  ap_clk
  To Clock:  ap_clk

Setup :            0  Failing Endpoints,  Worst Slack        2.744ns,  Total Violation        0.000ns
Hold  :            0  Failing Endpoints,  Worst Slack        0.246ns,  Total Violation        0.000ns
PW    :            0  Failing Endpoints,  Worst Slack        2.835ns,  Total Violation        0.000ns
---------------------------------------------------------------------------------------------------


Max Delay Paths
--------------------------------------------------------------------------------------
Slack (MET) :             2.744ns  (required time - arrival time)
  Source:                 bd_0_i/hls_inst/inst/stage_write_output_U0/regslice_both_out_stream_V_data_V_U/FSM_sequential_state_reg[0]/C
                            (rising edge-triggered cell FDSE clocked by ap_clk  {rise@0.000ns fall@3.335ns period=6.670ns})
  Destination:            bd_0_i/hls_inst/inst/out_bufI_U/gen_buffer[0].fft_1d_top_in_bufI_RAM_2P_BRAM_1R1W_memcore_U/ram_reg/ENBWREN
                            (rising edge-triggered cell RAMB18E1 clocked by ap_clk  {rise@0.000ns fall@3.335ns period=6.670ns})
  Path Group:             ap_clk
  Path Type:              Setup (Max at Slow Process Corner)
  Requirement:            6.670ns  (ap_clk rise@6.670ns - ap_clk rise@0.000ns)
  Data Path Delay:        3.465ns  (logic 1.000ns (28.864%)  route 2.465ns (71.136%))
  Logic Levels:           4  (LUT2=1 LUT3=2 LUT5=1)
  Clock Path Skew:        -0.039ns (DCD - SCD + CPR)
    Destination Clock Delay (DCD):    0.748ns = ( 7.418 - 6.670 ) 
    Source Clock Delay      (SCD):    0.787ns
    Clock Pessimism Removal (CPR):    0.000ns
  Clock Uncertainty:      0.035ns  ((TSJ^2 + TIJ^2)^1/2 + DJ) / 2 + PE
    Total System Jitter     (TSJ):    0.071ns
    Total Input Jitter      (TIJ):    0.000ns
    Discrete Jitter          (DJ):    0.000ns
    Phase Error              (PE):    0.000ns

    Location             Delay type                Incr(ns)  Path(ns)    Netlist Resource(s)
  -------------------------------------------------------------------    -------------------
                         (clock ap_clk rise edge)     0.000     0.000 r  
                                                      0.000     0.000 r  ap_clk (IN)
                         net (fo=318, unset)          0.787     0.787    bd_0_i/hls_inst/inst/stage_write_output_U0/regslice_both_out_stream_V_data_V_U/ap_clk
                         FDSE                                         r  bd_0_i/hls_inst/inst/stage_write_output_U0/regslice_both_out_stream_V_data_V_U/FSM_sequential_state_reg[0]/C
  -------------------------------------------------------------------    -------------------
                         FDSE (Prop_fdse_C_Q)         0.433     1.220 r  bd_0_i/hls_inst/inst/stage_write_output_U0/regslice_both_out_stream_V_data_V_U/FSM_sequential_state_reg[0]/Q
                         net (fo=24, unplaced)        0.663     1.883    bd_0_i/hls_inst/inst/stage_write_output_U0/regslice_both_out_stream_V_data_V_U/state__0[0]
                         LUT3 (Prop_lut3_I0_O)        0.252     2.135 r  bd_0_i/hls_inst/inst/stage_write_output_U0/regslice_both_out_stream_V_data_V_U/ram_reg_i_24/O
                         net (fo=3, unplaced)         0.365     2.500    bd_0_i/hls_inst/inst/stage_write_output_U0/regslice_both_out_stream_V_data_V_U/ram_reg_i_24_n_10
                         LUT5 (Prop_lut5_I0_O)        0.105     2.605 r  bd_0_i/hls_inst/inst/stage_write_output_U0/regslice_both_out_stream_V_data_V_U/ram_reg_i_23/O
                         net (fo=9, unplaced)         0.388     2.993    bd_0_i/hls_inst/inst/stage_write_output_U0/regslice_both_out_stream_V_data_V_U/ap_loop_exit_ready_pp0_iter2_reg_reg_0
                         LUT2 (Prop_lut2_I0_O)        0.105     3.098 r  bd_0_i/hls_inst/inst/stage_write_output_U0/regslice_both_out_stream_V_data_V_U/i_fu_70[9]_i_1/O
                         net (fo=17, unplaced)        0.403     3.501    bd_0_i/hls_inst/inst/out_bufI_U/gen_buffer[0].fft_1d_top_in_bufI_RAM_2P_BRAM_1R1W_memcore_U/ram_reg_3
                         LUT3 (Prop_lut3_I0_O)        0.105     3.606 r  bd_0_i/hls_inst/inst/out_bufI_U/gen_buffer[0].fft_1d_top_in_bufI_RAM_2P_BRAM_1R1W_memcore_U/ram_reg_i_2__4/O
                         net (fo=1, unplaced)         0.646     4.252    bd_0_i/hls_inst/inst/out_bufI_U/gen_buffer[0].fft_1d_top_in_bufI_RAM_2P_BRAM_1R1W_memcore_U/ram_reg_i_2__4_n_10
                         RAMB18E1                                     r  bd_0_i/hls_inst/inst/out_bufI_U/gen_buffer[0].fft_1d_top_in_bufI_RAM_2P_BRAM_1R1W_memcore_U/ram_reg/ENBWREN
  -------------------------------------------------------------------    -------------------

                         (clock ap_clk rise edge)     6.670     6.670 r  
                                                      0.000     6.670 r  ap_clk (IN)
                         net (fo=318, unset)          0.748     7.418    bd_0_i/hls_inst/inst/out_bufI_U/gen_buffer[0].fft_1d_top_in_bufI_RAM_2P_BRAM_1R1W_memcore_U/ap_clk
                         RAMB18E1                                     r  bd_0_i/hls_inst/inst/out_bufI_U/gen_buffer[0].fft_1d_top_in_bufI_RAM_2P_BRAM_1R1W_memcore_U/ram_reg/CLKBWRCLK
                         clock pessimism              0.000     7.418    
                         clock uncertainty           -0.035     7.382    
                         RAMB18E1 (Setup_ramb18e1_CLKBWRCLK_ENBWREN)
                                                     -0.387     6.995    bd_0_i/hls_inst/inst/out_bufI_U/gen_buffer[0].fft_1d_top_in_bufI_RAM_2P_BRAM_1R1W_memcore_U/ram_reg
  -------------------------------------------------------------------
                         required time                          6.995    
                         arrival time                          -4.252    
  -------------------------------------------------------------------
                         slack                                  2.744    





Min Delay Paths
--------------------------------------------------------------------------------------
Slack (MET) :             0.246ns  (arrival time - required time)
  Source:                 bd_0_i/hls_inst/inst/CTRL_s_axi_U/FSM_onehot_wstate_reg[3]/C
                            (rising edge-triggered cell FDRE clocked by ap_clk  {rise@0.000ns fall@3.335ns period=6.670ns})
  Destination:            bd_0_i/hls_inst/inst/CTRL_s_axi_U/FSM_onehot_wstate_reg[3]/D
                            (rising edge-triggered cell FDRE clocked by ap_clk  {rise@0.000ns fall@3.335ns period=6.670ns})
  Path Group:             ap_clk
  Path Type:              Hold (Min at Fast Process Corner)
  Requirement:            0.000ns  (ap_clk rise@0.000ns - ap_clk rise@0.000ns)
  Data Path Delay:        0.386ns  (logic 0.262ns (67.793%)  route 0.124ns (32.207%))
  Logic Levels:           1  (LUT4=1)
  Clock Path Skew:        0.021ns (DCD - SCD - CPR)
    Destination Clock Delay (DCD):    0.411ns
    Source Clock Delay      (SCD):    0.390ns
    Clock Pessimism Removal (CPR):    -0.000ns

    Location             Delay type                Incr(ns)  Path(ns)    Netlist Resource(s)
  -------------------------------------------------------------------    -------------------
                         (clock ap_clk rise edge)     0.000     0.000 r  
                                                      0.000     0.000 r  ap_clk (IN)
                         net (fo=318, unset)          0.390     0.390    bd_0_i/hls_inst/inst/CTRL_s_axi_U/ap_clk
                         FDRE                                         r  bd_0_i/hls_inst/inst/CTRL_s_axi_U/FSM_onehot_wstate_reg[3]/C
  -------------------------------------------------------------------    -------------------
                         FDRE (Prop_fdre_C_Q)         0.164     0.554 r  bd_0_i/hls_inst/inst/CTRL_s_axi_U/FSM_onehot_wstate_reg[3]/Q
                         net (fo=2, unplaced)         0.124     0.679    bd_0_i/hls_inst/inst/CTRL_s_axi_U/s_axi_CTRL_BVALID
                         LUT4 (Prop_lut4_I3_O)        0.098     0.777 r  bd_0_i/hls_inst/inst/CTRL_s_axi_U/FSM_onehot_wstate[3]_i_1/O
                         net (fo=1, unplaced)         0.000     0.777    bd_0_i/hls_inst/inst/CTRL_s_axi_U/FSM_onehot_wstate[3]_i_1_n_10
                         FDRE                                         r  bd_0_i/hls_inst/inst/CTRL_s_axi_U/FSM_onehot_wstate_reg[3]/D
  -------------------------------------------------------------------    -------------------

                         (clock ap_clk rise edge)     0.000     0.000 r  
                                                      0.000     0.000 r  ap_clk (IN)
                         net (fo=318, unset)          0.411     0.411    bd_0_i/hls_inst/inst/CTRL_s_axi_U/ap_clk
                         FDRE                                         r  bd_0_i/hls_inst/inst/CTRL_s_axi_U/FSM_onehot_wstate_reg[3]/C
                         clock pessimism              0.000     0.411    
                         FDRE (Hold_fdre_C_D)         0.120     0.531    bd_0_i/hls_inst/inst/CTRL_s_axi_U/FSM_onehot_wstate_reg[3]
  -------------------------------------------------------------------
                         required time                         -0.531    
                         arrival time                           0.777    
  -------------------------------------------------------------------
                         slack                                  0.246    





Pulse Width Checks
--------------------------------------------------------------------------------------
Clock Name:         ap_clk
Waveform(ns):       { 0.000 3.335 }
Period(ns):         6.670
Sources:            { ap_clk }

Check Type        Corner  Lib Pin             Reference Pin  Required(ns)  Actual(ns)  Slack(ns)  Location  Pin
Min Period        n/a     RAMB18E1/CLKARDCLK  n/a            2.472         6.670       4.198                bd_0_i/hls_inst/inst/in_bufI_U/gen_buffer[0].fft_1d_top_in_bufI_RAM_2P_BRAM_1R1W_memcore_U/ram_reg/CLKARDCLK
Low Pulse Width   Slow    FDRE/C              n/a            0.500         3.335       2.835                bd_0_i/hls_inst/inst/CTRL_s_axi_U/FSM_onehot_rstate_reg[1]/C
High Pulse Width  Slow    FDRE/C              n/a            0.500         3.335       2.835                bd_0_i/hls_inst/inst/CTRL_s_axi_U/FSM_onehot_rstate_reg[1]/C



