================================================================
== Vivado RTL Synthesis Results
================================================================
+ General Information:
    * Date:            Tue Apr 21 16:47:58 +0800 2026
    * Version:         2025.2 (Build 6295257 on Nov 14 2025)
    * Project:         zenith_fft_1d_prj
    * Solution:        solution1 (Vivado IP Flow Target)
    * Product family:  zynq
    * Target device:   xc7z020-clg400-2


================================================================
== Run Constraints & Options
================================================================
+ Design Constraints & Options:
    * RTL Synthesis target clock:  6.67 ns
    * C-Synthesis target clock:    6.67 ns
    * C-Synthesis uncertainty:     27%

+ RTL Synthesis Options:
    * config_export -vivado_synth_strategy:     default
    * config_export -vivado_synth_design_args:  -directive sdx_optimization_effort_high

+ Reporting Options:
    * config_export -vivado_report_level:      2
    * config_export -vivado_max_timing_paths:  10


================================================================
== RTL Synthesis Resource Summary
================================================================
LUT:              413
FF:               307
DSP:              0
BRAM:             6
URAM:             0
SRL:              0


================================================================
== RTL Synthesis Timing Summary
================================================================
* Timing was met
+----------------+-------------+
| Timing         | Period (ns) |
+----------------+-------------+
| Target         | 6.670       |
| Post-Synthesis | 3.926       |
+----------------+-------------+


================================================================
== RTL Synthesis Resources
================================================================
+-----------------------------------------+-----+----+-----+------+------+-----+--------+------+---------+----------+--------+
| Name                                    | LUT | FF | DSP | BRAM | URAM | SRL | Pragma | Impl | Latency | Variable | Source |
+-----------------------------------------+-----+----+-----+------+------+-----+--------+------+---------+----------+--------+
| inst                                    |     |    |     |      |      |     |        |      |         |          |        |
|   CTRL_s_axi_U                          |     |    |     |      |      |     |        |      |         |          |        |
|   in_bufI_U                             |     |    |     |      |      |     |        |      |         |          |        |
|   out_bufI_U                            |     |    |     |      |      |     |        |      |         |          |        |
|   out_bufQ_U                            |     |    |     |      |      |     |        |      |         |          |        |
|   stage_process_fft_U0                  |     |    |     |      |      |     |        |      |         |          |        |
|     (stage_process_fft_U0)              |     |    |     |      |      |     |        |      |         |          |        |
|     flow_control_loop_pipe_U            |     |    |     |      |      |     |        |      |         |          |        |
|   stage_read_input_U0                   |     |    |     |      |      |     |        |      |         |          |        |
|     flow_control_loop_pipe_U            |     |    |     |      |      |     |        |      |         |          |        |
|     regslice_both_in_stream_V_data_V_U  |     |    |     |      |      |     |        |      |         |          |        |
|   stage_write_output_U0                 |     |    |     |      |      |     |        |      |         |          |        |
|     flow_control_loop_pipe_U            |     |    |     |      |      |     |        |      |         |          |        |
|     regslice_both_out_stream_V_data_V_U |     |    |     |      |      |     |        |      |         |          |        |
|     regslice_both_out_stream_V_keep_V_U |     |    |     |      |      |     |        |      |         |          |        |
|     regslice_both_out_stream_V_last_V_U |     |    |     |      |      |     |        |      |         |          |        |
+-----------------------------------------+-----+----+-----+------+------+-----+--------+------+---------+----------+--------+


================================================================
== RTL Synthesis Fail Fast
================================================================
+-----------------------------------------------------------+-----------+--------+--------+
| Criteria                                                  | Guideline | Actual | Status |
+-----------------------------------------------------------+-----------+--------+--------+
| LUT                                                       | 70%       | 0.78%  | OK     |
| FD                                                        | 50%       | 0.29%  | OK     |
| LUTRAM+SRL                                                | 25%       | 0.00%  | OK     |
| MUXF7                                                     | 15%       | 0.00%  | OK     |
| DSP                                                       | 80%       | 0.00%  | OK     |
| RAMB/FIFO                                                 | 80%       | 2.14%  | OK     |
| DSP+RAMB+URAM (Avg)                                       | 70%       | 2.14%  | OK     |
| BUFGCE* + BUFGCTRL                                        | 24        | 0      | OK     |
| DONT_TOUCH (cells/nets)                                   | 0         | 0      | OK     |
| MARK_DEBUG (nets)                                         | 0         | 0      | OK     |
| Control Sets                                              | 998       | 15     | OK     |
| Average Fanout for modules > 100k cells                   | 4         | 2.97   | OK     |
| Max Average Fanout for modules > 100k cells               | 4         | 0      | OK     |
| Non-FD high fanout nets > 10k loads                       | 0         | 0      | OK     |
+-----------------------------------------------------------+-----------+--------+--------+
| TIMING-6 (No common primary clock between related clocks) | 0         | 0      | OK     |
| TIMING-7 (No common node between related clocks)          | 0         | 0      | OK     |
| TIMING-8 (No common period between related clocks)        | 0         | 0      | OK     |
| TIMING-14 (LUT on the clock tree)                         | 0         | 0      | OK     |
| TIMING-35 (No common node in paths with the same clock)   | 0         | 0      | OK     |
+-----------------------------------------------------------+-----------+--------+--------+
| Number of paths above max LUT budgeting (0.500ns)         | 0         | 0      | OK     |
| Number of paths above max Net budgeting (0.350ns)         | 0         | 0      | OK     |
+-----------------------------------------------------------+-----------+--------+--------+


================================================================
== RTL Synthesis Timing Paths
================================================================
* Timing was met
+-------+-------+-----------------------------------------------------------------------------------------+----------------------------------------------------------------------------------------+--------------+------------+----------------+----------------+--------------+
| Path  | SLACK | STARTPOINT PIN                                                                          | ENDPOINT PIN                                                                           | LOGIC LEVELS | MAX FANOUT | DATAPATH DELAY | DATAPATH LOGIC | DATAPATH NET |
|       |       |                                                                                         |                                                                                        |              |            |                |          DELAY |        DELAY |
+-------+-------+-----------------------------------------------------------------------------------------+----------------------------------------------------------------------------------------+--------------+------------+----------------+----------------+--------------+
| Path1 | 2.744 | stage_write_output_U0/regslice_both_out_stream_V_data_V_U/FSM_sequential_state_reg[0]/C | out_bufI_U/gen_buffer[0].fft_1d_top_in_bufI_RAM_2P_BRAM_1R1W_memcore_U/ram_reg/ENBWREN |            4 |         24 |          3.465 |          1.000 |        2.465 |
| Path2 | 2.744 | stage_write_output_U0/regslice_both_out_stream_V_data_V_U/FSM_sequential_state_reg[0]/C | out_bufI_U/gen_buffer[1].fft_1d_top_in_bufI_RAM_2P_BRAM_1R1W_memcore_U/ram_reg/ENBWREN |            4 |         24 |          3.465 |          1.000 |        2.465 |
| Path3 | 3.220 | stage_write_output_U0/regslice_both_out_stream_V_data_V_U/FSM_sequential_state_reg[0]/C | out_bufI_U/reg_q0_reg[0]/CE                                                            |            4 |         24 |          3.239 |          1.000 |        2.239 |
| Path4 | 3.220 | stage_write_output_U0/regslice_both_out_stream_V_data_V_U/FSM_sequential_state_reg[0]/C | out_bufI_U/reg_q0_reg[10]/CE                                                           |            4 |         24 |          3.239 |          1.000 |        2.239 |
| Path5 | 3.220 | stage_write_output_U0/regslice_both_out_stream_V_data_V_U/FSM_sequential_state_reg[0]/C | out_bufI_U/reg_q0_reg[11]/CE                                                           |            4 |         24 |          3.239 |          1.000 |        2.239 |
+-------+-------+-----------------------------------------------------------------------------------------+----------------------------------------------------------------------------------------+--------------+------------+----------------+----------------+--------------+

    +---------------------------------------------------------------------------------------+----------------------+
    | Path1 Cells                                                                           | Primitive Type       |
    +---------------------------------------------------------------------------------------+----------------------+
    | stage_write_output_U0/regslice_both_out_stream_V_data_V_U/FSM_sequential_state_reg[0] | FLOP_LATCH.flop.FDSE |
    | stage_write_output_U0/regslice_both_out_stream_V_data_V_U/ram_reg_i_24                | LUT.others.LUT3      |
    | stage_write_output_U0/regslice_both_out_stream_V_data_V_U/ram_reg_i_23                | LUT.others.LUT5      |
    | stage_write_output_U0/regslice_both_out_stream_V_data_V_U/i_fu_70[9]_i_1              | LUT.others.LUT2      |
    | out_bufI_U/gen_buffer[0].fft_1d_top_in_bufI_RAM_2P_BRAM_1R1W_memcore_U/ram_reg_i_2__4 | LUT.others.LUT3      |
    | out_bufI_U/gen_buffer[0].fft_1d_top_in_bufI_RAM_2P_BRAM_1R1W_memcore_U/ram_reg        | BMEM.bram.RAMB18E1   |
    +---------------------------------------------------------------------------------------+----------------------+

    +---------------------------------------------------------------------------------------+----------------------+
    | Path2 Cells                                                                           | Primitive Type       |
    +---------------------------------------------------------------------------------------+----------------------+
    | stage_write_output_U0/regslice_both_out_stream_V_data_V_U/FSM_sequential_state_reg[0] | FLOP_LATCH.flop.FDSE |
    | stage_write_output_U0/regslice_both_out_stream_V_data_V_U/ram_reg_i_24                | LUT.others.LUT3      |
    | stage_write_output_U0/regslice_both_out_stream_V_data_V_U/ram_reg_i_23                | LUT.others.LUT5      |
    | stage_write_output_U0/regslice_both_out_stream_V_data_V_U/i_fu_70[9]_i_1              | LUT.others.LUT2      |
    | out_bufI_U/gen_buffer[1].fft_1d_top_in_bufI_RAM_2P_BRAM_1R1W_memcore_U/ram_reg_i_2__1 | LUT.others.LUT3      |
    | out_bufI_U/gen_buffer[1].fft_1d_top_in_bufI_RAM_2P_BRAM_1R1W_memcore_U/ram_reg        | BMEM.bram.RAMB18E1   |
    +---------------------------------------------------------------------------------------+----------------------+

    +---------------------------------------------------------------------------------------+----------------------+
    | Path3 Cells                                                                           | Primitive Type       |
    +---------------------------------------------------------------------------------------+----------------------+
    | stage_write_output_U0/regslice_both_out_stream_V_data_V_U/FSM_sequential_state_reg[0] | FLOP_LATCH.flop.FDSE |
    | stage_write_output_U0/regslice_both_out_stream_V_data_V_U/ram_reg_i_24                | LUT.others.LUT3      |
    | stage_write_output_U0/regslice_both_out_stream_V_data_V_U/ram_reg_i_23                | LUT.others.LUT5      |
    | stage_write_output_U0/regslice_both_out_stream_V_data_V_U/i_fu_70[9]_i_1              | LUT.others.LUT2      |
    | out_bufI_U/reg_q0[15]_i_1__0                                                          | LUT.others.LUT2      |
    | out_bufI_U/reg_q0_reg[0]                                                              | FLOP_LATCH.flop.FDRE |
    +---------------------------------------------------------------------------------------+----------------------+

    +---------------------------------------------------------------------------------------+----------------------+
    | Path4 Cells                                                                           | Primitive Type       |
    +---------------------------------------------------------------------------------------+----------------------+
    | stage_write_output_U0/regslice_both_out_stream_V_data_V_U/FSM_sequential_state_reg[0] | FLOP_LATCH.flop.FDSE |
    | stage_write_output_U0/regslice_both_out_stream_V_data_V_U/ram_reg_i_24                | LUT.others.LUT3      |
    | stage_write_output_U0/regslice_both_out_stream_V_data_V_U/ram_reg_i_23                | LUT.others.LUT5      |
    | stage_write_output_U0/regslice_both_out_stream_V_data_V_U/i_fu_70[9]_i_1              | LUT.others.LUT2      |
    | out_bufI_U/reg_q0[15]_i_1__0                                                          | LUT.others.LUT2      |
    | out_bufI_U/reg_q0_reg[10]                                                             | FLOP_LATCH.flop.FDRE |
    +---------------------------------------------------------------------------------------+----------------------+

    +---------------------------------------------------------------------------------------+----------------------+
    | Path5 Cells                                                                           | Primitive Type       |
    +---------------------------------------------------------------------------------------+----------------------+
    | stage_write_output_U0/regslice_both_out_stream_V_data_V_U/FSM_sequential_state_reg[0] | FLOP_LATCH.flop.FDSE |
    | stage_write_output_U0/regslice_both_out_stream_V_data_V_U/ram_reg_i_24                | LUT.others.LUT3      |
    | stage_write_output_U0/regslice_both_out_stream_V_data_V_U/ram_reg_i_23                | LUT.others.LUT5      |
    | stage_write_output_U0/regslice_both_out_stream_V_data_V_U/i_fu_70[9]_i_1              | LUT.others.LUT2      |
    | out_bufI_U/reg_q0[15]_i_1__0                                                          | LUT.others.LUT2      |
    | out_bufI_U/reg_q0_reg[11]                                                             | FLOP_LATCH.flop.FDRE |
    +---------------------------------------------------------------------------------------+----------------------+


================================================================
== RTL Synthesis Vivado Reports
================================================================
+--------------------------+-------------------------------------------------------------------+
| Report Type              | Report Location                                                   |
+--------------------------+-------------------------------------------------------------------+
| design_analysis          | impl/verilog/report/fft_1d_top_design_analysis_synth.rpt          |
| failfast                 | impl/verilog/report/fft_1d_top_failfast_synth.rpt                 |
| power                    | impl/verilog/report/fft_1d_top_power_synth.rpt                    |
| timing                   | impl/verilog/report/fft_1d_top_timing_synth.rpt                   |
| timing_paths             | impl/verilog/report/fft_1d_top_timing_paths_synth.rpt             |
| utilization              | impl/verilog/report/fft_1d_top_utilization_synth.rpt              |
| utilization_hierarchical | impl/verilog/report/fft_1d_top_utilization_hierarchical_synth.rpt |
+--------------------------+-------------------------------------------------------------------+


