

================================================================
== Vitis HLS Report for 'Block_entry_in_bufI_wr_proc'
================================================================
* Date:           Tue Apr 28 16:25:29 2026

* Version:        2025.2 (Build 6295257 on Nov 14 2025)
* Project:        zenith_fft_1d_prj
* Solution:       solution1 (Vivado IP Flow Target)
* Product family: zynq
* Target device:  xc7z020-clg400-2


================================================================
== Performance Estimates
================================================================
+ Timing: 
    * Summary: 
    +--------+---------+----------+------------+
    |  Clock |  Target | Estimated| Uncertainty|
    +--------+---------+----------+------------+
    |ap_clk  |  6.67 ns|  4.078 ns|     1.80 ns|
    +--------+---------+----------+------------+

+ Latency: 
    * Summary: 
    +---------+---------+-----------+-----------+------+------+---------+
    |  Latency (cycles) |   Latency (absolute)  |   Interval  | Pipeline|
    |   min   |   max   |    min    |    max    |  min |  max |   Type  |
    +---------+---------+-----------+-----------+------+------+---------+
    |     2056|     2056|  13.714 us|  13.714 us|  2056|  2056|       no|
    +---------+---------+-----------+-----------+------+------+---------+

    + Detail: 
        * Instance: 
        +------------------------------+--------------------+---------+---------+----------+----------+-----+-----+-------------------+
        |                              |                    |  Latency (cycles) |  Latency (absolute) |  Interval |      Pipeline     |
        |           Instance           |       Module       |   min   |   max   |    min   |    max   | min | max |        Type       |
        +------------------------------+--------------------+---------+---------+----------+----------+-----+-----+-------------------+
        |grp_stage_read_input_fu_50    |stage_read_input    |     1026|     1026|  6.843 us|  6.843 us|    0|    0|  loop pipeline stp|
        |grp_stage_read_input_1_fu_72  |stage_read_input_1  |     1026|     1026|  6.843 us|  6.843 us|    0|    0|  loop pipeline stp|
        +------------------------------+--------------------+---------+---------+----------+----------+-----+-----+-------------------+

        * Loop: 
        N/A



================================================================
== Utilization Estimates
================================================================
* Summary: 
+-----------------+---------+-----+--------+-------+-----+
|       Name      | BRAM_18K| DSP |   FF   |  LUT  | URAM|
+-----------------+---------+-----+--------+-------+-----+
|DSP              |        -|    -|       -|      -|    -|
|Expression       |        -|    -|       0|      1|    -|
|FIFO             |        -|    -|       -|      -|    -|
|Instance         |        -|    -|      50|    142|    -|
|Memory           |        -|    -|       -|      -|    -|
|Multiplexer      |        -|    -|       0|    151|    -|
|Register         |        -|    -|       8|      -|    -|
+-----------------+---------+-----+--------+-------+-----+
|Total            |        0|    0|      58|    294|    0|
+-----------------+---------+-----+--------+-------+-----+
|Available        |      280|  220|  106400|  53200|    0|
+-----------------+---------+-----+--------+-------+-----+
|Utilization (%)  |        0|    0|      ~0|     ~0|    0|
+-----------------+---------+-----+--------+-------+-----+

+ Detail: 
    * Instance: 
    +------------------------------+--------------------+---------+----+----+----+-----+
    |           Instance           |       Module       | BRAM_18K| DSP| FF | LUT| URAM|
    +------------------------------+--------------------+---------+----+----+----+-----+
    |grp_stage_read_input_fu_50    |stage_read_input    |        0|   0|  25|  71|    0|
    |grp_stage_read_input_1_fu_72  |stage_read_input_1  |        0|   0|  25|  71|    0|
    +------------------------------+--------------------+---------+----+----+----+-----+
    |Total                         |                    |        0|   0|  50| 142|    0|
    +------------------------------+--------------------+---------+----+----+----+-----+

    * DSP: 
    N/A

    * Memory: 
    N/A

    * FIFO: 
    N/A

    * Expression: 
    +-----------------+----------+----+---+----+------------+------------+
    |  Variable Name  | Operation| DSP| FF| LUT| Bitwidth P0| Bitwidth P1|
    +-----------------+----------+----+---+----+------------+------------+
    |ap_block_state1  |        or|   0|  0|   1|           1|           1|
    +-----------------+----------+----+---+----+------------+------------+
    |Total            |          |   0|  0|   1|           1|           1|
    +-----------------+----------+----+---+----+------------+------------+

    * Multiplexer: 
    +-------------------------------+----+-----------+-----+-----------+
    |              Name             | LUT| Input Size| Bits| Total Bits|
    +-------------------------------+----+-----------+-----+-----------+
    |ap_NS_fsm                      |  25|          6|    1|          6|
    |ap_done                        |   9|          2|    1|          2|
    |in_bufI_address1               |  13|          3|   10|         30|
    |in_bufI_ce1                    |  13|          3|    1|          3|
    |in_bufI_d1                     |  13|          3|   16|         48|
    |in_bufI_we1                    |  13|          3|    1|          3|
    |in_bufQ_address1               |  13|          3|   10|         30|
    |in_bufQ_ce1                    |  13|          3|    1|          3|
    |in_bufQ_d1                     |  13|          3|   16|         48|
    |in_bufQ_we1                    |  13|          3|    1|          3|
    |in_stream_TREADY_int_regslice  |  13|          3|    1|          3|
    +-------------------------------+----+-----------+-----+-----------+
    |Total                          | 151|         35|   59|        179|
    +-------------------------------+----+-----------+-----+-----------+

    * Register: 
    +-------------------------------------------+---+----+-----+-----------+
    |                    Name                   | FF| LUT| Bits| Const Bits|
    +-------------------------------------------+---+----+-----+-----------+
    |ap_CS_fsm                                  |  5|   0|    5|          0|
    |ap_done_reg                                |  1|   0|    1|          0|
    |grp_stage_read_input_1_fu_72_ap_start_reg  |  1|   0|    1|          0|
    |grp_stage_read_input_fu_50_ap_start_reg    |  1|   0|    1|          0|
    +-------------------------------------------+---+----+-----+-----------+
    |Total                                      |  8|   0|    8|          0|
    +-------------------------------------------+---+----+-----+-----------+



================================================================
== Interface
================================================================
* Summary: 
+------------------+-----+-----+------------+-----------------------------+--------------+
|     RTL Ports    | Dir | Bits|  Protocol  |        Source Object        |    C Type    |
+------------------+-----+-----+------------+-----------------------------+--------------+
|ap_clk            |   in|    1|  ap_ctrl_hs|  Block_entry_in_bufI_wr_proc|  return value|
|ap_rst            |   in|    1|  ap_ctrl_hs|  Block_entry_in_bufI_wr_proc|  return value|
|ap_start          |   in|    1|  ap_ctrl_hs|  Block_entry_in_bufI_wr_proc|  return value|
|ap_done           |  out|    1|  ap_ctrl_hs|  Block_entry_in_bufI_wr_proc|  return value|
|ap_continue       |   in|    1|  ap_ctrl_hs|  Block_entry_in_bufI_wr_proc|  return value|
|ap_idle           |  out|    1|  ap_ctrl_hs|  Block_entry_in_bufI_wr_proc|  return value|
|ap_ready          |  out|    1|  ap_ctrl_hs|  Block_entry_in_bufI_wr_proc|  return value|
|in_stream_TDATA   |   in|   32|        axis|           in_stream_V_data_V|       pointer|
|in_stream_TVALID  |   in|    1|        axis|           in_stream_V_dest_V|       pointer|
|in_stream_TREADY  |  out|    1|        axis|           in_stream_V_dest_V|       pointer|
|in_stream_TDEST   |   in|    1|        axis|           in_stream_V_dest_V|       pointer|
|in_stream_TKEEP   |   in|    4|        axis|           in_stream_V_keep_V|       pointer|
|in_stream_TSTRB   |   in|    4|        axis|           in_stream_V_strb_V|       pointer|
|in_stream_TUSER   |   in|    1|        axis|           in_stream_V_user_V|       pointer|
|in_stream_TLAST   |   in|    1|        axis|           in_stream_V_last_V|       pointer|
|in_stream_TID     |   in|    1|        axis|             in_stream_V_id_V|       pointer|
|in_bufI_address1  |  out|   10|   ap_memory|                      in_bufI|         array|
|in_bufI_ce1       |  out|    1|   ap_memory|                      in_bufI|         array|
|in_bufI_we1       |  out|    1|   ap_memory|                      in_bufI|         array|
|in_bufI_d1        |  out|   16|   ap_memory|                      in_bufI|         array|
|in_bufQ_address1  |  out|   10|   ap_memory|                      in_bufQ|         array|
|in_bufQ_ce1       |  out|    1|   ap_memory|                      in_bufQ|         array|
|in_bufQ_we1       |  out|    1|   ap_memory|                      in_bufQ|         array|
|in_bufQ_d1        |  out|   16|   ap_memory|                      in_bufQ|         array|
+------------------+-----+-----+------------+-----------------------------+--------------+

============================================================
+ Verbose Summary: Synthesis Manager
============================================================
InlineROM: 1
ExposeGlobal: 0
============================================================
+ Verbose Summary: CDFG Model
============================================================
IsTopModel: 0
ResetActiveHigh: 1
IsCombinational: 2
IsDatapathOnly: 0
HasWiredReturn: 1
HasMFsm: 0
HasVarLatency: 1
IsPipeline: 0
IsRtlPipelined: 0
IsInstanceOverlapped: 0
IsDontTouch: 0
HasImplIP: 0
IsGatedGlobalClock: 0


============================================================
+ Verbose Summary: Schedule
============================================================
* Number of FSM states : 5
* Pipeline : 0
* Dataflow Pipeline: 0

* FSM state transitions: 
1 --> 2 
2 --> 3 
3 --> 4 
4 --> 5 
5 --> 

* FSM state operations: 

State 1 <SV = 0> <Delay = 0.00>

State 2 <SV = 1> <Delay = 3.16>
ST_2 : Operation 6 [2/2] (3.16ns)   --->   "%call_ln172 = call void @stage_read_input, i32 %in_stream_V_data_V, i4 %in_stream_V_keep_V, i4 %in_stream_V_strb_V, i1 %in_stream_V_user_V, i1 %in_stream_V_last_V, i1 %in_stream_V_id_V, i1 %in_stream_V_dest_V, i16 %in_bufI, i16 %in_bufQ" [src/fft_1d.cpp:172]   --->   Operation 6 'call' 'call_ln172' <Predicate = true> <Delay = 3.16> <CoreType = "Generic">   --->   Generic Core

State 3 <SV = 2> <Delay = 4.07>
ST_3 : Operation 7 [1/2] (4.07ns)   --->   "%call_ln172 = call void @stage_read_input, i32 %in_stream_V_data_V, i4 %in_stream_V_keep_V, i4 %in_stream_V_strb_V, i1 %in_stream_V_user_V, i1 %in_stream_V_last_V, i1 %in_stream_V_id_V, i1 %in_stream_V_dest_V, i16 %in_bufI, i16 %in_bufQ" [src/fft_1d.cpp:172]   --->   Operation 7 'call' 'call_ln172' <Predicate = true> <Delay = 4.07> <CoreType = "Generic">   --->   Generic Core

State 4 <SV = 3> <Delay = 3.16>
ST_4 : Operation 8 [2/2] (3.16ns)   --->   "%call_ln173 = call void @stage_read_input.1, i32 %in_stream_V_data_V, i4 %in_stream_V_keep_V, i4 %in_stream_V_strb_V, i1 %in_stream_V_user_V, i1 %in_stream_V_last_V, i1 %in_stream_V_id_V, i1 %in_stream_V_dest_V, i16 %in_bufI, i16 %in_bufQ" [src/fft_1d.cpp:173]   --->   Operation 8 'call' 'call_ln173' <Predicate = true> <Delay = 3.16> <CoreType = "Generic">   --->   Generic Core

State 5 <SV = 4> <Delay = 4.07>
ST_5 : Operation 9 [1/1] (0.00ns)   --->   "%specaxissidechannel_ln0 = specaxissidechannel void @_ssdm_op_SpecAXISSideChannel, i32 %in_stream_V_data_V, i4 %in_stream_V_keep_V, i4 %in_stream_V_strb_V, i1 %in_stream_V_user_V, i1 %in_stream_V_last_V, i1 %in_stream_V_id_V, i1 %in_stream_V_dest_V, void @empty_1"   --->   Operation 9 'specaxissidechannel' 'specaxissidechannel_ln0' <Predicate = true> <Delay = 0.00>
ST_5 : Operation 10 [1/1] (0.00ns)   --->   "%specmemcore_ln0 = specmemcore void @_ssdm_op_SpecMemCore, i16 %in_bufQ, i64 666, i64 22, i64 18446744073709551615, i1 0"   --->   Operation 10 'specmemcore' 'specmemcore_ln0' <Predicate = true> <Delay = 0.00>
ST_5 : Operation 11 [1/1] (0.00ns)   --->   "%specmemcore_ln0 = specmemcore void @_ssdm_op_SpecMemCore, i16 %in_bufI, i64 666, i64 22, i64 18446744073709551615, i1 0"   --->   Operation 11 'specmemcore' 'specmemcore_ln0' <Predicate = true> <Delay = 0.00>
ST_5 : Operation 12 [1/1] (0.00ns)   --->   "%specinterface_ln0 = specinterface void @_ssdm_op_SpecInterface, i1 %in_stream_V_dest_V, i1 %in_stream_V_id_V, i1 %in_stream_V_last_V, i1 %in_stream_V_user_V, i4 %in_stream_V_strb_V, i4 %in_stream_V_keep_V, i32 %in_stream_V_data_V, void @empty_6, i32 1, i32 1, void @empty_7, i32 0, i32 0, void @empty_9, void @empty_9, void @empty_9, i32 0, i32 0, i32 0, i32 0, void @empty_9, void @empty_9, i32 4294967295, i32 0, i32 0, i32 0"   --->   Operation 12 'specinterface' 'specinterface_ln0' <Predicate = true> <Delay = 0.00>
ST_5 : Operation 13 [1/2] (4.07ns)   --->   "%call_ln173 = call void @stage_read_input.1, i32 %in_stream_V_data_V, i4 %in_stream_V_keep_V, i4 %in_stream_V_strb_V, i1 %in_stream_V_user_V, i1 %in_stream_V_last_V, i1 %in_stream_V_id_V, i1 %in_stream_V_dest_V, i16 %in_bufI, i16 %in_bufQ" [src/fft_1d.cpp:173]   --->   Operation 13 'call' 'call_ln173' <Predicate = true> <Delay = 4.07> <CoreType = "Generic">   --->   Generic Core
ST_5 : Operation 14 [1/1] (0.00ns)   --->   "%ret_ln0 = ret"   --->   Operation 14 'ret' 'ret_ln0' <Predicate = true> <Delay = 0.00>


============================================================
+ Verbose Summary: Binding
============================================================
STG Binding: 
---------------- STG Properties BEGIN ----------------
- Is combinational: 0
- Is one-state seq: 0
- Is datapath-only: 0
- Is pipelined: 0
- Is top level: 0
Port [ Return ] is wired: 1; IO mode=ap_ctrl_hs:ce=0
Port [ in_stream_V_data_V]:  wired=1; compound=1; hidden=0; nouse=0; global=0; static=0; extern=0; dir=0; type=0; pingpong=0; private_global=0; IO mode=axis:ce=0
Port [ in_stream_V_keep_V]:  wired=1; compound=1; hidden=0; nouse=0; global=0; static=0; extern=0; dir=0; type=0; pingpong=0; private_global=0; IO mode=axis:ce=0
Port [ in_stream_V_strb_V]:  wired=1; compound=1; hidden=0; nouse=0; global=0; static=0; extern=0; dir=0; type=0; pingpong=0; private_global=0; IO mode=axis:ce=0
Port [ in_stream_V_user_V]:  wired=1; compound=1; hidden=0; nouse=0; global=0; static=0; extern=0; dir=0; type=0; pingpong=0; private_global=0; IO mode=axis:ce=0
Port [ in_stream_V_last_V]:  wired=1; compound=1; hidden=0; nouse=0; global=0; static=0; extern=0; dir=0; type=0; pingpong=0; private_global=0; IO mode=axis:ce=0
Port [ in_stream_V_id_V]:  wired=1; compound=1; hidden=0; nouse=0; global=0; static=0; extern=0; dir=0; type=0; pingpong=0; private_global=0; IO mode=axis:ce=0
Port [ in_stream_V_dest_V]:  wired=1; compound=1; hidden=0; nouse=0; global=0; static=0; extern=0; dir=0; type=0; pingpong=0; private_global=0; IO mode=axis:ce=0
Port [ in_bufI]:  wired=1; compound=1; hidden=0; nouse=0; global=0; static=0; extern=0; dir=1; type=1; pingpong=1; private_global=0; MemPort=[30]; IO mode=ap_memory:ce=0
Port [ in_bufQ]:  wired=1; compound=1; hidden=0; nouse=0; global=0; static=0; extern=0; dir=1; type=1; pingpong=1; private_global=0; MemPort=[30]; IO mode=ap_memory:ce=0
---------------- STG Properties END ------------------

---------------- Datapath Model BEGIN ----------------

<LifeTime>
<method=bitvector/>
call_ln172              (call               ) [ 000000]
specaxissidechannel_ln0 (specaxissidechannel) [ 000000]
specmemcore_ln0         (specmemcore        ) [ 000000]
specmemcore_ln0         (specmemcore        ) [ 000000]
specinterface_ln0       (specinterface      ) [ 000000]
call_ln173              (call               ) [ 000000]
ret_ln0                 (ret                ) [ 000000]
</LifeTime>

<model>

<comp_list>
<comp id="0" class="1000" name="in_stream_V_data_V">
<pin_list>
<pin id="1" dir="1" index="0" bw="1" slack="0"/>
</pin_list>
<bind>
<StgValue><ssdm name="in_stream_V_data_V"/></StgValue>
</bind>
</comp>

<comp id="2" class="1000" name="in_stream_V_keep_V">
<pin_list>
<pin id="3" dir="1" index="0" bw="1" slack="0"/>
</pin_list>
<bind>
<StgValue><ssdm name="in_stream_V_keep_V"/></StgValue>
</bind>
</comp>

<comp id="4" class="1000" name="in_stream_V_strb_V">
<pin_list>
<pin id="5" dir="1" index="0" bw="1" slack="0"/>
</pin_list>
<bind>
<StgValue><ssdm name="in_stream_V_strb_V"/></StgValue>
</bind>
</comp>

<comp id="6" class="1000" name="in_stream_V_user_V">
<pin_list>
<pin id="7" dir="1" index="0" bw="1" slack="0"/>
</pin_list>
<bind>
<StgValue><ssdm name="in_stream_V_user_V"/></StgValue>
</bind>
</comp>

<comp id="8" class="1000" name="in_stream_V_last_V">
<pin_list>
<pin id="9" dir="1" index="0" bw="1" slack="0"/>
</pin_list>
<bind>
<StgValue><ssdm name="in_stream_V_last_V"/></StgValue>
</bind>
</comp>

<comp id="10" class="1000" name="in_stream_V_id_V">
<pin_list>
<pin id="11" dir="1" index="0" bw="1" slack="0"/>
</pin_list>
<bind>
<StgValue><ssdm name="in_stream_V_id_V"/></StgValue>
</bind>
</comp>

<comp id="12" class="1000" name="in_stream_V_dest_V">
<pin_list>
<pin id="13" dir="1" index="0" bw="1" slack="0"/>
</pin_list>
<bind>
<StgValue><ssdm name="in_stream_V_dest_V"/></StgValue>
</bind>
</comp>

<comp id="14" class="1000" name="in_bufI">
<pin_list>
<pin id="15" dir="1" index="0" bw="1" slack="0"/>
</pin_list>
<bind>
<StgValue><ssdm name="in_bufI"/><MemPortTyVec>3 0 </MemPortTyVec>
</StgValue>
</bind>
</comp>

<comp id="16" class="1000" name="in_bufQ">
<pin_list>
<pin id="17" dir="1" index="0" bw="1" slack="0"/>
</pin_list>
<bind>
<StgValue><ssdm name="in_bufQ"/><MemPortTyVec>3 0 </MemPortTyVec>
</StgValue>
</bind>
</comp>

<comp id="18" class="1001" name="const_18">
<pin_list>
<pin id="19" dir="1" index="0" bw="1" slack="0"/>
</pin_list>
<bind>
<StgValue><ssdm name="stage_read_input"/></StgValue>
</bind>
</comp>

<comp id="20" class="1001" name="const_20">
<pin_list>
<pin id="21" dir="1" index="0" bw="1" slack="0"/>
</pin_list>
<bind>
<StgValue><ssdm name="stage_read_input.1"/></StgValue>
</bind>
</comp>

<comp id="22" class="1001" name="const_22">
<pin_list>
<pin id="23" dir="1" index="0" bw="1" slack="2147483647"/>
</pin_list>
<bind>
<StgValue><ssdm name="_ssdm_op_SpecAXISSideChannel"/></StgValue>
</bind>
</comp>

<comp id="24" class="1001" name="const_24">
<pin_list>
<pin id="25" dir="1" index="0" bw="1" slack="2147483647"/>
</pin_list>
<bind>
<StgValue><ssdm name="empty_1"/></StgValue>
</bind>
</comp>

<comp id="26" class="1001" name="const_26">
<pin_list>
<pin id="27" dir="1" index="0" bw="1" slack="2147483647"/>
</pin_list>
<bind>
<StgValue><ssdm name="_ssdm_op_SpecMemCore"/></StgValue>
</bind>
</comp>

<comp id="28" class="1001" name="const_28">
<pin_list>
<pin id="29" dir="1" index="0" bw="1" slack="2147483647"/>
</pin_list>
<bind>
<StgValue><ssdm name=""/></StgValue>
</bind>
</comp>

<comp id="30" class="1001" name="const_30">
<pin_list>
<pin id="31" dir="1" index="0" bw="1" slack="2147483647"/>
</pin_list>
<bind>
<StgValue><ssdm name=""/></StgValue>
</bind>
</comp>

<comp id="32" class="1001" name="const_32">
<pin_list>
<pin id="33" dir="1" index="0" bw="1" slack="2147483647"/>
</pin_list>
<bind>
<StgValue><ssdm name=""/></StgValue>
</bind>
</comp>

<comp id="34" class="1001" name="const_34">
<pin_list>
<pin id="35" dir="1" index="0" bw="1" slack="2147483647"/>
</pin_list>
<bind>
<StgValue><ssdm name=""/></StgValue>
</bind>
</comp>

<comp id="36" class="1001" name="const_36">
<pin_list>
<pin id="37" dir="1" index="0" bw="1" slack="2147483647"/>
</pin_list>
<bind>
<StgValue><ssdm name="_ssdm_op_SpecInterface"/></StgValue>
</bind>
</comp>

<comp id="38" class="1001" name="const_38">
<pin_list>
<pin id="39" dir="1" index="0" bw="1" slack="2147483647"/>
</pin_list>
<bind>
<StgValue><ssdm name="empty_6"/></StgValue>
</bind>
</comp>

<comp id="40" class="1001" name="const_40">
<pin_list>
<pin id="41" dir="1" index="0" bw="1" slack="2147483647"/>
</pin_list>
<bind>
<StgValue><ssdm name=""/></StgValue>
</bind>
</comp>

<comp id="42" class="1001" name="const_42">
<pin_list>
<pin id="43" dir="1" index="0" bw="1" slack="2147483647"/>
</pin_list>
<bind>
<StgValue><ssdm name="empty_7"/></StgValue>
</bind>
</comp>

<comp id="44" class="1001" name="const_44">
<pin_list>
<pin id="45" dir="1" index="0" bw="1" slack="2147483647"/>
</pin_list>
<bind>
<StgValue><ssdm name=""/></StgValue>
</bind>
</comp>

<comp id="46" class="1001" name="const_46">
<pin_list>
<pin id="47" dir="1" index="0" bw="1" slack="2147483647"/>
</pin_list>
<bind>
<StgValue><ssdm name="empty_9"/></StgValue>
</bind>
</comp>

<comp id="48" class="1001" name="const_48">
<pin_list>
<pin id="49" dir="1" index="0" bw="1" slack="2147483647"/>
</pin_list>
<bind>
<StgValue><ssdm name=""/></StgValue>
</bind>
</comp>

<comp id="50" class="1004" name="grp_stage_read_input_fu_50">
<pin_list>
<pin id="51" dir="0" index="0" bw="0" slack="0"/>
<pin id="52" dir="0" index="1" bw="32" slack="0"/>
<pin id="53" dir="0" index="2" bw="4" slack="0"/>
<pin id="54" dir="0" index="3" bw="4" slack="0"/>
<pin id="55" dir="0" index="4" bw="1" slack="0"/>
<pin id="56" dir="0" index="5" bw="1" slack="0"/>
<pin id="57" dir="0" index="6" bw="1" slack="0"/>
<pin id="58" dir="0" index="7" bw="1" slack="0"/>
<pin id="59" dir="0" index="8" bw="16" slack="0"/>
<pin id="60" dir="0" index="9" bw="16" slack="0"/>
<pin id="61" dir="1" index="10" bw="0" slack="2147483647"/>
</pin_list>
<bind>
<opcode="call(48) " fcode="call"/>
<opset="call_ln172/2 "/>
</bind>
</comp>

<comp id="72" class="1004" name="grp_stage_read_input_1_fu_72">
<pin_list>
<pin id="73" dir="0" index="0" bw="0" slack="0"/>
<pin id="74" dir="0" index="1" bw="32" slack="0"/>
<pin id="75" dir="0" index="2" bw="4" slack="0"/>
<pin id="76" dir="0" index="3" bw="4" slack="0"/>
<pin id="77" dir="0" index="4" bw="1" slack="0"/>
<pin id="78" dir="0" index="5" bw="1" slack="0"/>
<pin id="79" dir="0" index="6" bw="1" slack="0"/>
<pin id="80" dir="0" index="7" bw="1" slack="0"/>
<pin id="81" dir="0" index="8" bw="16" slack="0"/>
<pin id="82" dir="0" index="9" bw="16" slack="0"/>
<pin id="83" dir="1" index="10" bw="0" slack="2147483647"/>
</pin_list>
<bind>
<opcode="call(48) " fcode="call"/>
<opset="call_ln173/4 "/>
</bind>
</comp>

</comp_list>

<net_list>
<net id="62"><net_src comp="18" pin="0"/><net_sink comp="50" pin=0"/></net>

<net id="63"><net_src comp="0" pin="0"/><net_sink comp="50" pin=1"/></net>

<net id="64"><net_src comp="2" pin="0"/><net_sink comp="50" pin=2"/></net>

<net id="65"><net_src comp="4" pin="0"/><net_sink comp="50" pin=3"/></net>

<net id="66"><net_src comp="6" pin="0"/><net_sink comp="50" pin=4"/></net>

<net id="67"><net_src comp="8" pin="0"/><net_sink comp="50" pin=5"/></net>

<net id="68"><net_src comp="10" pin="0"/><net_sink comp="50" pin=6"/></net>

<net id="69"><net_src comp="12" pin="0"/><net_sink comp="50" pin=7"/></net>

<net id="70"><net_src comp="14" pin="0"/><net_sink comp="50" pin=8"/></net>

<net id="71"><net_src comp="16" pin="0"/><net_sink comp="50" pin=9"/></net>

<net id="84"><net_src comp="20" pin="0"/><net_sink comp="72" pin=0"/></net>

<net id="85"><net_src comp="0" pin="0"/><net_sink comp="72" pin=1"/></net>

<net id="86"><net_src comp="2" pin="0"/><net_sink comp="72" pin=2"/></net>

<net id="87"><net_src comp="4" pin="0"/><net_sink comp="72" pin=3"/></net>

<net id="88"><net_src comp="6" pin="0"/><net_sink comp="72" pin=4"/></net>

<net id="89"><net_src comp="8" pin="0"/><net_sink comp="72" pin=5"/></net>

<net id="90"><net_src comp="10" pin="0"/><net_sink comp="72" pin=6"/></net>

<net id="91"><net_src comp="12" pin="0"/><net_sink comp="72" pin=7"/></net>

<net id="92"><net_src comp="14" pin="0"/><net_sink comp="72" pin=8"/></net>

<net id="93"><net_src comp="16" pin="0"/><net_sink comp="72" pin=9"/></net>

</net_list>

</model> 
---------------- Datapath Model END ------------------

* FSMD analyzer results:
  - Output states:
	Port: in_stream_V_data_V | {}
	Port: in_stream_V_keep_V | {}
	Port: in_stream_V_strb_V | {}
	Port: in_stream_V_user_V | {}
	Port: in_stream_V_last_V | {}
	Port: in_stream_V_id_V | {}
	Port: in_stream_V_dest_V | {}
	Port: in_bufI | {2 3 4 5 }
	Port: in_bufQ | {2 3 4 5 }
 - Input state : 
	Port: Block_entry_in_bufI_wr_proc : in_stream_V_data_V | {2 3 4 5 }
	Port: Block_entry_in_bufI_wr_proc : in_stream_V_keep_V | {2 3 4 5 }
	Port: Block_entry_in_bufI_wr_proc : in_stream_V_strb_V | {2 3 4 5 }
	Port: Block_entry_in_bufI_wr_proc : in_stream_V_user_V | {2 3 4 5 }
	Port: Block_entry_in_bufI_wr_proc : in_stream_V_last_V | {2 3 4 5 }
	Port: Block_entry_in_bufI_wr_proc : in_stream_V_id_V | {2 3 4 5 }
	Port: Block_entry_in_bufI_wr_proc : in_stream_V_dest_V | {2 3 4 5 }
  - Chain level:
	State 1
	State 2
	State 3
	State 4
	State 5


============================================================
+ Verbose Summary: Datapath Resource usage 
============================================================

* Functional unit list:
|----------|------------------------------|---------|---------|
| Operation|        Functional Unit       |    FF   |   LUT   |
|----------|------------------------------|---------|---------|
|   call   |  grp_stage_read_input_fu_50  |    22   |    22   |
|          | grp_stage_read_input_1_fu_72 |    22   |    22   |
|----------|------------------------------|---------|---------|
|   Total  |                              |    44   |    44   |
|----------|------------------------------|---------|---------|

Memories:
N/A

* Register list:
N/A

* Multiplexer (MUX) list: 
|--------|------|------|------|--------|
|  Comp  |  Pin | Size |  BW  | S x BW |
|--------|------|------|------|--------|
|  Total |      |      |      |    0   |
|--------|------|------|------|--------|



* Summary:
+-----------+--------+--------+
|           |   FF   |   LUT  |
+-----------+--------+--------+
|  Function |   44   |   44   |
|   Memory  |    -   |    -   |
|Multiplexer|    -   |    -   |
|  Register |    -   |    -   |
+-----------+--------+--------+
|   Total   |   44   |   44   |
+-----------+--------+--------+
