

================================================================
== Vitis HLS Report for 'fft_1d_top'
================================================================
* Date:           Tue Apr 28 16:25:27 2026

* Version:        2025.2 (Build 6295257 on Nov 14 2025)
* Project:        zenith_fft_1d_prj
* Solution:       solution1 (Vivado IP Flow Target)
* Product family: zynq
* Target device:  xc7z020-clg400-2


================================================================
== Performance Estimates
================================================================
+ Timing: 
    * Summary: 
    +--------+---------+----------+------------+
    |  Clock |  Target | Estimated| Uncertainty|
    +--------+---------+----------+------------+
    |ap_clk  |  6.67 ns|  4.869 ns|     1.80 ns|
    +--------+---------+----------+------------+

+ Latency: 
    * Summary: 
    +---------+---------+-----------+-----------+------+------+----------+
    |  Latency (cycles) |   Latency (absolute)  |   Interval  | Pipeline |
    |   min   |   max   |    min    |    max    |  min |  max |   Type   |
    +---------+---------+-----------+-----------+------+------+----------+
    |     8339|     8339|  55.621 us|  55.621 us|  5255|  5255|  dataflow|
    +---------+---------+-----------+-----------+------+------+----------+

    + Detail: 
        * Instance: 
        +----------------------------------------+-----------------------------+---------+---------+-----------+-----------+------+------+------------------------------------------------+
        |                                        |                             |  Latency (cycles) |   Latency (absolute)  |   Interval  |                    Pipeline                    |
        |                Instance                |            Module           |   min   |   max   |    min    |    max    |  min |  max |                      Type                      |
        +----------------------------------------+-----------------------------+---------+---------+-----------+-----------+------+------+------------------------------------------------+
        |grp_Block_entry_in_bufI_wr_proc_fu_128  |Block_entry_in_bufI_wr_proc  |     2056|     2056|  13.714 us|  13.714 us|  2056|  2056|                                              no|
        |call_ln171_entry_proc_fu_148            |entry_proc                   |        0|        0|       0 ns|       0 ns|     0|     0|                                              no|
        |grp_stage_process_fft_real_fu_155       |stage_process_fft_real       |     5254|     5254|  35.044 us|  35.044 us|  5254|  5254|                                              no|
        |grp_stage_write_output_fu_164           |stage_write_output           |     1027|     1027|   6.850 us|   6.850 us|  1024|  1024|  loop auto-rewind stp (delay=0 clock cycles(s))|
        +----------------------------------------+-----------------------------+---------+---------+-----------+-----------+------+------+------------------------------------------------+

        * Loop: 
        N/A

============================================================
+ Verbose Summary: Synthesis Manager
============================================================
InlineROM: 1
ExposeGlobal: 0
============================================================
+ Verbose Summary: CDFG Model
============================================================
IsTopModel: 1
ResetActiveHigh: 1
IsCombinational: 2
IsDatapathOnly: 0
HasWiredReturn: 1
HasMFsm: 0
HasVarLatency: 1
IsPipeline: 0
IsRtlPipelined: 0
IsInstanceOverlapped: 0
IsDontTouch: 0
HasImplIP: 0
IsGatedGlobalClock: 0


============================================================
+ Verbose Summary: Schedule
============================================================
* Number of FSM states : 8
* Pipeline : 0
* Dataflow Pipeline: 1
  DF-Pipeline-0: Size = 8, States = { 1 2 3 4 5 6 7 8 }

* FSM state transitions: 
1 --> 2 
2 --> 3 
3 --> 4 
4 --> 5 
5 --> 6 
6 --> 7 
7 --> 8 
8 --> 

* FSM state operations: 

State 1 <SV = 0> <Delay = 2.77>
ST_1 : Operation 9 [1/1] (0.00ns)   --->   "%scaling_schedule_c = alloca i64 1" [src/fft_1d.cpp:171]   --->   Operation 9 'alloca' 'scaling_schedule_c' <Predicate = true> <Delay = 0.00> <CoreInst = "FIFO_SRL">   --->   Core 80 'FIFO_SRL' <Latency = 0> <II = 1> <Delay = 3.40> <Storage> <Opcode : 'read' 'write' 'nbread' 'nbwrite'> <Ports = 0> <Width = 32> <Depth = 3> <FIFO>
ST_1 : Operation 10 [1/1] (2.77ns)   --->   "%in_bufI = alloca i64 1" [src/fft_1d.cpp:153]   --->   Operation 10 'alloca' 'in_bufI' <Predicate = true> <Delay = 2.77> <CoreInst = "RAM_2P_BRAM">   --->   Core 90 'RAM_2P_BRAM' <Latency = 1> <II = 1> <Delay = 2.77> <Storage> <Opcode : 'load' 'store'> <Ports = 2> <Width = 16> <Depth = 1024> <RAM>
ST_1 : Operation 11 [1/1] (2.77ns)   --->   "%in_bufQ = alloca i64 1" [src/fft_1d.cpp:154]   --->   Operation 11 'alloca' 'in_bufQ' <Predicate = true> <Delay = 2.77> <CoreInst = "RAM_2P_BRAM">   --->   Core 90 'RAM_2P_BRAM' <Latency = 1> <II = 1> <Delay = 2.77> <Storage> <Opcode : 'load' 'store'> <Ports = 2> <Width = 16> <Depth = 1024> <RAM>
ST_1 : Operation 12 [1/1] (2.77ns)   --->   "%out_bufI = alloca i64 1" [src/fft_1d.cpp:155]   --->   Operation 12 'alloca' 'out_bufI' <Predicate = true> <Delay = 2.77> <CoreInst = "RAM_2P_BRAM">   --->   Core 90 'RAM_2P_BRAM' <Latency = 1> <II = 1> <Delay = 2.77> <Storage> <Opcode : 'load' 'store'> <Ports = 2> <Width = 16> <Depth = 1024> <RAM>
ST_1 : Operation 13 [1/1] (2.77ns)   --->   "%out_bufQ = alloca i64 1" [src/fft_1d.cpp:156]   --->   Operation 13 'alloca' 'out_bufQ' <Predicate = true> <Delay = 2.77> <CoreInst = "RAM_2P_BRAM">   --->   Core 90 'RAM_2P_BRAM' <Latency = 1> <II = 1> <Delay = 2.77> <Storage> <Opcode : 'load' 'store'> <Ports = 2> <Width = 16> <Depth = 1024> <RAM>

State 2 <SV = 1> <Delay = 0.00>
ST_2 : Operation 14 [2/2] (0.00ns)   --->   "%call_ln172 = call void @Block_entry_in_bufI_wr_proc, i32 %in_stream_V_data_V, i4 %in_stream_V_keep_V, i4 %in_stream_V_strb_V, i1 %in_stream_V_user_V, i1 %in_stream_V_last_V, i1 %in_stream_V_id_V, i1 %in_stream_V_dest_V, i16 %in_bufI, i16 %in_bufQ" [src/fft_1d.cpp:172]   --->   Operation 14 'call' 'call_ln172' <Predicate = true> <Delay = 0.00> <CoreType = "Generic">   --->   Generic Core

State 3 <SV = 2> <Delay = 3.43>
ST_3 : Operation 15 [1/1] (1.00ns)   --->   "%scaling_schedule_read = read i32 @_ssdm_op_Read.s_axilite.i32, i32 %scaling_schedule" [src/fft_1d.cpp:171]   --->   Operation 15 'read' 'scaling_schedule_read' <Predicate = true> <Delay = 1.00> <CoreInst = "s_axilite">   --->   Core 112 's_axilite' <Latency = 0> <II = 1> <Delay = 1.00> <Adapter> <Opcode : 'read' 'write'>
ST_3 : Operation 16 [1/1] (2.43ns)   --->   "%call_ln171 = call void @entry_proc, i32 %scaling_schedule_read, i32 %scaling_schedule_c" [src/fft_1d.cpp:171]   --->   Operation 16 'call' 'call_ln171' <Predicate = true> <Delay = 2.43> <CoreType = "Generic">   --->   Generic Core
ST_3 : Operation 17 [1/2] (0.00ns)   --->   "%call_ln172 = call void @Block_entry_in_bufI_wr_proc, i32 %in_stream_V_data_V, i4 %in_stream_V_keep_V, i4 %in_stream_V_strb_V, i1 %in_stream_V_user_V, i1 %in_stream_V_last_V, i1 %in_stream_V_id_V, i1 %in_stream_V_dest_V, i16 %in_bufI, i16 %in_bufQ" [src/fft_1d.cpp:172]   --->   Operation 17 'call' 'call_ln172' <Predicate = true> <Delay = 0.00> <CoreType = "Generic">   --->   Generic Core

State 4 <SV = 3> <Delay = 0.00>
ST_4 : Operation 18 [2/2] (0.00ns)   --->   "%call_ln175 = call void @stage_process_fft_real, i32 %scaling_schedule_c, i16 %in_bufI, i16 %in_bufQ, i16 %out_bufI, i16 %out_bufQ" [src/fft_1d.cpp:175]   --->   Operation 18 'call' 'call_ln175' <Predicate = true> <Delay = 0.00> <CoreType = "Generic">   --->   Generic Core

State 5 <SV = 4> <Delay = 0.00>
ST_5 : Operation 19 [1/2] (0.00ns)   --->   "%call_ln175 = call void @stage_process_fft_real, i32 %scaling_schedule_c, i16 %in_bufI, i16 %in_bufQ, i16 %out_bufI, i16 %out_bufQ" [src/fft_1d.cpp:175]   --->   Operation 19 'call' 'call_ln175' <Predicate = true> <Delay = 0.00> <CoreType = "Generic">   --->   Generic Core

State 6 <SV = 5> <Delay = 0.00>
ST_6 : Operation 20 [2/2] (0.00ns)   --->   "%call_ln176 = call void @stage_write_output, i16 %out_bufI, i16 %out_bufQ, i32 %out_stream_V_data_V, i4 %out_stream_V_keep_V, i4 %out_stream_V_strb_V, i1 %out_stream_V_user_V, i1 %out_stream_V_last_V, i1 %out_stream_V_id_V, i1 %out_stream_V_dest_V" [src/fft_1d.cpp:176]   --->   Operation 20 'call' 'call_ln176' <Predicate = true> <Delay = 0.00> <CoreType = "Generic">   --->   Generic Core

State 7 <SV = 6> <Delay = 0.00>
ST_7 : Operation 21 [1/2] (0.00ns)   --->   "%call_ln176 = call void @stage_write_output, i16 %out_bufI, i16 %out_bufQ, i32 %out_stream_V_data_V, i4 %out_stream_V_keep_V, i4 %out_stream_V_strb_V, i1 %out_stream_V_user_V, i1 %out_stream_V_last_V, i1 %out_stream_V_id_V, i1 %out_stream_V_dest_V" [src/fft_1d.cpp:176]   --->   Operation 21 'call' 'call_ln176' <Predicate = true> <Delay = 0.00> <CoreType = "Generic">   --->   Generic Core

State 8 <SV = 7> <Delay = 0.00>
ST_8 : Operation 22 [1/1] (0.00ns)   --->   "%empty = specchannel i32 @_ssdm_op_SpecChannel, void @scaling_schedule_c_str, i32 1, void @p_str, void @p_str, i32 3, i32 0, i32 %scaling_schedule_c, i32 %scaling_schedule_c" [src/fft_1d.cpp:171]   --->   Operation 22 'specchannel' 'empty' <Predicate = true> <Delay = 0.00>
ST_8 : Operation 23 [1/1] (0.00ns)   --->   "%specinterface_ln171 = specinterface void @_ssdm_op_SpecInterface, i32 %scaling_schedule_c, void @ap_fifo_str, i32 0, i32 0, void @p_str, i32 0, i32 0, void @p_str, void @p_str, void @p_str, i32 2, i32 2, i32 16, i32 16, void @p_str, void @p_str, i32 4294967295, i32 0, i32 0, i32 0" [src/fft_1d.cpp:171]   --->   Operation 23 'specinterface' 'specinterface_ln171' <Predicate = true> <Delay = 0.00>
ST_8 : Operation 24 [1/1] (0.00ns)   --->   "%specdataflowpipeline_ln171 = specdataflowpipeline void @_ssdm_op_SpecDataflowPipeline, i32 4294967295, i32 0, void @empty_9" [src/fft_1d.cpp:171]   --->   Operation 24 'specdataflowpipeline' 'specdataflowpipeline_ln171' <Predicate = true> <Delay = 0.00>
ST_8 : Operation 25 [1/1] (0.00ns)   --->   "%spectopmodule_ln130 = spectopmodule void @_ssdm_op_SpecTopModule, void @empty_3" [src/fft_1d.cpp:130]   --->   Operation 25 'spectopmodule' 'spectopmodule_ln130' <Predicate = true> <Delay = 0.00>
ST_8 : Operation 26 [1/1] (0.00ns)   --->   "%specinterface_ln0 = specinterface void @_ssdm_op_SpecInterface, i32 %in_stream_V_data_V, i4 %in_stream_V_keep_V, i4 %in_stream_V_strb_V, i1 %in_stream_V_user_V, i1 %in_stream_V_last_V, i1 %in_stream_V_id_V, i1 %in_stream_V_dest_V, void @empty_6, i32 1, i32 1, void @empty_7, i32 0, i32 0, void @empty_9, void @empty_9, void @empty_9, i32 0, i32 0, i32 0, i32 0, void @empty_9, void @empty_9, i32 4294967295, i32 0, i32 0, i32 0"   --->   Operation 26 'specinterface' 'specinterface_ln0' <Predicate = true> <Delay = 0.00>
ST_8 : Operation 27 [1/1] (0.00ns)   --->   "%specbitsmap_ln0 = specbitsmap void @_ssdm_op_SpecBitsMap, i32 %in_stream_V_data_V"   --->   Operation 27 'specbitsmap' 'specbitsmap_ln0' <Predicate = true> <Delay = 0.00>
ST_8 : Operation 28 [1/1] (0.00ns)   --->   "%specbitsmap_ln0 = specbitsmap void @_ssdm_op_SpecBitsMap, i4 %in_stream_V_keep_V"   --->   Operation 28 'specbitsmap' 'specbitsmap_ln0' <Predicate = true> <Delay = 0.00>
ST_8 : Operation 29 [1/1] (0.00ns)   --->   "%specbitsmap_ln0 = specbitsmap void @_ssdm_op_SpecBitsMap, i4 %in_stream_V_strb_V"   --->   Operation 29 'specbitsmap' 'specbitsmap_ln0' <Predicate = true> <Delay = 0.00>
ST_8 : Operation 30 [1/1] (0.00ns)   --->   "%specbitsmap_ln0 = specbitsmap void @_ssdm_op_SpecBitsMap, i1 %in_stream_V_user_V"   --->   Operation 30 'specbitsmap' 'specbitsmap_ln0' <Predicate = true> <Delay = 0.00>
ST_8 : Operation 31 [1/1] (0.00ns)   --->   "%specbitsmap_ln0 = specbitsmap void @_ssdm_op_SpecBitsMap, i1 %in_stream_V_last_V"   --->   Operation 31 'specbitsmap' 'specbitsmap_ln0' <Predicate = true> <Delay = 0.00>
ST_8 : Operation 32 [1/1] (0.00ns)   --->   "%specbitsmap_ln0 = specbitsmap void @_ssdm_op_SpecBitsMap, i1 %in_stream_V_id_V"   --->   Operation 32 'specbitsmap' 'specbitsmap_ln0' <Predicate = true> <Delay = 0.00>
ST_8 : Operation 33 [1/1] (0.00ns)   --->   "%specbitsmap_ln0 = specbitsmap void @_ssdm_op_SpecBitsMap, i1 %in_stream_V_dest_V"   --->   Operation 33 'specbitsmap' 'specbitsmap_ln0' <Predicate = true> <Delay = 0.00>
ST_8 : Operation 34 [1/1] (0.00ns)   --->   "%specinterface_ln0 = specinterface void @_ssdm_op_SpecInterface, i32 %out_stream_V_data_V, i4 %out_stream_V_keep_V, i4 %out_stream_V_strb_V, i1 %out_stream_V_user_V, i1 %out_stream_V_last_V, i1 %out_stream_V_id_V, i1 %out_stream_V_dest_V, void @empty_6, i32 1, i32 1, void @empty_7, i32 0, i32 0, void @empty_9, void @empty_9, void @empty_9, i32 0, i32 0, i32 0, i32 0, void @empty_9, void @empty_9, i32 4294967295, i32 0, i32 0, i32 0"   --->   Operation 34 'specinterface' 'specinterface_ln0' <Predicate = true> <Delay = 0.00>
ST_8 : Operation 35 [1/1] (0.00ns)   --->   "%specbitsmap_ln0 = specbitsmap void @_ssdm_op_SpecBitsMap, i32 %out_stream_V_data_V"   --->   Operation 35 'specbitsmap' 'specbitsmap_ln0' <Predicate = true> <Delay = 0.00>
ST_8 : Operation 36 [1/1] (0.00ns)   --->   "%specbitsmap_ln0 = specbitsmap void @_ssdm_op_SpecBitsMap, i4 %out_stream_V_keep_V"   --->   Operation 36 'specbitsmap' 'specbitsmap_ln0' <Predicate = true> <Delay = 0.00>
ST_8 : Operation 37 [1/1] (0.00ns)   --->   "%specbitsmap_ln0 = specbitsmap void @_ssdm_op_SpecBitsMap, i4 %out_stream_V_strb_V"   --->   Operation 37 'specbitsmap' 'specbitsmap_ln0' <Predicate = true> <Delay = 0.00>
ST_8 : Operation 38 [1/1] (0.00ns)   --->   "%specbitsmap_ln0 = specbitsmap void @_ssdm_op_SpecBitsMap, i1 %out_stream_V_user_V"   --->   Operation 38 'specbitsmap' 'specbitsmap_ln0' <Predicate = true> <Delay = 0.00>
ST_8 : Operation 39 [1/1] (0.00ns)   --->   "%specbitsmap_ln0 = specbitsmap void @_ssdm_op_SpecBitsMap, i1 %out_stream_V_last_V"   --->   Operation 39 'specbitsmap' 'specbitsmap_ln0' <Predicate = true> <Delay = 0.00>
ST_8 : Operation 40 [1/1] (0.00ns)   --->   "%specbitsmap_ln0 = specbitsmap void @_ssdm_op_SpecBitsMap, i1 %out_stream_V_id_V"   --->   Operation 40 'specbitsmap' 'specbitsmap_ln0' <Predicate = true> <Delay = 0.00>
ST_8 : Operation 41 [1/1] (0.00ns)   --->   "%specbitsmap_ln0 = specbitsmap void @_ssdm_op_SpecBitsMap, i1 %out_stream_V_dest_V"   --->   Operation 41 'specbitsmap' 'specbitsmap_ln0' <Predicate = true> <Delay = 0.00>
ST_8 : Operation 42 [1/1] (0.00ns)   --->   "%specbitsmap_ln0 = specbitsmap void @_ssdm_op_SpecBitsMap, i32 %scaling_schedule"   --->   Operation 42 'specbitsmap' 'specbitsmap_ln0' <Predicate = true> <Delay = 0.00>
ST_8 : Operation 43 [1/1] (0.00ns)   --->   "%specinterface_ln0 = specinterface void @_ssdm_op_SpecInterface, i32 %scaling_schedule, void @empty_8, i32 4294967295, i32 4294967295, void @empty_9, i32 0, i32 0, void @empty_10, void @empty_5, void @empty_9, i32 0, i32 0, i32 0, i32 0, void @empty_9, void @empty_9, i32 4294967295, i32 0, i32 0, i32 0"   --->   Operation 43 'specinterface' 'specinterface_ln0' <Predicate = true> <Delay = 0.00>
ST_8 : Operation 44 [1/1] (0.00ns)   --->   "%specinterface_ln0 = specinterface void @_ssdm_op_SpecInterface, i32 %scaling_schedule, void @empty_4, i32 0, i32 0, void @empty_9, i32 0, i32 0, void @empty_9, void @empty_9, void @empty_9, i32 0, i32 0, i32 0, i32 0, void @empty_9, void @empty_9, i32 4294967295, i32 0, i32 0, i32 0"   --->   Operation 44 'specinterface' 'specinterface_ln0' <Predicate = true> <Delay = 0.00>
ST_8 : Operation 45 [1/1] (0.00ns)   --->   "%specinterface_ln0 = specinterface void @_ssdm_op_SpecInterface, i32 0, void @empty_8, i32 0, i32 0, void @empty_9, i32 0, i32 0, void @empty_10, void @empty_9, void @empty_9, i32 0, i32 0, i32 0, i32 0, void @empty_9, void @empty_9, i32 0, i32 0, i32 0, i32 0"   --->   Operation 45 'specinterface' 'specinterface_ln0' <Predicate = true> <Delay = 0.00>
ST_8 : Operation 46 [1/1] (0.00ns)   --->   "%specmemcore_ln162 = specmemcore void @_ssdm_op_SpecMemCore, i16 %in_bufI, i64 666, i64 22, i64 18446744073709551615, i1 0" [src/fft_1d.cpp:162]   --->   Operation 46 'specmemcore' 'specmemcore_ln162' <Predicate = true> <Delay = 0.00>
ST_8 : Operation 47 [1/1] (0.00ns)   --->   "%specmemcore_ln163 = specmemcore void @_ssdm_op_SpecMemCore, i16 %in_bufQ, i64 666, i64 22, i64 18446744073709551615, i1 0" [src/fft_1d.cpp:163]   --->   Operation 47 'specmemcore' 'specmemcore_ln163' <Predicate = true> <Delay = 0.00>
ST_8 : Operation 48 [1/1] (0.00ns)   --->   "%specmemcore_ln164 = specmemcore void @_ssdm_op_SpecMemCore, i16 %out_bufI, i64 666, i64 22, i64 18446744073709551615, i1 0" [src/fft_1d.cpp:164]   --->   Operation 48 'specmemcore' 'specmemcore_ln164' <Predicate = true> <Delay = 0.00>
ST_8 : Operation 49 [1/1] (0.00ns)   --->   "%specmemcore_ln165 = specmemcore void @_ssdm_op_SpecMemCore, i16 %out_bufQ, i64 666, i64 22, i64 18446744073709551615, i1 0" [src/fft_1d.cpp:165]   --->   Operation 49 'specmemcore' 'specmemcore_ln165' <Predicate = true> <Delay = 0.00>
ST_8 : Operation 50 [1/1] (0.00ns)   --->   "%specaxissidechannel_ln177 = specaxissidechannel void @_ssdm_op_SpecAXISSideChannel, i32 %out_stream_V_data_V, i4 %out_stream_V_keep_V, i4 %out_stream_V_strb_V, i1 %out_stream_V_user_V, i1 %out_stream_V_last_V, i1 %out_stream_V_id_V, i1 %out_stream_V_dest_V, void @empty_2" [src/fft_1d.cpp:177]   --->   Operation 50 'specaxissidechannel' 'specaxissidechannel_ln177' <Predicate = true> <Delay = 0.00>
ST_8 : Operation 51 [1/1] (0.00ns)   --->   "%specaxissidechannel_ln177 = specaxissidechannel void @_ssdm_op_SpecAXISSideChannel, i32 %in_stream_V_data_V, i4 %in_stream_V_keep_V, i4 %in_stream_V_strb_V, i1 %in_stream_V_user_V, i1 %in_stream_V_last_V, i1 %in_stream_V_id_V, i1 %in_stream_V_dest_V, void @empty_1" [src/fft_1d.cpp:177]   --->   Operation 51 'specaxissidechannel' 'specaxissidechannel_ln177' <Predicate = true> <Delay = 0.00>
ST_8 : Operation 52 [1/1] (0.00ns)   --->   "%ret_ln177 = ret" [src/fft_1d.cpp:177]   --->   Operation 52 'ret' 'ret_ln177' <Predicate = true> <Delay = 0.00>


============================================================
+ Verbose Summary: Binding
============================================================
STG Binding: 
---------------- STG Properties BEGIN ----------------
- Is combinational: 0
- Is one-state seq: 0
- Is datapath-only: 0
- Is pipelined: 0
- Is top level: 1
Port [ Return ] is wired: 1; IO mode=ap_ctrl_hs:ce=0
Port [ in_stream_V_data_V]:  wired=1; compound=1; hidden=0; nouse=0; global=0; static=0; extern=0; dir=0; type=0; pingpong=0; private_global=0; IO mode=axis:ce=0
Port [ in_stream_V_keep_V]:  wired=1; compound=1; hidden=0; nouse=0; global=0; static=0; extern=0; dir=0; type=0; pingpong=0; private_global=0; IO mode=axis:ce=0
Port [ in_stream_V_strb_V]:  wired=1; compound=1; hidden=0; nouse=0; global=0; static=0; extern=0; dir=0; type=0; pingpong=0; private_global=0; IO mode=axis:ce=0
Port [ in_stream_V_user_V]:  wired=1; compound=1; hidden=0; nouse=0; global=0; static=0; extern=0; dir=0; type=0; pingpong=0; private_global=0; IO mode=axis:ce=0
Port [ in_stream_V_last_V]:  wired=1; compound=1; hidden=0; nouse=0; global=0; static=0; extern=0; dir=0; type=0; pingpong=0; private_global=0; IO mode=axis:ce=0
Port [ in_stream_V_id_V]:  wired=1; compound=1; hidden=0; nouse=0; global=0; static=0; extern=0; dir=0; type=0; pingpong=0; private_global=0; IO mode=axis:ce=0
Port [ in_stream_V_dest_V]:  wired=1; compound=1; hidden=0; nouse=0; global=0; static=0; extern=0; dir=0; type=0; pingpong=0; private_global=0; IO mode=axis:ce=0
Port [ out_stream_V_data_V]:  wired=1; compound=1; hidden=0; nouse=0; global=0; static=0; extern=0; dir=1; type=0; pingpong=0; private_global=0; IO mode=axis:ce=0
Port [ out_stream_V_keep_V]:  wired=1; compound=1; hidden=0; nouse=0; global=0; static=0; extern=0; dir=1; type=0; pingpong=0; private_global=0; IO mode=axis:ce=0
Port [ out_stream_V_strb_V]:  wired=1; compound=1; hidden=0; nouse=0; global=0; static=0; extern=0; dir=1; type=0; pingpong=0; private_global=0; IO mode=axis:ce=0
Port [ out_stream_V_user_V]:  wired=1; compound=1; hidden=0; nouse=0; global=0; static=0; extern=0; dir=1; type=0; pingpong=0; private_global=0; IO mode=axis:ce=0
Port [ out_stream_V_last_V]:  wired=1; compound=1; hidden=0; nouse=0; global=0; static=0; extern=0; dir=1; type=0; pingpong=0; private_global=0; IO mode=axis:ce=0
Port [ out_stream_V_id_V]:  wired=1; compound=1; hidden=0; nouse=0; global=0; static=0; extern=0; dir=1; type=0; pingpong=0; private_global=0; IO mode=axis:ce=0
Port [ out_stream_V_dest_V]:  wired=1; compound=1; hidden=0; nouse=0; global=0; static=0; extern=0; dir=1; type=0; pingpong=0; private_global=0; IO mode=axis:ce=0
Port [ scaling_schedule]:  wired=1; compound=0; hidden=0; nouse=0; global=0; static=0; extern=0; dir=0; type=0; pingpong=0; private_global=0; IO mode=ap_none:ce=0
---------------- STG Properties END ------------------

---------------- Datapath Model BEGIN ----------------

<LifeTime>
<method=bitvector/>
scaling_schedule_c         (alloca              ) [ 001111111]
in_bufI                    (alloca              ) [ 001111111]
in_bufQ                    (alloca              ) [ 001111111]
out_bufI                   (alloca              ) [ 001111111]
out_bufQ                   (alloca              ) [ 001111111]
scaling_schedule_read      (read                ) [ 000000000]
call_ln171                 (call                ) [ 000000000]
call_ln172                 (call                ) [ 000000000]
call_ln175                 (call                ) [ 000000000]
call_ln176                 (call                ) [ 000000000]
empty                      (specchannel         ) [ 000000000]
specinterface_ln171        (specinterface       ) [ 000000000]
specdataflowpipeline_ln171 (specdataflowpipeline) [ 000000000]
spectopmodule_ln130        (spectopmodule       ) [ 000000000]
specinterface_ln0          (specinterface       ) [ 000000000]
specbitsmap_ln0            (specbitsmap         ) [ 000000000]
specbitsmap_ln0            (specbitsmap         ) [ 000000000]
specbitsmap_ln0            (specbitsmap         ) [ 000000000]
specbitsmap_ln0            (specbitsmap         ) [ 000000000]
specbitsmap_ln0            (specbitsmap         ) [ 000000000]
specbitsmap_ln0            (specbitsmap         ) [ 000000000]
specbitsmap_ln0            (specbitsmap         ) [ 000000000]
specinterface_ln0          (specinterface       ) [ 000000000]
specbitsmap_ln0            (specbitsmap         ) [ 000000000]
specbitsmap_ln0            (specbitsmap         ) [ 000000000]
specbitsmap_ln0            (specbitsmap         ) [ 000000000]
specbitsmap_ln0            (specbitsmap         ) [ 000000000]
specbitsmap_ln0            (specbitsmap         ) [ 000000000]
specbitsmap_ln0            (specbitsmap         ) [ 000000000]
specbitsmap_ln0            (specbitsmap         ) [ 000000000]
specbitsmap_ln0            (specbitsmap         ) [ 000000000]
specinterface_ln0          (specinterface       ) [ 000000000]
specinterface_ln0          (specinterface       ) [ 000000000]
specinterface_ln0          (specinterface       ) [ 000000000]
specmemcore_ln162          (specmemcore         ) [ 000000000]
specmemcore_ln163          (specmemcore         ) [ 000000000]
specmemcore_ln164          (specmemcore         ) [ 000000000]
specmemcore_ln165          (specmemcore         ) [ 000000000]
specaxissidechannel_ln177  (specaxissidechannel ) [ 000000000]
specaxissidechannel_ln177  (specaxissidechannel ) [ 000000000]
ret_ln177                  (ret                 ) [ 000000000]
</LifeTime>

<model>

<comp_list>
<comp id="0" class="1000" name="in_stream_V_data_V">
<pin_list>
<pin id="1" dir="1" index="0" bw="1" slack="0"/>
</pin_list>
<bind>
<StgValue><ssdm name="in_stream_V_data_V"/></StgValue>
</bind>
</comp>

<comp id="2" class="1000" name="in_stream_V_keep_V">
<pin_list>
<pin id="3" dir="1" index="0" bw="1" slack="0"/>
</pin_list>
<bind>
<StgValue><ssdm name="in_stream_V_keep_V"/></StgValue>
</bind>
</comp>

<comp id="4" class="1000" name="in_stream_V_strb_V">
<pin_list>
<pin id="5" dir="1" index="0" bw="1" slack="0"/>
</pin_list>
<bind>
<StgValue><ssdm name="in_stream_V_strb_V"/></StgValue>
</bind>
</comp>

<comp id="6" class="1000" name="in_stream_V_user_V">
<pin_list>
<pin id="7" dir="1" index="0" bw="1" slack="0"/>
</pin_list>
<bind>
<StgValue><ssdm name="in_stream_V_user_V"/></StgValue>
</bind>
</comp>

<comp id="8" class="1000" name="in_stream_V_last_V">
<pin_list>
<pin id="9" dir="1" index="0" bw="1" slack="0"/>
</pin_list>
<bind>
<StgValue><ssdm name="in_stream_V_last_V"/></StgValue>
</bind>
</comp>

<comp id="10" class="1000" name="in_stream_V_id_V">
<pin_list>
<pin id="11" dir="1" index="0" bw="1" slack="0"/>
</pin_list>
<bind>
<StgValue><ssdm name="in_stream_V_id_V"/></StgValue>
</bind>
</comp>

<comp id="12" class="1000" name="in_stream_V_dest_V">
<pin_list>
<pin id="13" dir="1" index="0" bw="1" slack="0"/>
</pin_list>
<bind>
<StgValue><ssdm name="in_stream_V_dest_V"/></StgValue>
</bind>
</comp>

<comp id="14" class="1000" name="out_stream_V_data_V">
<pin_list>
<pin id="15" dir="1" index="0" bw="1" slack="0"/>
</pin_list>
<bind>
<StgValue><ssdm name="out_stream_V_data_V"/></StgValue>
</bind>
</comp>

<comp id="16" class="1000" name="out_stream_V_keep_V">
<pin_list>
<pin id="17" dir="1" index="0" bw="1" slack="0"/>
</pin_list>
<bind>
<StgValue><ssdm name="out_stream_V_keep_V"/></StgValue>
</bind>
</comp>

<comp id="18" class="1000" name="out_stream_V_strb_V">
<pin_list>
<pin id="19" dir="1" index="0" bw="1" slack="0"/>
</pin_list>
<bind>
<StgValue><ssdm name="out_stream_V_strb_V"/></StgValue>
</bind>
</comp>

<comp id="20" class="1000" name="out_stream_V_user_V">
<pin_list>
<pin id="21" dir="1" index="0" bw="1" slack="0"/>
</pin_list>
<bind>
<StgValue><ssdm name="out_stream_V_user_V"/></StgValue>
</bind>
</comp>

<comp id="22" class="1000" name="out_stream_V_last_V">
<pin_list>
<pin id="23" dir="1" index="0" bw="1" slack="0"/>
</pin_list>
<bind>
<StgValue><ssdm name="out_stream_V_last_V"/></StgValue>
</bind>
</comp>

<comp id="24" class="1000" name="out_stream_V_id_V">
<pin_list>
<pin id="25" dir="1" index="0" bw="1" slack="0"/>
</pin_list>
<bind>
<StgValue><ssdm name="out_stream_V_id_V"/></StgValue>
</bind>
</comp>

<comp id="26" class="1000" name="out_stream_V_dest_V">
<pin_list>
<pin id="27" dir="1" index="0" bw="1" slack="0"/>
</pin_list>
<bind>
<StgValue><ssdm name="out_stream_V_dest_V"/></StgValue>
</bind>
</comp>

<comp id="28" class="1000" name="scaling_schedule">
<pin_list>
<pin id="29" dir="1" index="0" bw="1" slack="0"/>
</pin_list>
<bind>
<StgValue><ssdm name="scaling_schedule"/></StgValue>
</bind>
</comp>

<comp id="30" class="1001" name="const_30">
<pin_list>
<pin id="31" dir="1" index="0" bw="1" slack="0"/>
</pin_list>
<bind>
<StgValue><ssdm name=""/></StgValue>
</bind>
</comp>

<comp id="32" class="1001" name="const_32">
<pin_list>
<pin id="33" dir="1" index="0" bw="1" slack="0"/>
</pin_list>
<bind>
<StgValue><ssdm name="Block_entry_in_bufI_wr_proc"/></StgValue>
</bind>
</comp>

<comp id="34" class="1001" name="const_34">
<pin_list>
<pin id="35" dir="1" index="0" bw="1" slack="0"/>
</pin_list>
<bind>
<StgValue><ssdm name="_ssdm_op_Read.s_axilite.i32"/></StgValue>
</bind>
</comp>

<comp id="36" class="1001" name="const_36">
<pin_list>
<pin id="37" dir="1" index="0" bw="1" slack="0"/>
</pin_list>
<bind>
<StgValue><ssdm name="entry_proc"/></StgValue>
</bind>
</comp>

<comp id="38" class="1001" name="const_38">
<pin_list>
<pin id="39" dir="1" index="0" bw="1" slack="0"/>
</pin_list>
<bind>
<StgValue><ssdm name="stage_process_fft_real"/></StgValue>
</bind>
</comp>

<comp id="40" class="1001" name="const_40">
<pin_list>
<pin id="41" dir="1" index="0" bw="1" slack="0"/>
</pin_list>
<bind>
<StgValue><ssdm name="stage_write_output"/></StgValue>
</bind>
</comp>

<comp id="42" class="1001" name="const_42">
<pin_list>
<pin id="43" dir="1" index="0" bw="1" slack="2147483647"/>
</pin_list>
<bind>
<StgValue><ssdm name="_ssdm_op_SpecChannel"/></StgValue>
</bind>
</comp>

<comp id="44" class="1001" name="const_44">
<pin_list>
<pin id="45" dir="1" index="0" bw="1" slack="2147483647"/>
</pin_list>
<bind>
<StgValue><ssdm name="scaling_schedule_c_str"/></StgValue>
</bind>
</comp>

<comp id="46" class="1001" name="const_46">
<pin_list>
<pin id="47" dir="1" index="0" bw="1" slack="2147483647"/>
</pin_list>
<bind>
<StgValue><ssdm name=""/></StgValue>
</bind>
</comp>

<comp id="48" class="1001" name="const_48">
<pin_list>
<pin id="49" dir="1" index="0" bw="1" slack="2147483647"/>
</pin_list>
<bind>
<StgValue><ssdm name="p_str"/></StgValue>
</bind>
</comp>

<comp id="50" class="1001" name="const_50">
<pin_list>
<pin id="51" dir="1" index="0" bw="1" slack="2147483647"/>
</pin_list>
<bind>
<StgValue><ssdm name=""/></StgValue>
</bind>
</comp>

<comp id="52" class="1001" name="const_52">
<pin_list>
<pin id="53" dir="1" index="0" bw="1" slack="2147483647"/>
</pin_list>
<bind>
<StgValue><ssdm name=""/></StgValue>
</bind>
</comp>

<comp id="54" class="1001" name="const_54">
<pin_list>
<pin id="55" dir="1" index="0" bw="1" slack="2147483647"/>
</pin_list>
<bind>
<StgValue><ssdm name="_ssdm_op_SpecInterface"/></StgValue>
</bind>
</comp>

<comp id="56" class="1001" name="const_56">
<pin_list>
<pin id="57" dir="1" index="0" bw="1" slack="2147483647"/>
</pin_list>
<bind>
<StgValue><ssdm name="ap_fifo_str"/></StgValue>
</bind>
</comp>

<comp id="58" class="1001" name="const_58">
<pin_list>
<pin id="59" dir="1" index="0" bw="1" slack="2147483647"/>
</pin_list>
<bind>
<StgValue><ssdm name=""/></StgValue>
</bind>
</comp>

<comp id="60" class="1001" name="const_60">
<pin_list>
<pin id="61" dir="1" index="0" bw="1" slack="2147483647"/>
</pin_list>
<bind>
<StgValue><ssdm name=""/></StgValue>
</bind>
</comp>

<comp id="62" class="1001" name="const_62">
<pin_list>
<pin id="63" dir="1" index="0" bw="1" slack="2147483647"/>
</pin_list>
<bind>
<StgValue><ssdm name=""/></StgValue>
</bind>
</comp>

<comp id="64" class="1001" name="const_64">
<pin_list>
<pin id="65" dir="1" index="0" bw="1" slack="2147483647"/>
</pin_list>
<bind>
<StgValue><ssdm name="_ssdm_op_SpecDataflowPipeline"/></StgValue>
</bind>
</comp>

<comp id="66" class="1001" name="const_66">
<pin_list>
<pin id="67" dir="1" index="0" bw="1" slack="2147483647"/>
</pin_list>
<bind>
<StgValue><ssdm name="empty_9"/></StgValue>
</bind>
</comp>

<comp id="68" class="1001" name="const_68">
<pin_list>
<pin id="69" dir="1" index="0" bw="1" slack="2147483647"/>
</pin_list>
<bind>
<StgValue><ssdm name="_ssdm_op_SpecTopModule"/></StgValue>
</bind>
</comp>

<comp id="70" class="1001" name="const_70">
<pin_list>
<pin id="71" dir="1" index="0" bw="1" slack="2147483647"/>
</pin_list>
<bind>
<StgValue><ssdm name="empty_3"/></StgValue>
</bind>
</comp>

<comp id="72" class="1001" name="const_72">
<pin_list>
<pin id="73" dir="1" index="0" bw="1" slack="2147483647"/>
</pin_list>
<bind>
<StgValue><ssdm name="empty_6"/></StgValue>
</bind>
</comp>

<comp id="74" class="1001" name="const_74">
<pin_list>
<pin id="75" dir="1" index="0" bw="1" slack="2147483647"/>
</pin_list>
<bind>
<StgValue><ssdm name="empty_7"/></StgValue>
</bind>
</comp>

<comp id="76" class="1001" name="const_76">
<pin_list>
<pin id="77" dir="1" index="0" bw="1" slack="2147483647"/>
</pin_list>
<bind>
<StgValue><ssdm name="_ssdm_op_SpecBitsMap"/></StgValue>
</bind>
</comp>

<comp id="78" class="1001" name="const_78">
<pin_list>
<pin id="79" dir="1" index="0" bw="1" slack="2147483647"/>
</pin_list>
<bind>
<StgValue><ssdm name="empty_8"/></StgValue>
</bind>
</comp>

<comp id="80" class="1001" name="const_80">
<pin_list>
<pin id="81" dir="1" index="0" bw="1" slack="2147483647"/>
</pin_list>
<bind>
<StgValue><ssdm name="empty_10"/></StgValue>
</bind>
</comp>

<comp id="82" class="1001" name="const_82">
<pin_list>
<pin id="83" dir="1" index="0" bw="1" slack="2147483647"/>
</pin_list>
<bind>
<StgValue><ssdm name="empty_5"/></StgValue>
</bind>
</comp>

<comp id="84" class="1001" name="const_84">
<pin_list>
<pin id="85" dir="1" index="0" bw="1" slack="2147483647"/>
</pin_list>
<bind>
<StgValue><ssdm name="empty_4"/></StgValue>
</bind>
</comp>

<comp id="86" class="1001" name="const_86">
<pin_list>
<pin id="87" dir="1" index="0" bw="1" slack="2147483647"/>
</pin_list>
<bind>
<StgValue><ssdm name="_ssdm_op_SpecMemCore"/></StgValue>
</bind>
</comp>

<comp id="88" class="1001" name="const_88">
<pin_list>
<pin id="89" dir="1" index="0" bw="1" slack="2147483647"/>
</pin_list>
<bind>
<StgValue><ssdm name=""/></StgValue>
</bind>
</comp>

<comp id="90" class="1001" name="const_90">
<pin_list>
<pin id="91" dir="1" index="0" bw="1" slack="2147483647"/>
</pin_list>
<bind>
<StgValue><ssdm name=""/></StgValue>
</bind>
</comp>

<comp id="92" class="1001" name="const_92">
<pin_list>
<pin id="93" dir="1" index="0" bw="1" slack="2147483647"/>
</pin_list>
<bind>
<StgValue><ssdm name=""/></StgValue>
</bind>
</comp>

<comp id="94" class="1001" name="const_94">
<pin_list>
<pin id="95" dir="1" index="0" bw="1" slack="2147483647"/>
</pin_list>
<bind>
<StgValue><ssdm name=""/></StgValue>
</bind>
</comp>

<comp id="96" class="1001" name="const_96">
<pin_list>
<pin id="97" dir="1" index="0" bw="1" slack="2147483647"/>
</pin_list>
<bind>
<StgValue><ssdm name="_ssdm_op_SpecAXISSideChannel"/></StgValue>
</bind>
</comp>

<comp id="98" class="1001" name="const_98">
<pin_list>
<pin id="99" dir="1" index="0" bw="1" slack="2147483647"/>
</pin_list>
<bind>
<StgValue><ssdm name="empty_2"/></StgValue>
</bind>
</comp>

<comp id="100" class="1001" name="const_100">
<pin_list>
<pin id="101" dir="1" index="0" bw="1" slack="2147483647"/>
</pin_list>
<bind>
<StgValue><ssdm name="empty_1"/></StgValue>
</bind>
</comp>

<comp id="102" class="1004" name="scaling_schedule_c_fu_102">
<pin_list>
<pin id="103" dir="0" index="0" bw="1" slack="0"/>
<pin id="104" dir="1" index="1" bw="32" slack="2"/>
</pin_list>
<bind>
<opcode="alloca(26) " fcode="alloca"/>
<opset="scaling_schedule_c/1 "/>
</bind>
</comp>

<comp id="106" class="1004" name="in_bufI_alloca_fu_106">
<pin_list>
<pin id="107" dir="0" index="0" bw="1" slack="0"/>
<pin id="108" dir="1" index="1" bw="16" slack="2147483647"/>
</pin_list>
<bind>
<opcode="alloca(26) " fcode="alloca"/>
<opset="in_bufI/1 "/>
</bind>
</comp>

<comp id="110" class="1004" name="in_bufQ_alloca_fu_110">
<pin_list>
<pin id="111" dir="0" index="0" bw="1" slack="0"/>
<pin id="112" dir="1" index="1" bw="16" slack="2147483647"/>
</pin_list>
<bind>
<opcode="alloca(26) " fcode="alloca"/>
<opset="in_bufQ/1 "/>
</bind>
</comp>

<comp id="114" class="1004" name="out_bufI_alloca_fu_114">
<pin_list>
<pin id="115" dir="0" index="0" bw="1" slack="0"/>
<pin id="116" dir="1" index="1" bw="16" slack="2147483647"/>
</pin_list>
<bind>
<opcode="alloca(26) " fcode="alloca"/>
<opset="out_bufI/1 "/>
</bind>
</comp>

<comp id="118" class="1004" name="out_bufQ_alloca_fu_118">
<pin_list>
<pin id="119" dir="0" index="0" bw="1" slack="0"/>
<pin id="120" dir="1" index="1" bw="16" slack="2147483647"/>
</pin_list>
<bind>
<opcode="alloca(26) " fcode="alloca"/>
<opset="out_bufQ/1 "/>
</bind>
</comp>

<comp id="122" class="1004" name="scaling_schedule_read_read_fu_122">
<pin_list>
<pin id="123" dir="0" index="0" bw="32" slack="0"/>
<pin id="124" dir="0" index="1" bw="32" slack="0"/>
<pin id="125" dir="1" index="2" bw="32" slack="0"/>
</pin_list>
<bind>
<opcode="read(1150) " fcode="read"/>
<opset="scaling_schedule_read/3 "/>
</bind>
</comp>

<comp id="128" class="1004" name="grp_Block_entry_in_bufI_wr_proc_fu_128">
<pin_list>
<pin id="129" dir="0" index="0" bw="0" slack="0"/>
<pin id="130" dir="0" index="1" bw="32" slack="0"/>
<pin id="131" dir="0" index="2" bw="4" slack="0"/>
<pin id="132" dir="0" index="3" bw="4" slack="0"/>
<pin id="133" dir="0" index="4" bw="1" slack="0"/>
<pin id="134" dir="0" index="5" bw="1" slack="0"/>
<pin id="135" dir="0" index="6" bw="1" slack="0"/>
<pin id="136" dir="0" index="7" bw="1" slack="0"/>
<pin id="137" dir="0" index="8" bw="16" slack="2147483647"/>
<pin id="138" dir="0" index="9" bw="16" slack="2147483647"/>
<pin id="139" dir="1" index="10" bw="0" slack="2147483647"/>
</pin_list>
<bind>
<opcode="call(48) " fcode="call"/>
<opset="call_ln172/2 "/>
</bind>
</comp>

<comp id="148" class="1004" name="call_ln171_entry_proc_fu_148">
<pin_list>
<pin id="149" dir="0" index="0" bw="0" slack="0"/>
<pin id="150" dir="0" index="1" bw="32" slack="0"/>
<pin id="151" dir="0" index="2" bw="32" slack="2"/>
<pin id="152" dir="1" index="3" bw="0" slack="2147483647"/>
</pin_list>
<bind>
<opcode="call(48) " fcode="call"/>
<opset="call_ln171/3 "/>
</bind>
</comp>

<comp id="155" class="1004" name="grp_stage_process_fft_real_fu_155">
<pin_list>
<pin id="156" dir="0" index="0" bw="0" slack="0"/>
<pin id="157" dir="0" index="1" bw="32" slack="3"/>
<pin id="158" dir="0" index="2" bw="16" slack="2147483647"/>
<pin id="159" dir="0" index="3" bw="16" slack="2147483647"/>
<pin id="160" dir="0" index="4" bw="16" slack="2147483647"/>
<pin id="161" dir="0" index="5" bw="16" slack="2147483647"/>
<pin id="162" dir="1" index="6" bw="0" slack="2147483647"/>
</pin_list>
<bind>
<opcode="call(48) " fcode="call"/>
<opset="call_ln175/4 "/>
</bind>
</comp>

<comp id="164" class="1004" name="grp_stage_write_output_fu_164">
<pin_list>
<pin id="165" dir="0" index="0" bw="0" slack="0"/>
<pin id="166" dir="0" index="1" bw="16" slack="2147483647"/>
<pin id="167" dir="0" index="2" bw="16" slack="2147483647"/>
<pin id="168" dir="0" index="3" bw="32" slack="0"/>
<pin id="169" dir="0" index="4" bw="4" slack="0"/>
<pin id="170" dir="0" index="5" bw="4" slack="0"/>
<pin id="171" dir="0" index="6" bw="1" slack="0"/>
<pin id="172" dir="0" index="7" bw="1" slack="0"/>
<pin id="173" dir="0" index="8" bw="1" slack="0"/>
<pin id="174" dir="0" index="9" bw="1" slack="0"/>
<pin id="175" dir="1" index="10" bw="0" slack="2147483647"/>
</pin_list>
<bind>
<opcode="call(48) " fcode="call"/>
<opset="call_ln176/6 "/>
</bind>
</comp>

<comp id="184" class="1005" name="scaling_schedule_c_reg_184">
<pin_list>
<pin id="185" dir="0" index="0" bw="32" slack="2"/>
<pin id="186" dir="1" index="1" bw="32" slack="2"/>
</pin_list>
<bind>
<opset="scaling_schedule_c "/>
</bind>
</comp>

</comp_list>

<net_list>
<net id="105"><net_src comp="30" pin="0"/><net_sink comp="102" pin=0"/></net>

<net id="109"><net_src comp="30" pin="0"/><net_sink comp="106" pin=0"/></net>

<net id="113"><net_src comp="30" pin="0"/><net_sink comp="110" pin=0"/></net>

<net id="117"><net_src comp="30" pin="0"/><net_sink comp="114" pin=0"/></net>

<net id="121"><net_src comp="30" pin="0"/><net_sink comp="118" pin=0"/></net>

<net id="126"><net_src comp="34" pin="0"/><net_sink comp="122" pin=0"/></net>

<net id="127"><net_src comp="28" pin="0"/><net_sink comp="122" pin=1"/></net>

<net id="140"><net_src comp="32" pin="0"/><net_sink comp="128" pin=0"/></net>

<net id="141"><net_src comp="0" pin="0"/><net_sink comp="128" pin=1"/></net>

<net id="142"><net_src comp="2" pin="0"/><net_sink comp="128" pin=2"/></net>

<net id="143"><net_src comp="4" pin="0"/><net_sink comp="128" pin=3"/></net>

<net id="144"><net_src comp="6" pin="0"/><net_sink comp="128" pin=4"/></net>

<net id="145"><net_src comp="8" pin="0"/><net_sink comp="128" pin=5"/></net>

<net id="146"><net_src comp="10" pin="0"/><net_sink comp="128" pin=6"/></net>

<net id="147"><net_src comp="12" pin="0"/><net_sink comp="128" pin=7"/></net>

<net id="153"><net_src comp="36" pin="0"/><net_sink comp="148" pin=0"/></net>

<net id="154"><net_src comp="122" pin="2"/><net_sink comp="148" pin=1"/></net>

<net id="163"><net_src comp="38" pin="0"/><net_sink comp="155" pin=0"/></net>

<net id="176"><net_src comp="40" pin="0"/><net_sink comp="164" pin=0"/></net>

<net id="177"><net_src comp="14" pin="0"/><net_sink comp="164" pin=3"/></net>

<net id="178"><net_src comp="16" pin="0"/><net_sink comp="164" pin=4"/></net>

<net id="179"><net_src comp="18" pin="0"/><net_sink comp="164" pin=5"/></net>

<net id="180"><net_src comp="20" pin="0"/><net_sink comp="164" pin=6"/></net>

<net id="181"><net_src comp="22" pin="0"/><net_sink comp="164" pin=7"/></net>

<net id="182"><net_src comp="24" pin="0"/><net_sink comp="164" pin=8"/></net>

<net id="183"><net_src comp="26" pin="0"/><net_sink comp="164" pin=9"/></net>

<net id="187"><net_src comp="102" pin="1"/><net_sink comp="184" pin=0"/></net>

<net id="188"><net_src comp="184" pin="1"/><net_sink comp="148" pin=2"/></net>

<net id="189"><net_src comp="184" pin="1"/><net_sink comp="155" pin=1"/></net>

</net_list>

</model> 
---------------- Datapath Model END ------------------

* FSMD analyzer results:
  - Output states:
	Port: out_stream_V_data_V | {6 7 }
	Port: out_stream_V_keep_V | {6 7 }
	Port: out_stream_V_strb_V | {6 7 }
	Port: out_stream_V_user_V | {6 7 }
	Port: out_stream_V_last_V | {6 7 }
	Port: out_stream_V_id_V | {6 7 }
	Port: out_stream_V_dest_V | {6 7 }
 - Input state : 
	Port: fft_1d_top : in_stream_V_data_V | {2 3 }
	Port: fft_1d_top : in_stream_V_keep_V | {2 3 }
	Port: fft_1d_top : in_stream_V_strb_V | {2 3 }
	Port: fft_1d_top : in_stream_V_user_V | {2 3 }
	Port: fft_1d_top : in_stream_V_last_V | {2 3 }
	Port: fft_1d_top : in_stream_V_id_V | {2 3 }
	Port: fft_1d_top : in_stream_V_dest_V | {2 3 }
	Port: fft_1d_top : scaling_schedule | {3 }
  - Chain level:
	State 1
	State 2
	State 3
	State 4
	State 5
	State 6
	State 7
	State 8


============================================================
+ Verbose Summary: Datapath Resource usage 
============================================================

* Functional unit list:
|----------|----------------------------------------|---------|---------|---------|---------|---------|
| Operation|             Functional Unit            |   BRAM  |   DSP   |  Delay  |    FF   |   LUT   |
|----------|----------------------------------------|---------|---------|---------|---------|---------|
|          | grp_Block_entry_in_bufI_wr_proc_fu_128 |    0    |    0    |    0    |    44   |    44   |
|   call   |      call_ln171_entry_proc_fu_148      |    0    |    0    |    0    |    0    |    0    |
|          |    grp_stage_process_fft_real_fu_155   |    3    |    12   |  2.596  |  10082  |   7897  |
|          |      grp_stage_write_output_fu_164     |    0    |    0    |  3.894  |    63   |    47   |
|----------|----------------------------------------|---------|---------|---------|---------|---------|
|   read   |    scaling_schedule_read_read_fu_122   |    0    |    0    |    0    |    0    |    0    |
|----------|----------------------------------------|---------|---------|---------|---------|---------|
|   Total  |                                        |    3    |    12   |   6.49  |  10189  |   7988  |
|----------|----------------------------------------|---------|---------|---------|---------|---------|

Memories:
+--------+--------+--------+--------+
|        |  BRAM  |   FF   |   LUT  |
+--------+--------+--------+--------+
| in_bufI|    2   |    0   |    0   |
| in_bufQ|    2   |    0   |    0   |
|out_bufI|    2   |    0   |    0   |
|out_bufQ|    2   |    0   |    0   |
+--------+--------+--------+--------+
|  Total |    8   |    0   |    0   |
+--------+--------+--------+--------+

* Register list:
+--------------------------+--------+
|                          |   FF   |
+--------------------------+--------+
|scaling_schedule_c_reg_184|   32   |
+--------------------------+--------+
|           Total          |   32   |
+--------------------------+--------+

* Multiplexer (MUX) list: 
|--------|------|------|------|--------|
|  Comp  |  Pin | Size |  BW  | S x BW |
|--------|------|------|------|--------|
|  Total |      |      |      |    0   |
|--------|------|------|------|--------|



* Summary:
+-----------+--------+--------+--------+--------+--------+
|           |  BRAM  |   DSP  |  Delay |   FF   |   LUT  |
+-----------+--------+--------+--------+--------+--------+
|  Function |    3   |   12   |    6   |  10189 |  7988  |
|   Memory  |    8   |    -   |    -   |    0   |    0   |
|Multiplexer|    -   |    -   |    -   |    -   |    -   |
|  Register |    -   |    -   |    -   |   32   |    -   |
+-----------+--------+--------+--------+--------+--------+
|   Total   |   11   |   12   |    6   |  10221 |  7988  |
+-----------+--------+--------+--------+--------+--------+
