

================================================================
== Vitis HLS Report for 'stage_process_fft_real_Pipeline_drain_loop'
================================================================
* Date:           Tue Apr 28 16:25:27 2026

* Version:        2025.2 (Build 6295257 on Nov 14 2025)
* Project:        zenith_fft_1d_prj
* Solution:       solution1 (Vivado IP Flow Target)
* Product family: zynq
* Target device:  xc7z020-clg400-2


================================================================
== Performance Estimates
================================================================
+ Timing: 
    * Summary: 
    +--------+---------+----------+------------+
    |  Clock |  Target | Estimated| Uncertainty|
    +--------+---------+----------+------------+
    |ap_clk  |  6.67 ns|  4.078 ns|     1.80 ns|
    +--------+---------+----------+------------+

+ Latency: 
    * Summary: 
    +---------+---------+----------+----------+-----+-----+-------------------+
    |  Latency (cycles) |  Latency (absolute) |  Interval |      Pipeline     |
    |   min   |   max   |    min   |    max   | min | max |        Type       |
    +---------+---------+----------+----------+-----+-----+-------------------+
    |     1027|     1027|  6.850 us|  6.850 us|    0|    0|  loop pipeline stp|
    +---------+---------+----------+----------+-----+-----+-------------------+

    + Detail: 
        * Instance: 
        N/A

        * Loop: 
        +--------------+---------+---------+----------+-----------+-----------+------+----------+
        |              |  Latency (cycles) | Iteration|  Initiation Interval  | Trip |          |
        |   Loop Name  |   min   |   max   |  Latency |  achieved |   target  | Count| Pipelined|
        +--------------+---------+---------+----------+-----------+-----------+------+----------+
        |- drain_loop  |     1025|     1025|         3|          1|          1|  1024|       yes|
        +--------------+---------+---------+----------+-----------+-----------+------+----------+

============================================================
+ Verbose Summary: Synthesis Manager
============================================================
InlineROM: 1
ExposeGlobal: 0
============================================================
+ Verbose Summary: CDFG Model
============================================================
IsTopModel: 0
ResetActiveHigh: 1
IsCombinational: 0
IsDatapathOnly: 0
HasWiredReturn: 1
HasMFsm: 2
HasVarLatency: 1
IsPipeline: 0
IsRtlPipelined: 0
IsInstanceOverlapped: 0
IsDontTouch: 0
HasImplIP: 0
IsGatedGlobalClock: 0

+ Individual pipeline summary: 
  * Pipeline-0: initiation interval (II) = 1, depth = 3


============================================================
+ Verbose Summary: Schedule
============================================================
* Number of FSM states : 3
* Pipeline : 1
  Pipeline-0 : II = 1, D = 3, States = { 1 2 3 }
* Dataflow Pipeline: 0

* FSM state transitions: 
1 --> 2 
2 --> 3 
3 --> 

* FSM state operations: 

State 1 <SV = 0> <Delay = 4.07>
ST_1 : Operation 6 [1/1] (0.00ns)   --->   "%i_1 = alloca i32 1" [src/fft_1d_hls.cpp:154->src/fft_1d.cpp:175]   --->   Operation 6 'alloca' 'i_1' <Predicate = true> <Delay = 0.00>
ST_1 : Operation 7 [1/1] (0.00ns)   --->   "%specmemcore_ln0 = specmemcore void @_ssdm_op_SpecMemCore, i16 %out_bufI, i64 666, i64 22, i64 18446744073709551615, i1 0"   --->   Operation 7 'specmemcore' 'specmemcore_ln0' <Predicate = true> <Delay = 0.00>
ST_1 : Operation 8 [1/1] (0.00ns)   --->   "%specmemcore_ln0 = specmemcore void @_ssdm_op_SpecMemCore, i16 %out_bufQ, i64 666, i64 22, i64 18446744073709551615, i1 0"   --->   Operation 8 'specmemcore' 'specmemcore_ln0' <Predicate = true> <Delay = 0.00>
ST_1 : Operation 9 [1/1] (0.00ns)   --->   "%specinterface_ln0 = specinterface void @_ssdm_op_SpecInterface, i32 %fft_out_stream, void @empty_0, i32 0, i32 0, void @empty_9, i32 0, i32 0, void @empty_9, void @empty_9, void @empty_9, i32 0, i32 0, i32 0, i32 0, void @empty_9, void @empty_9, i32 4294967295, i32 0, i32 0, i32 0"   --->   Operation 9 'specinterface' 'specinterface_ln0' <Predicate = true> <Delay = 0.00>
ST_1 : Operation 10 [1/1] (1.29ns)   --->   "%store_ln154 = store i11 0, i11 %i_1" [src/fft_1d_hls.cpp:154->src/fft_1d.cpp:175]   --->   Operation 10 'store' 'store_ln154' <Predicate = true> <Delay = 1.29>
ST_1 : Operation 11 [1/1] (0.00ns)   --->   "%br_ln154 = br void %for.inc22.i" [src/fft_1d_hls.cpp:154->src/fft_1d.cpp:175]   --->   Operation 11 'br' 'br_ln154' <Predicate = true> <Delay = 0.00>
ST_1 : Operation 12 [1/1] (0.00ns)   --->   "%i = load i11 %i_1" [src/fft_1d_hls.cpp:154->src/fft_1d.cpp:175]   --->   Operation 12 'load' 'i' <Predicate = true> <Delay = 0.00>
ST_1 : Operation 13 [1/1] (1.48ns)   --->   "%icmp_ln154 = icmp_eq  i11 %i, i11 1024" [src/fft_1d_hls.cpp:154->src/fft_1d.cpp:175]   --->   Operation 13 'icmp' 'icmp_ln154' <Predicate = true> <Delay = 1.48> <CoreInst = "Cmp">   --->   Core 9 'Cmp' <Latency = 0> <II = 1> <Delay = 1.48> <FuncUnit> <Opcode : 'seteq' 'setne' 'setle' 'setge' 'setlt' 'setgt'> <InPorts = 2> <OutPorts = 1>
ST_1 : Operation 14 [1/1] (1.48ns)   --->   "%add_ln154 = add i11 %i, i11 1" [src/fft_1d_hls.cpp:154->src/fft_1d.cpp:175]   --->   Operation 14 'add' 'add_ln154' <Predicate = true> <Delay = 1.48> <CoreInst = "Adder">   --->   Core 1 'Adder' <Latency = 0> <II = 1> <Delay = 1.48> <FuncUnit> <Opcode : 'add' 'sub'> <InPorts = 2> <OutPorts = 1>
ST_1 : Operation 15 [1/1] (0.00ns)   --->   "%br_ln154 = br i1 %icmp_ln154, void %for.inc22.split.i, void %_Z22stage_process_fft_realP6ap_intILi16EES1_S1_S1_7ap_uintILi16EE.1.exit.exitStub" [src/fft_1d_hls.cpp:154->src/fft_1d.cpp:175]   --->   Operation 15 'br' 'br_ln154' <Predicate = true> <Delay = 0.00>
ST_1 : Operation 16 [1/1] (1.29ns)   --->   "%store_ln154 = store i11 %add_ln154, i11 %i_1" [src/fft_1d_hls.cpp:154->src/fft_1d.cpp:175]   --->   Operation 16 'store' 'store_ln154' <Predicate = (!icmp_ln154)> <Delay = 1.29>

State 2 <SV = 1> <Delay = 2.43>
ST_2 : Operation 17 [1/1] ( I:2.43ns O:2.43ns )   --->   "%fft_out_stream_read = read i32 @_ssdm_op_Read.ap_fifo.volatile.i32P0A, i32 %fft_out_stream" [src/fft_1d_hls.cpp:162->src/fft_1d.cpp:175]   --->   Operation 17 'read' 'fft_out_stream_read' <Predicate = true> <Delay = 2.43> <CoreInst = "FIFO">   --->   Core 77 'FIFO' <Latency = 0> <II = 1> <Delay = 3.41> <Storage> <Opcode : 'read' 'write' 'nbread' 'nbwrite'> <Ports = 0> <Width = 32> <Depth = 1024> <FIFO>
ST_2 : Operation 18 [1/1] (0.00ns)   --->   "%trunc_ln162 = trunc i32 %fft_out_stream_read" [src/fft_1d_hls.cpp:162->src/fft_1d.cpp:175]   --->   Operation 18 'trunc' 'trunc_ln162' <Predicate = true> <Delay = 0.00>
ST_2 : Operation 19 [1/1] (0.00ns)   --->   "%trunc_ln162_1 = partselect i16 @_ssdm_op_PartSelect.i16.i32.i32.i32, i32 %fft_out_stream_read, i32 16, i32 31" [src/fft_1d_hls.cpp:162->src/fft_1d.cpp:175]   --->   Operation 19 'partselect' 'trunc_ln162_1' <Predicate = true> <Delay = 0.00>
ST_2 : Operation 29 [1/1] (1.29ns)   --->   "%ret_ln0 = ret"   --->   Operation 29 'ret' 'ret_ln0' <Predicate = (icmp_ln154)> <Delay = 1.29>

State 3 <SV = 2> <Delay = 2.77>
ST_3 : Operation 20 [1/1] (0.00ns)   --->   "%zext_ln154 = zext i11 %i" [src/fft_1d_hls.cpp:154->src/fft_1d.cpp:175]   --->   Operation 20 'zext' 'zext_ln154' <Predicate = true> <Delay = 0.00>
ST_3 : Operation 21 [1/1] (0.00ns)   --->   "%specpipeline_ln155 = specpipeline void @_ssdm_op_SpecPipeline, i32 1, i32 0, i32 0, i32 0, i32 4294967295, void @empty_9" [src/fft_1d_hls.cpp:155->src/fft_1d.cpp:175]   --->   Operation 21 'specpipeline' 'specpipeline_ln155' <Predicate = true> <Delay = 0.00>
ST_3 : Operation 22 [1/1] (0.00ns)   --->   "%speclooptripcount_ln154 = speclooptripcount void @_ssdm_op_SpecLoopTripCount, i64 1024, i64 1024, i64 1024" [src/fft_1d_hls.cpp:154->src/fft_1d.cpp:175]   --->   Operation 22 'speclooptripcount' 'speclooptripcount_ln154' <Predicate = true> <Delay = 0.00>
ST_3 : Operation 23 [1/1] (0.00ns)   --->   "%specloopname_ln154 = specloopname void @_ssdm_op_SpecLoopName, void @empty_12" [src/fft_1d_hls.cpp:154->src/fft_1d.cpp:175]   --->   Operation 23 'specloopname' 'specloopname_ln154' <Predicate = true> <Delay = 0.00>
ST_3 : Operation 24 [1/1] (0.00ns)   --->   "%out_bufI_addr = getelementptr i16 %out_bufI, i64 0, i64 %zext_ln154" [src/fft_1d_hls.cpp:165->src/fft_1d.cpp:175]   --->   Operation 24 'getelementptr' 'out_bufI_addr' <Predicate = true> <Delay = 0.00>
ST_3 : Operation 25 [1/1] ( I:2.77ns O:2.77ns )   --->   "%store_ln165 = store i16 %trunc_ln162, i10 %out_bufI_addr" [src/fft_1d_hls.cpp:165->src/fft_1d.cpp:175]   --->   Operation 25 'store' 'store_ln165' <Predicate = true> <Delay = 2.77> <CoreInst = "RAM_2P_BRAM">   --->   Core 90 'RAM_2P_BRAM' <Latency = 1> <II = 1> <Delay = 2.77> <Storage> <Opcode : 'load' 'store'> <Ports = 2> <Width = 16> <Depth = 1024> <RAM>
ST_3 : Operation 26 [1/1] (0.00ns)   --->   "%out_bufQ_addr = getelementptr i16 %out_bufQ, i64 0, i64 %zext_ln154" [src/fft_1d_hls.cpp:166->src/fft_1d.cpp:175]   --->   Operation 26 'getelementptr' 'out_bufQ_addr' <Predicate = true> <Delay = 0.00>
ST_3 : Operation 27 [1/1] ( I:2.77ns O:2.77ns )   --->   "%store_ln166 = store i16 %trunc_ln162_1, i10 %out_bufQ_addr" [src/fft_1d_hls.cpp:166->src/fft_1d.cpp:175]   --->   Operation 27 'store' 'store_ln166' <Predicate = true> <Delay = 2.77> <CoreInst = "RAM_2P_BRAM">   --->   Core 90 'RAM_2P_BRAM' <Latency = 1> <II = 1> <Delay = 2.77> <Storage> <Opcode : 'load' 'store'> <Ports = 2> <Width = 16> <Depth = 1024> <RAM>
ST_3 : Operation 28 [1/1] (0.00ns)   --->   "%br_ln154 = br void %for.inc22.i" [src/fft_1d_hls.cpp:154->src/fft_1d.cpp:175]   --->   Operation 28 'br' 'br_ln154' <Predicate = true> <Delay = 0.00>


============================================================
+ Verbose Summary: Binding
============================================================
STG Binding: 
---------------- STG Properties BEGIN ----------------
- Is combinational: 0
- Is one-state seq: 0
- Is datapath-only: 0
- Is pipelined: 0
- Is top level: 0
Port [ Return ] is wired: 1; IO mode=ap_ctrl_hs:ce=0
Port [ fft_out_stream]:  wired=1; compound=1; hidden=0; nouse=0; global=0; static=0; extern=0; dir=0; type=3; pingpong=0; private_global=0; IO mode=ap_fifo:ce=0
Port [ out_bufI]:  wired=1; compound=1; hidden=0; nouse=0; global=0; static=0; extern=0; dir=1; type=1; pingpong=1; private_global=0; MemPort=[30]; IO mode=ap_memory:ce=0
Port [ out_bufQ]:  wired=1; compound=1; hidden=0; nouse=0; global=0; static=0; extern=0; dir=1; type=1; pingpong=1; private_global=0; MemPort=[30]; IO mode=ap_memory:ce=0
---------------- STG Properties END ------------------

---------------- Datapath Model BEGIN ----------------

<LifeTime>
<method=bitvector/>
i_1                     (alloca           ) [ 0100]
specmemcore_ln0         (specmemcore      ) [ 0000]
specmemcore_ln0         (specmemcore      ) [ 0000]
specinterface_ln0       (specinterface    ) [ 0000]
store_ln154             (store            ) [ 0000]
br_ln154                (br               ) [ 0000]
i                       (load             ) [ 0111]
icmp_ln154              (icmp             ) [ 0110]
add_ln154               (add              ) [ 0000]
br_ln154                (br               ) [ 0000]
store_ln154             (store            ) [ 0000]
fft_out_stream_read     (read             ) [ 0000]
trunc_ln162             (trunc            ) [ 0101]
trunc_ln162_1           (partselect       ) [ 0101]
zext_ln154              (zext             ) [ 0000]
specpipeline_ln155      (specpipeline     ) [ 0000]
speclooptripcount_ln154 (speclooptripcount) [ 0000]
specloopname_ln154      (specloopname     ) [ 0000]
out_bufI_addr           (getelementptr    ) [ 0000]
store_ln165             (store            ) [ 0000]
out_bufQ_addr           (getelementptr    ) [ 0000]
store_ln166             (store            ) [ 0000]
br_ln154                (br               ) [ 0000]
ret_ln0                 (ret              ) [ 0000]
</LifeTime>

<model>

<comp_list>
<comp id="0" class="1000" name="fft_out_stream">
<pin_list>
<pin id="1" dir="1" index="0" bw="1" slack="0"/>
</pin_list>
<bind>
<StgValue><ssdm name="fft_out_stream"/></StgValue>
</bind>
</comp>

<comp id="2" class="1000" name="out_bufI">
<pin_list>
<pin id="3" dir="1" index="0" bw="1" slack="0"/>
</pin_list>
<bind>
<StgValue><ssdm name="out_bufI"/><MemPortTyVec>3 0 </MemPortTyVec>
</StgValue>
</bind>
</comp>

<comp id="4" class="1000" name="out_bufQ">
<pin_list>
<pin id="5" dir="1" index="0" bw="1" slack="0"/>
</pin_list>
<bind>
<StgValue><ssdm name="out_bufQ"/><MemPortTyVec>3 0 </MemPortTyVec>
</StgValue>
</bind>
</comp>

<comp id="6" class="1001" name="const_6">
<pin_list>
<pin id="7" dir="1" index="0" bw="1" slack="0"/>
</pin_list>
<bind>
<StgValue><ssdm name=""/></StgValue>
</bind>
</comp>

<comp id="8" class="1001" name="const_8">
<pin_list>
<pin id="9" dir="1" index="0" bw="1" slack="2147483647"/>
</pin_list>
<bind>
<StgValue><ssdm name="_ssdm_op_SpecMemCore"/></StgValue>
</bind>
</comp>

<comp id="10" class="1001" name="const_10">
<pin_list>
<pin id="11" dir="1" index="0" bw="1" slack="2147483647"/>
</pin_list>
<bind>
<StgValue><ssdm name=""/></StgValue>
</bind>
</comp>

<comp id="12" class="1001" name="const_12">
<pin_list>
<pin id="13" dir="1" index="0" bw="1" slack="2147483647"/>
</pin_list>
<bind>
<StgValue><ssdm name=""/></StgValue>
</bind>
</comp>

<comp id="14" class="1001" name="const_14">
<pin_list>
<pin id="15" dir="1" index="0" bw="1" slack="2147483647"/>
</pin_list>
<bind>
<StgValue><ssdm name=""/></StgValue>
</bind>
</comp>

<comp id="16" class="1001" name="const_16">
<pin_list>
<pin id="17" dir="1" index="0" bw="1" slack="2147483647"/>
</pin_list>
<bind>
<StgValue><ssdm name=""/></StgValue>
</bind>
</comp>

<comp id="18" class="1001" name="const_18">
<pin_list>
<pin id="19" dir="1" index="0" bw="1" slack="2147483647"/>
</pin_list>
<bind>
<StgValue><ssdm name="_ssdm_op_SpecInterface"/></StgValue>
</bind>
</comp>

<comp id="20" class="1001" name="const_20">
<pin_list>
<pin id="21" dir="1" index="0" bw="1" slack="2147483647"/>
</pin_list>
<bind>
<StgValue><ssdm name="empty_0"/></StgValue>
</bind>
</comp>

<comp id="22" class="1001" name="const_22">
<pin_list>
<pin id="23" dir="1" index="0" bw="1" slack="2147483647"/>
</pin_list>
<bind>
<StgValue><ssdm name=""/></StgValue>
</bind>
</comp>

<comp id="24" class="1001" name="const_24">
<pin_list>
<pin id="25" dir="1" index="0" bw="1" slack="2147483647"/>
</pin_list>
<bind>
<StgValue><ssdm name="empty_9"/></StgValue>
</bind>
</comp>

<comp id="26" class="1001" name="const_26">
<pin_list>
<pin id="27" dir="1" index="0" bw="1" slack="2147483647"/>
</pin_list>
<bind>
<StgValue><ssdm name=""/></StgValue>
</bind>
</comp>

<comp id="28" class="1001" name="const_28">
<pin_list>
<pin id="29" dir="1" index="0" bw="1" slack="0"/>
</pin_list>
<bind>
<StgValue><ssdm name=""/></StgValue>
</bind>
</comp>

<comp id="30" class="1001" name="const_30">
<pin_list>
<pin id="31" dir="1" index="0" bw="1" slack="0"/>
</pin_list>
<bind>
<StgValue><ssdm name=""/></StgValue>
</bind>
</comp>

<comp id="32" class="1001" name="const_32">
<pin_list>
<pin id="33" dir="1" index="0" bw="1" slack="0"/>
</pin_list>
<bind>
<StgValue><ssdm name=""/></StgValue>
</bind>
</comp>

<comp id="34" class="1001" name="const_34">
<pin_list>
<pin id="35" dir="1" index="0" bw="1" slack="0"/>
</pin_list>
<bind>
<StgValue><ssdm name="_ssdm_op_Read.ap_fifo.volatile.i32P0A"/></StgValue>
</bind>
</comp>

<comp id="36" class="1001" name="const_36">
<pin_list>
<pin id="37" dir="1" index="0" bw="1" slack="0"/>
</pin_list>
<bind>
<StgValue><ssdm name="_ssdm_op_PartSelect.i16.i32.i32.i32"/></StgValue>
</bind>
</comp>

<comp id="38" class="1001" name="const_38">
<pin_list>
<pin id="39" dir="1" index="0" bw="1" slack="0"/>
</pin_list>
<bind>
<StgValue><ssdm name=""/></StgValue>
</bind>
</comp>

<comp id="40" class="1001" name="const_40">
<pin_list>
<pin id="41" dir="1" index="0" bw="1" slack="0"/>
</pin_list>
<bind>
<StgValue><ssdm name=""/></StgValue>
</bind>
</comp>

<comp id="42" class="1001" name="const_42">
<pin_list>
<pin id="43" dir="1" index="0" bw="1" slack="2147483647"/>
</pin_list>
<bind>
<StgValue><ssdm name="_ssdm_op_SpecPipeline"/></StgValue>
</bind>
</comp>

<comp id="44" class="1001" name="const_44">
<pin_list>
<pin id="45" dir="1" index="0" bw="1" slack="2147483647"/>
</pin_list>
<bind>
<StgValue><ssdm name="_ssdm_op_SpecLoopTripCount"/></StgValue>
</bind>
</comp>

<comp id="46" class="1001" name="const_46">
<pin_list>
<pin id="47" dir="1" index="0" bw="1" slack="2147483647"/>
</pin_list>
<bind>
<StgValue><ssdm name=""/></StgValue>
</bind>
</comp>

<comp id="48" class="1001" name="const_48">
<pin_list>
<pin id="49" dir="1" index="0" bw="1" slack="2147483647"/>
</pin_list>
<bind>
<StgValue><ssdm name="_ssdm_op_SpecLoopName"/></StgValue>
</bind>
</comp>

<comp id="50" class="1001" name="const_50">
<pin_list>
<pin id="51" dir="1" index="0" bw="1" slack="2147483647"/>
</pin_list>
<bind>
<StgValue><ssdm name="empty_12"/></StgValue>
</bind>
</comp>

<comp id="52" class="1001" name="const_52">
<pin_list>
<pin id="53" dir="1" index="0" bw="1" slack="0"/>
</pin_list>
<bind>
<StgValue><ssdm name=""/></StgValue>
</bind>
</comp>

<comp id="54" class="1004" name="i_1_fu_54">
<pin_list>
<pin id="55" dir="0" index="0" bw="1" slack="0"/>
<pin id="56" dir="1" index="1" bw="11" slack="0"/>
</pin_list>
<bind>
<opcode="alloca(26) " fcode="alloca"/>
<opset="i_1/1 "/>
</bind>
</comp>

<comp id="58" class="1004" name="fft_out_stream_read_read_fu_58">
<pin_list>
<pin id="59" dir="0" index="0" bw="32" slack="0"/>
<pin id="60" dir="0" index="1" bw="32" slack="0"/>
<pin id="61" dir="1" index="2" bw="32" slack="0"/>
</pin_list>
<bind>
<opcode="read(1150) " fcode="read"/>
<opset="fft_out_stream_read/2 "/>
</bind>
</comp>

<comp id="64" class="1004" name="out_bufI_addr_gep_fu_64">
<pin_list>
<pin id="65" dir="0" index="0" bw="16" slack="0"/>
<pin id="66" dir="0" index="1" bw="1" slack="0"/>
<pin id="67" dir="0" index="2" bw="11" slack="0"/>
<pin id="68" dir="1" index="3" bw="10" slack="0"/>
</pin_list>
<bind>
<opcode="getelementptr(29) " fcode="getelementptr"/>
<opset="out_bufI_addr/3 "/>
</bind>
</comp>

<comp id="71" class="1004" name="store_ln165_access_fu_71">
<pin_list>
<pin id="72" dir="0" index="0" bw="10" slack="2147483647"/>
<pin id="73" dir="0" index="1" bw="16" slack="2147483647"/>
<pin id="74" dir="0" index="2" bw="0" slack="0"/>
<pin id="76" dir="0" index="4" bw="10" slack="1"/>
<pin id="77" dir="0" index="5" bw="16" slack="2147483647"/>
<pin id="78" dir="0" index="6" bw="0" slack="2147483647"/>
<pin id="75" dir="1" index="3" bw="16" slack="2147483647"/>
<pin id="79" dir="1" index="7" bw="16" slack="2147483647"/>
</pin_list>
<bind>
<opcode="store(28) " fcode="store"/>
<opset="store_ln165/3 "/>
</bind>
</comp>

<comp id="81" class="1004" name="out_bufQ_addr_gep_fu_81">
<pin_list>
<pin id="82" dir="0" index="0" bw="16" slack="0"/>
<pin id="83" dir="0" index="1" bw="1" slack="0"/>
<pin id="84" dir="0" index="2" bw="11" slack="0"/>
<pin id="85" dir="1" index="3" bw="10" slack="0"/>
</pin_list>
<bind>
<opcode="getelementptr(29) " fcode="getelementptr"/>
<opset="out_bufQ_addr/3 "/>
</bind>
</comp>

<comp id="88" class="1004" name="store_ln166_access_fu_88">
<pin_list>
<pin id="89" dir="0" index="0" bw="10" slack="2147483647"/>
<pin id="90" dir="0" index="1" bw="16" slack="2147483647"/>
<pin id="91" dir="0" index="2" bw="0" slack="0"/>
<pin id="93" dir="0" index="4" bw="10" slack="1"/>
<pin id="94" dir="0" index="5" bw="16" slack="2147483647"/>
<pin id="95" dir="0" index="6" bw="0" slack="2147483647"/>
<pin id="92" dir="1" index="3" bw="16" slack="2147483647"/>
<pin id="96" dir="1" index="7" bw="16" slack="2147483647"/>
</pin_list>
<bind>
<opcode="store(28) " fcode="store"/>
<opset="store_ln166/3 "/>
</bind>
</comp>

<comp id="98" class="1004" name="store_ln154_store_fu_98">
<pin_list>
<pin id="99" dir="0" index="0" bw="1" slack="0"/>
<pin id="100" dir="0" index="1" bw="11" slack="0"/>
<pin id="101" dir="1" index="2" bw="0" slack="2147483647"/>
</pin_list>
<bind>
<opcode="store(28) " fcode="store"/>
<opset="store_ln154/1 "/>
</bind>
</comp>

<comp id="103" class="1004" name="i_load_fu_103">
<pin_list>
<pin id="104" dir="0" index="0" bw="11" slack="0"/>
<pin id="105" dir="1" index="1" bw="11" slack="0"/>
</pin_list>
<bind>
<opcode="load(27) " fcode="load"/>
<opset="i/1 "/>
</bind>
</comp>

<comp id="106" class="1004" name="icmp_ln154_fu_106">
<pin_list>
<pin id="107" dir="0" index="0" bw="11" slack="0"/>
<pin id="108" dir="0" index="1" bw="11" slack="0"/>
<pin id="109" dir="1" index="2" bw="1" slack="1"/>
</pin_list>
<bind>
<opcode="icmp(45) " fcode="icmp"/>
<opset="icmp_ln154/1 "/>
</bind>
</comp>

<comp id="112" class="1004" name="add_ln154_fu_112">
<pin_list>
<pin id="113" dir="0" index="0" bw="11" slack="0"/>
<pin id="114" dir="0" index="1" bw="1" slack="0"/>
<pin id="115" dir="1" index="2" bw="11" slack="0"/>
</pin_list>
<bind>
<opcode="add(8) " fcode="add"/>
<opset="add_ln154/1 "/>
</bind>
</comp>

<comp id="118" class="1004" name="store_ln154_store_fu_118">
<pin_list>
<pin id="119" dir="0" index="0" bw="11" slack="0"/>
<pin id="120" dir="0" index="1" bw="11" slack="0"/>
<pin id="121" dir="1" index="2" bw="0" slack="2147483647"/>
</pin_list>
<bind>
<opcode="store(28) " fcode="store"/>
<opset="store_ln154/1 "/>
</bind>
</comp>

<comp id="123" class="1004" name="trunc_ln162_fu_123">
<pin_list>
<pin id="124" dir="0" index="0" bw="32" slack="0"/>
<pin id="125" dir="1" index="1" bw="16" slack="1"/>
</pin_list>
<bind>
<opcode="trunc(33) " fcode="trunc"/>
<opset="trunc_ln162/2 "/>
</bind>
</comp>

<comp id="127" class="1004" name="trunc_ln162_1_fu_127">
<pin_list>
<pin id="128" dir="0" index="0" bw="16" slack="0"/>
<pin id="129" dir="0" index="1" bw="32" slack="0"/>
<pin id="130" dir="0" index="2" bw="6" slack="0"/>
<pin id="131" dir="0" index="3" bw="6" slack="0"/>
<pin id="132" dir="1" index="4" bw="16" slack="1"/>
</pin_list>
<bind>
<opcode="partselect(1002) " fcode="partselect"/>
<opset="trunc_ln162_1/2 "/>
</bind>
</comp>

<comp id="137" class="1004" name="zext_ln154_fu_137">
<pin_list>
<pin id="138" dir="0" index="0" bw="11" slack="2"/>
<pin id="139" dir="1" index="1" bw="64" slack="0"/>
</pin_list>
<bind>
<opcode="zext(34) " fcode="zext"/>
<opset="zext_ln154/3 "/>
</bind>
</comp>

<comp id="142" class="1005" name="i_1_reg_142">
<pin_list>
<pin id="143" dir="0" index="0" bw="11" slack="0"/>
<pin id="144" dir="1" index="1" bw="11" slack="0"/>
</pin_list>
<bind>
<opset="i_1 "/>
</bind>
</comp>

<comp id="149" class="1005" name="i_reg_149">
<pin_list>
<pin id="150" dir="0" index="0" bw="11" slack="2"/>
<pin id="151" dir="1" index="1" bw="11" slack="2"/>
</pin_list>
<bind>
<opset="i "/>
</bind>
</comp>

<comp id="154" class="1005" name="icmp_ln154_reg_154">
<pin_list>
<pin id="155" dir="0" index="0" bw="1" slack="1"/>
<pin id="156" dir="1" index="1" bw="1" slack="2147483647"/>
</pin_list>
<bind>
<opset="icmp_ln154 "/>
</bind>
</comp>

<comp id="158" class="1005" name="trunc_ln162_reg_158">
<pin_list>
<pin id="159" dir="0" index="0" bw="16" slack="1"/>
<pin id="160" dir="1" index="1" bw="16" slack="1"/>
</pin_list>
<bind>
<opset="trunc_ln162 "/>
</bind>
</comp>

<comp id="163" class="1005" name="trunc_ln162_1_reg_163">
<pin_list>
<pin id="164" dir="0" index="0" bw="16" slack="1"/>
<pin id="165" dir="1" index="1" bw="16" slack="1"/>
</pin_list>
<bind>
<opset="trunc_ln162_1 "/>
</bind>
</comp>

</comp_list>

<net_list>
<net id="57"><net_src comp="6" pin="0"/><net_sink comp="54" pin=0"/></net>

<net id="62"><net_src comp="34" pin="0"/><net_sink comp="58" pin=0"/></net>

<net id="63"><net_src comp="0" pin="0"/><net_sink comp="58" pin=1"/></net>

<net id="69"><net_src comp="2" pin="0"/><net_sink comp="64" pin=0"/></net>

<net id="70"><net_src comp="52" pin="0"/><net_sink comp="64" pin=1"/></net>

<net id="80"><net_src comp="64" pin="3"/><net_sink comp="71" pin=2"/></net>

<net id="86"><net_src comp="4" pin="0"/><net_sink comp="81" pin=0"/></net>

<net id="87"><net_src comp="52" pin="0"/><net_sink comp="81" pin=1"/></net>

<net id="97"><net_src comp="81" pin="3"/><net_sink comp="88" pin=2"/></net>

<net id="102"><net_src comp="28" pin="0"/><net_sink comp="98" pin=0"/></net>

<net id="110"><net_src comp="103" pin="1"/><net_sink comp="106" pin=0"/></net>

<net id="111"><net_src comp="30" pin="0"/><net_sink comp="106" pin=1"/></net>

<net id="116"><net_src comp="103" pin="1"/><net_sink comp="112" pin=0"/></net>

<net id="117"><net_src comp="32" pin="0"/><net_sink comp="112" pin=1"/></net>

<net id="122"><net_src comp="112" pin="2"/><net_sink comp="118" pin=0"/></net>

<net id="126"><net_src comp="58" pin="2"/><net_sink comp="123" pin=0"/></net>

<net id="133"><net_src comp="36" pin="0"/><net_sink comp="127" pin=0"/></net>

<net id="134"><net_src comp="58" pin="2"/><net_sink comp="127" pin=1"/></net>

<net id="135"><net_src comp="38" pin="0"/><net_sink comp="127" pin=2"/></net>

<net id="136"><net_src comp="40" pin="0"/><net_sink comp="127" pin=3"/></net>

<net id="140"><net_src comp="137" pin="1"/><net_sink comp="64" pin=2"/></net>

<net id="141"><net_src comp="137" pin="1"/><net_sink comp="81" pin=2"/></net>

<net id="145"><net_src comp="54" pin="1"/><net_sink comp="142" pin=0"/></net>

<net id="146"><net_src comp="142" pin="1"/><net_sink comp="98" pin=1"/></net>

<net id="147"><net_src comp="142" pin="1"/><net_sink comp="103" pin=0"/></net>

<net id="148"><net_src comp="142" pin="1"/><net_sink comp="118" pin=1"/></net>

<net id="152"><net_src comp="103" pin="1"/><net_sink comp="149" pin=0"/></net>

<net id="153"><net_src comp="149" pin="1"/><net_sink comp="137" pin=0"/></net>

<net id="157"><net_src comp="106" pin="2"/><net_sink comp="154" pin=0"/></net>

<net id="161"><net_src comp="123" pin="1"/><net_sink comp="158" pin=0"/></net>

<net id="162"><net_src comp="158" pin="1"/><net_sink comp="71" pin=4"/></net>

<net id="166"><net_src comp="127" pin="4"/><net_sink comp="163" pin=0"/></net>

<net id="167"><net_src comp="163" pin="1"/><net_sink comp="88" pin=4"/></net>

</net_list>

</model> 
---------------- Datapath Model END ------------------

* FSMD analyzer results:
  - Output states:
	Port: out_bufI | {3 }
	Port: out_bufQ | {3 }
 - Input state : 
	Port: stage_process_fft_real_Pipeline_drain_loop : fft_out_stream | {2 }
  - Chain level:
	State 1
		store_ln154 : 1
		i : 1
		icmp_ln154 : 2
		add_ln154 : 2
		br_ln154 : 3
		store_ln154 : 3
	State 2
	State 3
		out_bufI_addr : 1
		store_ln165 : 2
		out_bufQ_addr : 1
		store_ln166 : 2


============================================================
+ Verbose Summary: Datapath Resource usage 
============================================================

* Functional unit list:
|----------|--------------------------------|---------|---------|
| Operation|         Functional Unit        |    FF   |   LUT   |
|----------|--------------------------------|---------|---------|
|   icmp   |        icmp_ln154_fu_106       |    0    |    11   |
|----------|--------------------------------|---------|---------|
|    add   |        add_ln154_fu_112        |    0    |    11   |
|----------|--------------------------------|---------|---------|
|   read   | fft_out_stream_read_read_fu_58 |    0    |    0    |
|----------|--------------------------------|---------|---------|
|   trunc  |       trunc_ln162_fu_123       |    0    |    0    |
|----------|--------------------------------|---------|---------|
|partselect|      trunc_ln162_1_fu_127      |    0    |    0    |
|----------|--------------------------------|---------|---------|
|   zext   |        zext_ln154_fu_137       |    0    |    0    |
|----------|--------------------------------|---------|---------|
|   Total  |                                |    0    |    22   |
|----------|--------------------------------|---------|---------|

Memories:
N/A

* Register list:
+---------------------+--------+
|                     |   FF   |
+---------------------+--------+
|     i_1_reg_142     |   11   |
|      i_reg_149      |   11   |
|  icmp_ln154_reg_154 |    1   |
|trunc_ln162_1_reg_163|   16   |
| trunc_ln162_reg_158 |   16   |
+---------------------+--------+
|        Total        |   55   |
+---------------------+--------+

* Multiplexer (MUX) list: 
|--------|------|------|------|--------|
|  Comp  |  Pin | Size |  BW  | S x BW |
|--------|------|------|------|--------|
|  Total |      |      |      |    0   |
|--------|------|------|------|--------|



* Summary:
+-----------+--------+--------+
|           |   FF   |   LUT  |
+-----------+--------+--------+
|  Function |    0   |   22   |
|   Memory  |    -   |    -   |
|Multiplexer|    -   |    -   |
|  Register |   55   |    -   |
+-----------+--------+--------+
|   Total   |   55   |   22   |
+-----------+--------+--------+
