

================================================================
== Vitis HLS Report for 'stage_read_input_1'
================================================================
* Date:           Tue Apr 28 16:25:25 2026

* Version:        2025.2 (Build 6295257 on Nov 14 2025)
* Project:        zenith_fft_1d_prj
* Solution:       solution1 (Vivado IP Flow Target)
* Product family: zynq
* Target device:  xc7z020-clg400-2


================================================================
== Performance Estimates
================================================================
+ Timing: 
    * Summary: 
    +--------+---------+----------+------------+
    |  Clock |  Target | Estimated| Uncertainty|
    +--------+---------+----------+------------+
    |ap_clk  |  6.67 ns|  4.078 ns|     1.80 ns|
    +--------+---------+----------+------------+

+ Latency: 
    * Summary: 
    +---------+---------+----------+----------+-----+-----+-------------------+
    |  Latency (cycles) |  Latency (absolute) |  Interval |      Pipeline     |
    |   min   |   max   |    min   |    max   | min | max |        Type       |
    +---------+---------+----------+----------+-----+-----+-------------------+
    |     1026|     1026|  6.843 us|  6.843 us|    0|    0|  loop pipeline stp|
    +---------+---------+----------+----------+-----+-----+-------------------+

    + Detail: 
        * Instance: 
        N/A

        * Loop: 
        +-------------------+---------+---------+----------+-----------+-----------+------+----------+
        |                   |  Latency (cycles) | Iteration|  Initiation Interval  | Trip |          |
        |     Loop Name     |   min   |   max   |  Latency |  achieved |   target  | Count| Pipelined|
        +-------------------+---------+---------+----------+-----------+-----------+------+----------+
        |- VITIS_LOOP_41_1  |     1024|     1024|         2|          1|          1|  1024|       yes|
        +-------------------+---------+---------+----------+-----------+-----------+------+----------+

============================================================
+ Verbose Summary: Synthesis Manager
============================================================
InlineROM: 1
ExposeGlobal: 0
============================================================
+ Verbose Summary: CDFG Model
============================================================
IsTopModel: 0
ResetActiveHigh: 1
IsCombinational: 0
IsDatapathOnly: 0
HasWiredReturn: 1
HasMFsm: 2
HasVarLatency: 1
IsPipeline: 0
IsRtlPipelined: 0
IsInstanceOverlapped: 0
IsDontTouch: 0
HasImplIP: 0
IsGatedGlobalClock: 0

+ Individual pipeline summary: 
  * Pipeline-0: initiation interval (II) = 1, depth = 2


============================================================
+ Verbose Summary: Schedule
============================================================
* Number of FSM states : 2
* Pipeline : 1
  Pipeline-0 : II = 1, D = 2, States = { 1 2 }
* Dataflow Pipeline: 0

* FSM state transitions: 
1 --> 2 
2 --> 

* FSM state operations: 

State 1 <SV = 0> <Delay = 4.07>
ST_1 : Operation 5 [1/1] (0.00ns)   --->   "%i = alloca i32 1" [src/fft_1d.cpp:41]   --->   Operation 5 'alloca' 'i' <Predicate = true> <Delay = 0.00>
ST_1 : Operation 6 [1/1] (0.00ns)   --->   "%specaxissidechannel_ln0 = specaxissidechannel void @_ssdm_op_SpecAXISSideChannel, i32 %in_stream_V_data_V, i4 %in_stream_V_keep_V, i4 %in_stream_V_strb_V, i1 %in_stream_V_user_V, i1 %in_stream_V_last_V, i1 %in_stream_V_id_V, i1 %in_stream_V_dest_V, void @empty_1"   --->   Operation 6 'specaxissidechannel' 'specaxissidechannel_ln0' <Predicate = true> <Delay = 0.00>
ST_1 : Operation 7 [1/1] (0.00ns)   --->   "%specmemcore_ln0 = specmemcore void @_ssdm_op_SpecMemCore, i16 %bufI, i64 666, i64 22, i64 18446744073709551615, i1 0"   --->   Operation 7 'specmemcore' 'specmemcore_ln0' <Predicate = true> <Delay = 0.00>
ST_1 : Operation 8 [1/1] (0.00ns)   --->   "%specmemcore_ln0 = specmemcore void @_ssdm_op_SpecMemCore, i16 %bufQ, i64 666, i64 22, i64 18446744073709551615, i1 0"   --->   Operation 8 'specmemcore' 'specmemcore_ln0' <Predicate = true> <Delay = 0.00>
ST_1 : Operation 9 [1/1] (0.00ns)   --->   "%specinterface_ln0 = specinterface void @_ssdm_op_SpecInterface, i32 %in_stream_V_data_V, void @empty_6, i32 0, i32 0, void @empty_7, i32 0, i32 0, void @empty_9, void @empty_9, void @empty_9, i32 0, i32 0, i32 0, i32 0, void @empty_9, void @empty_9, i32 4294967295, i32 0, i32 0, i32 0"   --->   Operation 9 'specinterface' 'specinterface_ln0' <Predicate = true> <Delay = 0.00>
ST_1 : Operation 10 [1/1] (0.00ns)   --->   "%specinterface_ln0 = specinterface void @_ssdm_op_SpecInterface, i4 %in_stream_V_keep_V, void @empty_6, i32 0, i32 0, void @empty_7, i32 0, i32 0, void @empty_9, void @empty_9, void @empty_9, i32 0, i32 0, i32 0, i32 0, void @empty_9, void @empty_9, i32 4294967295, i32 0, i32 0, i32 0"   --->   Operation 10 'specinterface' 'specinterface_ln0' <Predicate = true> <Delay = 0.00>
ST_1 : Operation 11 [1/1] (0.00ns)   --->   "%specinterface_ln0 = specinterface void @_ssdm_op_SpecInterface, i4 %in_stream_V_strb_V, void @empty_6, i32 0, i32 0, void @empty_7, i32 0, i32 0, void @empty_9, void @empty_9, void @empty_9, i32 0, i32 0, i32 0, i32 0, void @empty_9, void @empty_9, i32 4294967295, i32 0, i32 0, i32 0"   --->   Operation 11 'specinterface' 'specinterface_ln0' <Predicate = true> <Delay = 0.00>
ST_1 : Operation 12 [1/1] (0.00ns)   --->   "%specinterface_ln0 = specinterface void @_ssdm_op_SpecInterface, i1 %in_stream_V_user_V, void @empty_6, i32 0, i32 0, void @empty_7, i32 0, i32 0, void @empty_9, void @empty_9, void @empty_9, i32 0, i32 0, i32 0, i32 0, void @empty_9, void @empty_9, i32 4294967295, i32 0, i32 0, i32 0"   --->   Operation 12 'specinterface' 'specinterface_ln0' <Predicate = true> <Delay = 0.00>
ST_1 : Operation 13 [1/1] (0.00ns)   --->   "%specinterface_ln0 = specinterface void @_ssdm_op_SpecInterface, i1 %in_stream_V_last_V, void @empty_6, i32 0, i32 0, void @empty_7, i32 0, i32 0, void @empty_9, void @empty_9, void @empty_9, i32 0, i32 0, i32 0, i32 0, void @empty_9, void @empty_9, i32 4294967295, i32 0, i32 0, i32 0"   --->   Operation 13 'specinterface' 'specinterface_ln0' <Predicate = true> <Delay = 0.00>
ST_1 : Operation 14 [1/1] (0.00ns)   --->   "%specinterface_ln0 = specinterface void @_ssdm_op_SpecInterface, i1 %in_stream_V_id_V, void @empty_6, i32 0, i32 0, void @empty_7, i32 0, i32 0, void @empty_9, void @empty_9, void @empty_9, i32 0, i32 0, i32 0, i32 0, void @empty_9, void @empty_9, i32 4294967295, i32 0, i32 0, i32 0"   --->   Operation 14 'specinterface' 'specinterface_ln0' <Predicate = true> <Delay = 0.00>
ST_1 : Operation 15 [1/1] (0.00ns)   --->   "%specinterface_ln0 = specinterface void @_ssdm_op_SpecInterface, i1 %in_stream_V_dest_V, void @empty_6, i32 0, i32 0, void @empty_7, i32 0, i32 0, void @empty_9, void @empty_9, void @empty_9, i32 0, i32 0, i32 0, i32 0, void @empty_9, void @empty_9, i32 4294967295, i32 0, i32 0, i32 0"   --->   Operation 15 'specinterface' 'specinterface_ln0' <Predicate = true> <Delay = 0.00>
ST_1 : Operation 16 [1/1] (1.29ns)   --->   "%store_ln41 = store i11 0, i11 %i" [src/fft_1d.cpp:41]   --->   Operation 16 'store' 'store_ln41' <Predicate = true> <Delay = 1.29>
ST_1 : Operation 17 [1/1] (0.00ns)   --->   "%br_ln41 = br void %for.inc" [src/fft_1d.cpp:41]   --->   Operation 17 'br' 'br_ln41' <Predicate = true> <Delay = 0.00>
ST_1 : Operation 18 [1/1] (0.00ns)   --->   "%i_4 = load i11 %i" [src/fft_1d.cpp:41]   --->   Operation 18 'load' 'i_4' <Predicate = true> <Delay = 0.00>
ST_1 : Operation 19 [1/1] (1.48ns)   --->   "%icmp_ln41 = icmp_eq  i11 %i_4, i11 1024" [src/fft_1d.cpp:41]   --->   Operation 19 'icmp' 'icmp_ln41' <Predicate = true> <Delay = 1.48> <CoreInst = "Cmp">   --->   Core 9 'Cmp' <Latency = 0> <II = 1> <Delay = 1.48> <FuncUnit> <Opcode : 'seteq' 'setne' 'setle' 'setge' 'setlt' 'setgt'> <InPorts = 2> <OutPorts = 1>
ST_1 : Operation 20 [1/1] (1.48ns)   --->   "%add_ln41 = add i11 %i_4, i11 1" [src/fft_1d.cpp:41]   --->   Operation 20 'add' 'add_ln41' <Predicate = true> <Delay = 1.48> <CoreInst = "Adder">   --->   Core 1 'Adder' <Latency = 0> <II = 1> <Delay = 1.48> <FuncUnit> <Opcode : 'add' 'sub'> <InPorts = 2> <OutPorts = 1>
ST_1 : Operation 21 [1/1] (0.00ns)   --->   "%br_ln41 = br i1 %icmp_ln41, void %for.inc.split, void %for.end" [src/fft_1d.cpp:41]   --->   Operation 21 'br' 'br_ln41' <Predicate = true> <Delay = 0.00>
ST_1 : Operation 22 [1/1] (1.29ns)   --->   "%store_ln41 = store i11 %add_ln41, i11 %i" [src/fft_1d.cpp:41]   --->   Operation 22 'store' 'store_ln41' <Predicate = (!icmp_ln41)> <Delay = 1.29>
ST_1 : Operation 36 [1/1] (1.29ns)   --->   "%ret_ln56 = ret" [src/fft_1d.cpp:56]   --->   Operation 36 'ret' 'ret_ln56' <Predicate = (icmp_ln41)> <Delay = 1.29>

State 2 <SV = 1> <Delay = 3.16>
ST_2 : Operation 23 [1/1] (0.00ns)   --->   "%zext_ln41 = zext i11 %i_4" [src/fft_1d.cpp:41]   --->   Operation 23 'zext' 'zext_ln41' <Predicate = true> <Delay = 0.00>
ST_2 : Operation 24 [1/1] (0.00ns)   --->   "%specpipeline_ln45 = specpipeline void @_ssdm_op_SpecPipeline, i32 1, i32 0, i32 0, i32 0, i32 4294967295, void @empty_9" [src/fft_1d.cpp:45]   --->   Operation 24 'specpipeline' 'specpipeline_ln45' <Predicate = true> <Delay = 0.00>
ST_2 : Operation 25 [1/1] (0.00ns)   --->   "%speclooptripcount_ln41 = speclooptripcount void @_ssdm_op_SpecLoopTripCount, i64 1024, i64 1024, i64 1024" [src/fft_1d.cpp:41]   --->   Operation 25 'speclooptripcount' 'speclooptripcount_ln41' <Predicate = true> <Delay = 0.00>
ST_2 : Operation 26 [1/1] (0.00ns)   --->   "%specloopname_ln41 = specloopname void @_ssdm_op_SpecLoopName, void @empty" [src/fft_1d.cpp:41]   --->   Operation 26 'specloopname' 'specloopname_ln41' <Predicate = true> <Delay = 0.00>
ST_2 : Operation 27 [1/1] ( I:0.39ns O:0.39ns )   --->   "%empty = read i44 @_ssdm_op_Read.axis.volatile.i32P0A.i4P0A.i4P0A.i1P0A.i1P0A.i1P0A.i1P0A, i32 %in_stream_V_data_V, i4 %in_stream_V_keep_V, i4 %in_stream_V_strb_V, i1 %in_stream_V_user_V, i1 %in_stream_V_last_V, i1 %in_stream_V_id_V, i1 %in_stream_V_dest_V" [src/fft_1d.cpp:48]   --->   Operation 27 'read' 'empty' <Predicate = true> <Delay = 0.39> <CoreInst = "regslice">   --->   Core 135 'regslice' <Latency = 0> <II = 1> <Delay = 1.21> <Adapter> <Opcode : 'read' 'write'>
ST_2 : Operation 28 [1/1] (0.00ns)   --->   "%tdata = extractvalue i44 %empty" [src/fft_1d.cpp:48]   --->   Operation 28 'extractvalue' 'tdata' <Predicate = true> <Delay = 0.00>
ST_2 : Operation 29 [1/1] (0.00ns)   --->   "%trunc_ln73 = trunc i32 %tdata" [src/fft_1d.hpp:73->src/fft_1d.cpp:53]   --->   Operation 29 'trunc' 'trunc_ln73' <Predicate = true> <Delay = 0.00>
ST_2 : Operation 30 [1/1] (0.00ns)   --->   "%bufI_addr = getelementptr i16 %bufI, i64 0, i64 %zext_ln41" [src/fft_1d.cpp:53]   --->   Operation 30 'getelementptr' 'bufI_addr' <Predicate = true> <Delay = 0.00>
ST_2 : Operation 31 [1/1] ( I:2.77ns O:2.77ns )   --->   "%store_ln53 = store i16 %trunc_ln73, i10 %bufI_addr" [src/fft_1d.cpp:53]   --->   Operation 31 'store' 'store_ln53' <Predicate = true> <Delay = 2.77> <CoreInst = "RAM_2P_BRAM">   --->   Core 90 'RAM_2P_BRAM' <Latency = 1> <II = 1> <Delay = 2.77> <Storage> <Opcode : 'load' 'store'> <Ports = 2> <Width = 16> <Depth = 1024> <RAM>
ST_2 : Operation 32 [1/1] (0.00ns)   --->   "%tmp_1 = partselect i16 @_ssdm_op_PartSelect.i16.i32.i32, i32 %tdata, i32 16" [src/fft_1d.hpp:79->src/fft_1d.cpp:54]   --->   Operation 32 'partselect' 'tmp_1' <Predicate = true> <Delay = 0.00>
ST_2 : Operation 33 [1/1] (0.00ns)   --->   "%bufQ_addr = getelementptr i16 %bufQ, i64 0, i64 %zext_ln41" [src/fft_1d.cpp:54]   --->   Operation 33 'getelementptr' 'bufQ_addr' <Predicate = true> <Delay = 0.00>
ST_2 : Operation 34 [1/1] ( I:2.77ns O:2.77ns )   --->   "%store_ln54 = store i16 %tmp_1, i10 %bufQ_addr" [src/fft_1d.cpp:54]   --->   Operation 34 'store' 'store_ln54' <Predicate = true> <Delay = 2.77> <CoreInst = "RAM_2P_BRAM">   --->   Core 90 'RAM_2P_BRAM' <Latency = 1> <II = 1> <Delay = 2.77> <Storage> <Opcode : 'load' 'store'> <Ports = 2> <Width = 16> <Depth = 1024> <RAM>
ST_2 : Operation 35 [1/1] (0.00ns)   --->   "%br_ln41 = br void %for.inc" [src/fft_1d.cpp:41]   --->   Operation 35 'br' 'br_ln41' <Predicate = true> <Delay = 0.00>


============================================================
+ Verbose Summary: Binding
============================================================
STG Binding: 
---------------- STG Properties BEGIN ----------------
- Is combinational: 0
- Is one-state seq: 0
- Is datapath-only: 0
- Is pipelined: 0
- Is top level: 0
Port [ Return ] is wired: 1; IO mode=ap_ctrl_hs:ce=0
Port [ in_stream_V_data_V]:  wired=1; compound=1; hidden=0; nouse=0; global=0; static=0; extern=0; dir=0; type=0; pingpong=0; private_global=0; IO mode=axis:ce=0
Port [ in_stream_V_keep_V]:  wired=1; compound=1; hidden=0; nouse=0; global=0; static=0; extern=0; dir=0; type=0; pingpong=0; private_global=0; IO mode=axis:ce=0
Port [ in_stream_V_strb_V]:  wired=1; compound=1; hidden=0; nouse=0; global=0; static=0; extern=0; dir=0; type=0; pingpong=0; private_global=0; IO mode=axis:ce=0
Port [ in_stream_V_user_V]:  wired=1; compound=1; hidden=0; nouse=0; global=0; static=0; extern=0; dir=0; type=0; pingpong=0; private_global=0; IO mode=axis:ce=0
Port [ in_stream_V_last_V]:  wired=1; compound=1; hidden=0; nouse=0; global=0; static=0; extern=0; dir=0; type=0; pingpong=0; private_global=0; IO mode=axis:ce=0
Port [ in_stream_V_id_V]:  wired=1; compound=1; hidden=0; nouse=0; global=0; static=0; extern=0; dir=0; type=0; pingpong=0; private_global=0; IO mode=axis:ce=0
Port [ in_stream_V_dest_V]:  wired=1; compound=1; hidden=0; nouse=0; global=0; static=0; extern=0; dir=0; type=0; pingpong=0; private_global=0; IO mode=axis:ce=0
Port [ bufI]:  wired=1; compound=1; hidden=0; nouse=0; global=0; static=0; extern=0; dir=1; type=1; pingpong=1; private_global=0; MemPort=[30]; IO mode=ap_memory:ce=0
Port [ bufQ]:  wired=1; compound=1; hidden=0; nouse=0; global=0; static=0; extern=0; dir=1; type=1; pingpong=1; private_global=0; MemPort=[30]; IO mode=ap_memory:ce=0
---------------- STG Properties END ------------------

---------------- Datapath Model BEGIN ----------------

<LifeTime>
<method=bitvector/>
i                       (alloca             ) [ 010]
specaxissidechannel_ln0 (specaxissidechannel) [ 000]
specmemcore_ln0         (specmemcore        ) [ 000]
specmemcore_ln0         (specmemcore        ) [ 000]
specinterface_ln0       (specinterface      ) [ 000]
specinterface_ln0       (specinterface      ) [ 000]
specinterface_ln0       (specinterface      ) [ 000]
specinterface_ln0       (specinterface      ) [ 000]
specinterface_ln0       (specinterface      ) [ 000]
specinterface_ln0       (specinterface      ) [ 000]
specinterface_ln0       (specinterface      ) [ 000]
store_ln41              (store              ) [ 000]
br_ln41                 (br                 ) [ 000]
i_4                     (load               ) [ 011]
icmp_ln41               (icmp               ) [ 010]
add_ln41                (add                ) [ 000]
br_ln41                 (br                 ) [ 000]
store_ln41              (store              ) [ 000]
zext_ln41               (zext               ) [ 000]
specpipeline_ln45       (specpipeline       ) [ 000]
speclooptripcount_ln41  (speclooptripcount  ) [ 000]
specloopname_ln41       (specloopname       ) [ 000]
empty                   (read               ) [ 000]
tdata                   (extractvalue       ) [ 000]
trunc_ln73              (trunc              ) [ 000]
bufI_addr               (getelementptr      ) [ 000]
store_ln53              (store              ) [ 000]
tmp_1                   (partselect         ) [ 000]
bufQ_addr               (getelementptr      ) [ 000]
store_ln54              (store              ) [ 000]
br_ln41                 (br                 ) [ 000]
ret_ln56                (ret                ) [ 000]
</LifeTime>

<model>

<comp_list>
<comp id="0" class="1000" name="in_stream_V_data_V">
<pin_list>
<pin id="1" dir="1" index="0" bw="1" slack="0"/>
</pin_list>
<bind>
<StgValue><ssdm name="in_stream_V_data_V"/></StgValue>
</bind>
</comp>

<comp id="2" class="1000" name="in_stream_V_keep_V">
<pin_list>
<pin id="3" dir="1" index="0" bw="1" slack="0"/>
</pin_list>
<bind>
<StgValue><ssdm name="in_stream_V_keep_V"/></StgValue>
</bind>
</comp>

<comp id="4" class="1000" name="in_stream_V_strb_V">
<pin_list>
<pin id="5" dir="1" index="0" bw="1" slack="0"/>
</pin_list>
<bind>
<StgValue><ssdm name="in_stream_V_strb_V"/></StgValue>
</bind>
</comp>

<comp id="6" class="1000" name="in_stream_V_user_V">
<pin_list>
<pin id="7" dir="1" index="0" bw="1" slack="0"/>
</pin_list>
<bind>
<StgValue><ssdm name="in_stream_V_user_V"/></StgValue>
</bind>
</comp>

<comp id="8" class="1000" name="in_stream_V_last_V">
<pin_list>
<pin id="9" dir="1" index="0" bw="1" slack="0"/>
</pin_list>
<bind>
<StgValue><ssdm name="in_stream_V_last_V"/></StgValue>
</bind>
</comp>

<comp id="10" class="1000" name="in_stream_V_id_V">
<pin_list>
<pin id="11" dir="1" index="0" bw="1" slack="0"/>
</pin_list>
<bind>
<StgValue><ssdm name="in_stream_V_id_V"/></StgValue>
</bind>
</comp>

<comp id="12" class="1000" name="in_stream_V_dest_V">
<pin_list>
<pin id="13" dir="1" index="0" bw="1" slack="0"/>
</pin_list>
<bind>
<StgValue><ssdm name="in_stream_V_dest_V"/></StgValue>
</bind>
</comp>

<comp id="14" class="1000" name="bufI">
<pin_list>
<pin id="15" dir="1" index="0" bw="1" slack="0"/>
</pin_list>
<bind>
<StgValue><ssdm name="bufI"/><MemPortTyVec>3 0 </MemPortTyVec>
</StgValue>
</bind>
</comp>

<comp id="16" class="1000" name="bufQ">
<pin_list>
<pin id="17" dir="1" index="0" bw="1" slack="0"/>
</pin_list>
<bind>
<StgValue><ssdm name="bufQ"/><MemPortTyVec>3 0 </MemPortTyVec>
</StgValue>
</bind>
</comp>

<comp id="18" class="1001" name="const_18">
<pin_list>
<pin id="19" dir="1" index="0" bw="1" slack="0"/>
</pin_list>
<bind>
<StgValue><ssdm name=""/></StgValue>
</bind>
</comp>

<comp id="20" class="1001" name="const_20">
<pin_list>
<pin id="21" dir="1" index="0" bw="1" slack="2147483647"/>
</pin_list>
<bind>
<StgValue><ssdm name="_ssdm_op_SpecAXISSideChannel"/></StgValue>
</bind>
</comp>

<comp id="22" class="1001" name="const_22">
<pin_list>
<pin id="23" dir="1" index="0" bw="1" slack="2147483647"/>
</pin_list>
<bind>
<StgValue><ssdm name="empty_1"/></StgValue>
</bind>
</comp>

<comp id="24" class="1001" name="const_24">
<pin_list>
<pin id="25" dir="1" index="0" bw="1" slack="2147483647"/>
</pin_list>
<bind>
<StgValue><ssdm name="_ssdm_op_SpecMemCore"/></StgValue>
</bind>
</comp>

<comp id="26" class="1001" name="const_26">
<pin_list>
<pin id="27" dir="1" index="0" bw="1" slack="2147483647"/>
</pin_list>
<bind>
<StgValue><ssdm name=""/></StgValue>
</bind>
</comp>

<comp id="28" class="1001" name="const_28">
<pin_list>
<pin id="29" dir="1" index="0" bw="1" slack="2147483647"/>
</pin_list>
<bind>
<StgValue><ssdm name=""/></StgValue>
</bind>
</comp>

<comp id="30" class="1001" name="const_30">
<pin_list>
<pin id="31" dir="1" index="0" bw="1" slack="2147483647"/>
</pin_list>
<bind>
<StgValue><ssdm name=""/></StgValue>
</bind>
</comp>

<comp id="32" class="1001" name="const_32">
<pin_list>
<pin id="33" dir="1" index="0" bw="1" slack="2147483647"/>
</pin_list>
<bind>
<StgValue><ssdm name=""/></StgValue>
</bind>
</comp>

<comp id="34" class="1001" name="const_34">
<pin_list>
<pin id="35" dir="1" index="0" bw="1" slack="2147483647"/>
</pin_list>
<bind>
<StgValue><ssdm name="_ssdm_op_SpecInterface"/></StgValue>
</bind>
</comp>

<comp id="36" class="1001" name="const_36">
<pin_list>
<pin id="37" dir="1" index="0" bw="1" slack="2147483647"/>
</pin_list>
<bind>
<StgValue><ssdm name="empty_6"/></StgValue>
</bind>
</comp>

<comp id="38" class="1001" name="const_38">
<pin_list>
<pin id="39" dir="1" index="0" bw="1" slack="2147483647"/>
</pin_list>
<bind>
<StgValue><ssdm name=""/></StgValue>
</bind>
</comp>

<comp id="40" class="1001" name="const_40">
<pin_list>
<pin id="41" dir="1" index="0" bw="1" slack="2147483647"/>
</pin_list>
<bind>
<StgValue><ssdm name="empty_7"/></StgValue>
</bind>
</comp>

<comp id="42" class="1001" name="const_42">
<pin_list>
<pin id="43" dir="1" index="0" bw="1" slack="2147483647"/>
</pin_list>
<bind>
<StgValue><ssdm name="empty_9"/></StgValue>
</bind>
</comp>

<comp id="44" class="1001" name="const_44">
<pin_list>
<pin id="45" dir="1" index="0" bw="1" slack="2147483647"/>
</pin_list>
<bind>
<StgValue><ssdm name=""/></StgValue>
</bind>
</comp>

<comp id="46" class="1001" name="const_46">
<pin_list>
<pin id="47" dir="1" index="0" bw="1" slack="0"/>
</pin_list>
<bind>
<StgValue><ssdm name=""/></StgValue>
</bind>
</comp>

<comp id="48" class="1001" name="const_48">
<pin_list>
<pin id="49" dir="1" index="0" bw="1" slack="0"/>
</pin_list>
<bind>
<StgValue><ssdm name=""/></StgValue>
</bind>
</comp>

<comp id="50" class="1001" name="const_50">
<pin_list>
<pin id="51" dir="1" index="0" bw="1" slack="0"/>
</pin_list>
<bind>
<StgValue><ssdm name=""/></StgValue>
</bind>
</comp>

<comp id="52" class="1001" name="const_52">
<pin_list>
<pin id="53" dir="1" index="0" bw="1" slack="2147483647"/>
</pin_list>
<bind>
<StgValue><ssdm name="_ssdm_op_SpecPipeline"/></StgValue>
</bind>
</comp>

<comp id="54" class="1001" name="const_54">
<pin_list>
<pin id="55" dir="1" index="0" bw="1" slack="2147483647"/>
</pin_list>
<bind>
<StgValue><ssdm name="_ssdm_op_SpecLoopTripCount"/></StgValue>
</bind>
</comp>

<comp id="56" class="1001" name="const_56">
<pin_list>
<pin id="57" dir="1" index="0" bw="1" slack="2147483647"/>
</pin_list>
<bind>
<StgValue><ssdm name=""/></StgValue>
</bind>
</comp>

<comp id="58" class="1001" name="const_58">
<pin_list>
<pin id="59" dir="1" index="0" bw="1" slack="2147483647"/>
</pin_list>
<bind>
<StgValue><ssdm name="_ssdm_op_SpecLoopName"/></StgValue>
</bind>
</comp>

<comp id="60" class="1001" name="const_60">
<pin_list>
<pin id="61" dir="1" index="0" bw="1" slack="2147483647"/>
</pin_list>
<bind>
<StgValue><ssdm name="empty"/></StgValue>
</bind>
</comp>

<comp id="62" class="1001" name="const_62">
<pin_list>
<pin id="63" dir="1" index="0" bw="1" slack="0"/>
</pin_list>
<bind>
<StgValue><ssdm name="_ssdm_op_Read.axis.volatile.i32P0A.i4P0A.i4P0A.i1P0A.i1P0A.i1P0A.i1P0A"/></StgValue>
</bind>
</comp>

<comp id="64" class="1001" name="const_64">
<pin_list>
<pin id="65" dir="1" index="0" bw="1" slack="0"/>
</pin_list>
<bind>
<StgValue><ssdm name=""/></StgValue>
</bind>
</comp>

<comp id="66" class="1001" name="const_66">
<pin_list>
<pin id="67" dir="1" index="0" bw="1" slack="0"/>
</pin_list>
<bind>
<StgValue><ssdm name="_ssdm_op_PartSelect.i16.i32.i32"/></StgValue>
</bind>
</comp>

<comp id="68" class="1001" name="const_68">
<pin_list>
<pin id="69" dir="1" index="0" bw="1" slack="0"/>
</pin_list>
<bind>
<StgValue><ssdm name=""/></StgValue>
</bind>
</comp>

<comp id="70" class="1004" name="i_fu_70">
<pin_list>
<pin id="71" dir="0" index="0" bw="1" slack="0"/>
<pin id="72" dir="1" index="1" bw="11" slack="0"/>
</pin_list>
<bind>
<opcode="alloca(26) " fcode="alloca"/>
<opset="i/1 "/>
</bind>
</comp>

<comp id="74" class="1004" name="empty_read_fu_74">
<pin_list>
<pin id="75" dir="0" index="0" bw="44" slack="0"/>
<pin id="76" dir="0" index="1" bw="32" slack="0"/>
<pin id="77" dir="0" index="2" bw="4" slack="0"/>
<pin id="78" dir="0" index="3" bw="4" slack="0"/>
<pin id="79" dir="0" index="4" bw="1" slack="0"/>
<pin id="80" dir="0" index="5" bw="1" slack="0"/>
<pin id="81" dir="0" index="6" bw="1" slack="0"/>
<pin id="82" dir="0" index="7" bw="1" slack="0"/>
<pin id="83" dir="1" index="8" bw="44" slack="0"/>
</pin_list>
<bind>
<opcode="read(1150) " fcode="read"/>
<opset="empty/2 "/>
</bind>
</comp>

<comp id="92" class="1004" name="bufI_addr_gep_fu_92">
<pin_list>
<pin id="93" dir="0" index="0" bw="16" slack="0"/>
<pin id="94" dir="0" index="1" bw="1" slack="0"/>
<pin id="95" dir="0" index="2" bw="11" slack="0"/>
<pin id="96" dir="1" index="3" bw="10" slack="0"/>
</pin_list>
<bind>
<opcode="getelementptr(29) " fcode="getelementptr"/>
<opset="bufI_addr/2 "/>
</bind>
</comp>

<comp id="99" class="1004" name="store_ln53_access_fu_99">
<pin_list>
<pin id="100" dir="0" index="0" bw="10" slack="2147483647"/>
<pin id="101" dir="0" index="1" bw="16" slack="2147483647"/>
<pin id="102" dir="0" index="2" bw="0" slack="0"/>
<pin id="104" dir="0" index="4" bw="10" slack="0"/>
<pin id="105" dir="0" index="5" bw="16" slack="2147483647"/>
<pin id="106" dir="0" index="6" bw="0" slack="2147483647"/>
<pin id="103" dir="1" index="3" bw="16" slack="2147483647"/>
<pin id="107" dir="1" index="7" bw="16" slack="2147483647"/>
</pin_list>
<bind>
<opcode="store(28) " fcode="store"/>
<opset="store_ln53/2 "/>
</bind>
</comp>

<comp id="109" class="1004" name="bufQ_addr_gep_fu_109">
<pin_list>
<pin id="110" dir="0" index="0" bw="16" slack="0"/>
<pin id="111" dir="0" index="1" bw="1" slack="0"/>
<pin id="112" dir="0" index="2" bw="11" slack="0"/>
<pin id="113" dir="1" index="3" bw="10" slack="0"/>
</pin_list>
<bind>
<opcode="getelementptr(29) " fcode="getelementptr"/>
<opset="bufQ_addr/2 "/>
</bind>
</comp>

<comp id="116" class="1004" name="store_ln54_access_fu_116">
<pin_list>
<pin id="117" dir="0" index="0" bw="10" slack="2147483647"/>
<pin id="118" dir="0" index="1" bw="16" slack="2147483647"/>
<pin id="119" dir="0" index="2" bw="0" slack="0"/>
<pin id="121" dir="0" index="4" bw="10" slack="0"/>
<pin id="122" dir="0" index="5" bw="16" slack="2147483647"/>
<pin id="123" dir="0" index="6" bw="0" slack="2147483647"/>
<pin id="120" dir="1" index="3" bw="16" slack="2147483647"/>
<pin id="124" dir="1" index="7" bw="16" slack="2147483647"/>
</pin_list>
<bind>
<opcode="store(28) " fcode="store"/>
<opset="store_ln54/2 "/>
</bind>
</comp>

<comp id="126" class="1004" name="store_ln41_store_fu_126">
<pin_list>
<pin id="127" dir="0" index="0" bw="1" slack="0"/>
<pin id="128" dir="0" index="1" bw="11" slack="0"/>
<pin id="129" dir="1" index="2" bw="0" slack="2147483647"/>
</pin_list>
<bind>
<opcode="store(28) " fcode="store"/>
<opset="store_ln41/1 "/>
</bind>
</comp>

<comp id="131" class="1004" name="i_4_load_fu_131">
<pin_list>
<pin id="132" dir="0" index="0" bw="11" slack="0"/>
<pin id="133" dir="1" index="1" bw="11" slack="0"/>
</pin_list>
<bind>
<opcode="load(27) " fcode="load"/>
<opset="i_4/1 "/>
</bind>
</comp>

<comp id="134" class="1004" name="icmp_ln41_fu_134">
<pin_list>
<pin id="135" dir="0" index="0" bw="11" slack="0"/>
<pin id="136" dir="0" index="1" bw="11" slack="0"/>
<pin id="137" dir="1" index="2" bw="1" slack="2147483647"/>
</pin_list>
<bind>
<opcode="icmp(45) " fcode="icmp"/>
<opset="icmp_ln41/1 "/>
</bind>
</comp>

<comp id="140" class="1004" name="add_ln41_fu_140">
<pin_list>
<pin id="141" dir="0" index="0" bw="11" slack="0"/>
<pin id="142" dir="0" index="1" bw="1" slack="0"/>
<pin id="143" dir="1" index="2" bw="11" slack="0"/>
</pin_list>
<bind>
<opcode="add(8) " fcode="add"/>
<opset="add_ln41/1 "/>
</bind>
</comp>

<comp id="146" class="1004" name="store_ln41_store_fu_146">
<pin_list>
<pin id="147" dir="0" index="0" bw="11" slack="0"/>
<pin id="148" dir="0" index="1" bw="11" slack="0"/>
<pin id="149" dir="1" index="2" bw="0" slack="2147483647"/>
</pin_list>
<bind>
<opcode="store(28) " fcode="store"/>
<opset="store_ln41/1 "/>
</bind>
</comp>

<comp id="151" class="1004" name="zext_ln41_fu_151">
<pin_list>
<pin id="152" dir="0" index="0" bw="11" slack="1"/>
<pin id="153" dir="1" index="1" bw="64" slack="0"/>
</pin_list>
<bind>
<opcode="zext(34) " fcode="zext"/>
<opset="zext_ln41/2 "/>
</bind>
</comp>

<comp id="156" class="1004" name="tdata_fu_156">
<pin_list>
<pin id="157" dir="0" index="0" bw="44" slack="0"/>
<pin id="158" dir="1" index="1" bw="32" slack="0"/>
</pin_list>
<bind>
<opcode="extractvalue(56) " fcode="extractvalue"/>
<opset="tdata/2 "/>
</bind>
</comp>

<comp id="160" class="1004" name="trunc_ln73_fu_160">
<pin_list>
<pin id="161" dir="0" index="0" bw="32" slack="0"/>
<pin id="162" dir="1" index="1" bw="16" slack="0"/>
</pin_list>
<bind>
<opcode="trunc(33) " fcode="trunc"/>
<opset="trunc_ln73/2 "/>
</bind>
</comp>

<comp id="165" class="1004" name="tmp_1_fu_165">
<pin_list>
<pin id="166" dir="0" index="0" bw="16" slack="0"/>
<pin id="167" dir="0" index="1" bw="32" slack="0"/>
<pin id="168" dir="0" index="2" bw="6" slack="0"/>
<pin id="169" dir="1" index="3" bw="16" slack="0"/>
</pin_list>
<bind>
<opcode="partselect(1002) " fcode="partselect"/>
<opset="tmp_1/2 "/>
</bind>
</comp>

<comp id="174" class="1005" name="i_reg_174">
<pin_list>
<pin id="175" dir="0" index="0" bw="11" slack="0"/>
<pin id="176" dir="1" index="1" bw="11" slack="0"/>
</pin_list>
<bind>
<opset="i "/>
</bind>
</comp>

<comp id="181" class="1005" name="i_4_reg_181">
<pin_list>
<pin id="182" dir="0" index="0" bw="11" slack="1"/>
<pin id="183" dir="1" index="1" bw="11" slack="1"/>
</pin_list>
<bind>
<opset="i_4 "/>
</bind>
</comp>

</comp_list>

<net_list>
<net id="73"><net_src comp="18" pin="0"/><net_sink comp="70" pin=0"/></net>

<net id="84"><net_src comp="62" pin="0"/><net_sink comp="74" pin=0"/></net>

<net id="85"><net_src comp="0" pin="0"/><net_sink comp="74" pin=1"/></net>

<net id="86"><net_src comp="2" pin="0"/><net_sink comp="74" pin=2"/></net>

<net id="87"><net_src comp="4" pin="0"/><net_sink comp="74" pin=3"/></net>

<net id="88"><net_src comp="6" pin="0"/><net_sink comp="74" pin=4"/></net>

<net id="89"><net_src comp="8" pin="0"/><net_sink comp="74" pin=5"/></net>

<net id="90"><net_src comp="10" pin="0"/><net_sink comp="74" pin=6"/></net>

<net id="91"><net_src comp="12" pin="0"/><net_sink comp="74" pin=7"/></net>

<net id="97"><net_src comp="14" pin="0"/><net_sink comp="92" pin=0"/></net>

<net id="98"><net_src comp="64" pin="0"/><net_sink comp="92" pin=1"/></net>

<net id="108"><net_src comp="92" pin="3"/><net_sink comp="99" pin=2"/></net>

<net id="114"><net_src comp="16" pin="0"/><net_sink comp="109" pin=0"/></net>

<net id="115"><net_src comp="64" pin="0"/><net_sink comp="109" pin=1"/></net>

<net id="125"><net_src comp="109" pin="3"/><net_sink comp="116" pin=2"/></net>

<net id="130"><net_src comp="46" pin="0"/><net_sink comp="126" pin=0"/></net>

<net id="138"><net_src comp="131" pin="1"/><net_sink comp="134" pin=0"/></net>

<net id="139"><net_src comp="48" pin="0"/><net_sink comp="134" pin=1"/></net>

<net id="144"><net_src comp="131" pin="1"/><net_sink comp="140" pin=0"/></net>

<net id="145"><net_src comp="50" pin="0"/><net_sink comp="140" pin=1"/></net>

<net id="150"><net_src comp="140" pin="2"/><net_sink comp="146" pin=0"/></net>

<net id="154"><net_src comp="151" pin="1"/><net_sink comp="92" pin=2"/></net>

<net id="155"><net_src comp="151" pin="1"/><net_sink comp="109" pin=2"/></net>

<net id="159"><net_src comp="74" pin="8"/><net_sink comp="156" pin=0"/></net>

<net id="163"><net_src comp="156" pin="1"/><net_sink comp="160" pin=0"/></net>

<net id="164"><net_src comp="160" pin="1"/><net_sink comp="99" pin=4"/></net>

<net id="170"><net_src comp="66" pin="0"/><net_sink comp="165" pin=0"/></net>

<net id="171"><net_src comp="156" pin="1"/><net_sink comp="165" pin=1"/></net>

<net id="172"><net_src comp="68" pin="0"/><net_sink comp="165" pin=2"/></net>

<net id="173"><net_src comp="165" pin="3"/><net_sink comp="116" pin=4"/></net>

<net id="177"><net_src comp="70" pin="1"/><net_sink comp="174" pin=0"/></net>

<net id="178"><net_src comp="174" pin="1"/><net_sink comp="126" pin=1"/></net>

<net id="179"><net_src comp="174" pin="1"/><net_sink comp="131" pin=0"/></net>

<net id="180"><net_src comp="174" pin="1"/><net_sink comp="146" pin=1"/></net>

<net id="184"><net_src comp="131" pin="1"/><net_sink comp="181" pin=0"/></net>

<net id="185"><net_src comp="181" pin="1"/><net_sink comp="151" pin=0"/></net>

</net_list>

</model> 
---------------- Datapath Model END ------------------

* FSMD analyzer results:
  - Output states:
	Port: bufI | {2 }
	Port: bufQ | {2 }
 - Input state : 
	Port: stage_read_input.1 : in_stream_V_data_V | {2 }
	Port: stage_read_input.1 : in_stream_V_keep_V | {2 }
	Port: stage_read_input.1 : in_stream_V_strb_V | {2 }
	Port: stage_read_input.1 : in_stream_V_user_V | {2 }
	Port: stage_read_input.1 : in_stream_V_last_V | {2 }
	Port: stage_read_input.1 : in_stream_V_id_V | {2 }
	Port: stage_read_input.1 : in_stream_V_dest_V | {2 }
  - Chain level:
	State 1
		store_ln41 : 1
		i_4 : 1
		icmp_ln41 : 2
		add_ln41 : 2
		br_ln41 : 3
		store_ln41 : 3
	State 2
		trunc_ln73 : 1
		bufI_addr : 1
		store_ln53 : 2
		tmp_1 : 1
		bufQ_addr : 1
		store_ln54 : 2


============================================================
+ Verbose Summary: Datapath Resource usage 
============================================================

* Functional unit list:
|----------|-------------------|---------|---------|
| Operation|  Functional Unit  |    FF   |   LUT   |
|----------|-------------------|---------|---------|
|   icmp   |  icmp_ln41_fu_134 |    0    |    11   |
|----------|-------------------|---------|---------|
|    add   |  add_ln41_fu_140  |    0    |    11   |
|----------|-------------------|---------|---------|
|   read   |  empty_read_fu_74 |    0    |    0    |
|----------|-------------------|---------|---------|
|   zext   |  zext_ln41_fu_151 |    0    |    0    |
|----------|-------------------|---------|---------|
|extractvalue|    tdata_fu_156   |    0    |    0    |
|----------|-------------------|---------|---------|
|   trunc  | trunc_ln73_fu_160 |    0    |    0    |
|----------|-------------------|---------|---------|
|partselect|    tmp_1_fu_165   |    0    |    0    |
|----------|-------------------|---------|---------|
|   Total  |                   |    0    |    22   |
|----------|-------------------|---------|---------|

Memories:
N/A

* Register list:
+-----------+--------+
|           |   FF   |
+-----------+--------+
|i_4_reg_181|   11   |
| i_reg_174 |   11   |
+-----------+--------+
|   Total   |   22   |
+-----------+--------+

* Multiplexer (MUX) list: 
|--------|------|------|------|--------|
|  Comp  |  Pin | Size |  BW  | S x BW |
|--------|------|------|------|--------|
|  Total |      |      |      |    0   |
|--------|------|------|------|--------|



* Summary:
+-----------+--------+--------+
|           |   FF   |   LUT  |
+-----------+--------+--------+
|  Function |    0   |   22   |
|   Memory  |    -   |    -   |
|Multiplexer|    -   |    -   |
|  Register |   22   |    -   |
+-----------+--------+--------+
|   Total   |   22   |   22   |
+-----------+--------+--------+
