

================================================================
== Vitis HLS Report for 'stage_process_fft_real_Pipeline_feed_loop'
================================================================
* Date:           Tue Apr 28 16:25:29 2026

* Version:        2025.2 (Build 6295257 on Nov 14 2025)
* Project:        zenith_fft_1d_prj
* Solution:       solution1 (Vivado IP Flow Target)
* Product family: zynq
* Target device:  xc7z020-clg400-2


================================================================
== Performance Estimates
================================================================
+ Timing: 
    * Summary: 
    +--------+---------+----------+------------+
    |  Clock |  Target | Estimated| Uncertainty|
    +--------+---------+----------+------------+
    |ap_clk  |  6.67 ns|  4.078 ns|     1.80 ns|
    +--------+---------+----------+------------+

+ Latency: 
    * Summary: 
    +---------+---------+----------+----------+-----+-----+-------------------+
    |  Latency (cycles) |  Latency (absolute) |  Interval |      Pipeline     |
    |   min   |   max   |    min   |    max   | min | max |        Type       |
    +---------+---------+----------+----------+-----+-----+-------------------+
    |     1027|     1027|  6.850 us|  6.850 us|    0|    0|  loop pipeline stp|
    +---------+---------+----------+----------+-----+-----+-------------------+

    + Detail: 
        * Instance: 
        N/A

        * Loop: 
        +-------------+---------+---------+----------+-----------+-----------+------+----------+
        |             |  Latency (cycles) | Iteration|  Initiation Interval  | Trip |          |
        |  Loop Name  |   min   |   max   |  Latency |  achieved |   target  | Count| Pipelined|
        +-------------+---------+---------+----------+-----------+-----------+------+----------+
        |- feed_loop  |     1025|     1025|         3|          1|          1|  1024|       yes|
        +-------------+---------+---------+----------+-----------+-----------+------+----------+



================================================================
== Utilization Estimates
================================================================
* Summary: 
+-----------------+---------+-----+--------+-------+-----+
|       Name      | BRAM_18K| DSP |   FF   |  LUT  | URAM|
+-----------------+---------+-----+--------+-------+-----+
|DSP              |        -|    -|       -|      -|    -|
|Expression       |        -|    -|       0|     26|    -|
|FIFO             |        -|    -|       -|      -|    -|
|Instance         |        -|    -|       -|      -|    -|
|Memory           |        -|    -|       -|      -|    -|
|Multiplexer      |        -|    -|       0|     45|    -|
|Register         |        -|    -|      48|      -|    -|
+-----------------+---------+-----+--------+-------+-----+
|Total            |        0|    0|      48|     71|    0|
+-----------------+---------+-----+--------+-------+-----+
|Available        |      280|  220|  106400|  53200|    0|
+-----------------+---------+-----+--------+-------+-----+
|Utilization (%)  |        0|    0|      ~0|     ~0|    0|
+-----------------+---------+-----+--------+-------+-----+

+ Detail: 
    * Instance: 
    N/A

    * DSP: 
    N/A

    * Memory: 
    N/A

    * FIFO: 
    N/A

    * Expression: 
    +--------------------------------+----------+----+---+----+------------+------------+
    |          Variable Name         | Operation| DSP| FF| LUT| Bitwidth P0| Bitwidth P1|
    +--------------------------------+----------+----+---+----+------------+------------+
    |add_ln131_fu_101_p2             |         +|   0|  0|  11|          11|           1|
    |ap_block_pp0_stage0_01001_grp1  |       and|   0|  0|   1|           1|           1|
    |icmp_ln131_fu_95_p2             |      icmp|   0|  0|  12|          11|          12|
    |ap_enable_pp0                   |       xor|   0|  0|   2|           1|           2|
    +--------------------------------+----------+----+---+----+------------+------------+
    |Total                           |          |   0|  0|  26|          24|          16|
    +--------------------------------+----------+----+---+----+------------+------------+

    * Multiplexer: 
    +-------------------------+----+-----------+-----+-----------+
    |           Name          | LUT| Input Size| Bits| Total Bits|
    +-------------------------+----+-----------+-----+-----------+
    |ap_done_int              |   9|          2|    1|          2|
    |ap_enable_reg_pp0_iter1  |   9|          2|    1|          2|
    |ap_sig_allocacmp_i_6     |   9|          2|   11|         22|
    |fft_in_stream_blk_n      |   9|          2|    1|          2|
    |i_fu_50                  |   9|          2|   11|         22|
    +-------------------------+----+-----------+-----+-----------+
    |Total                    |  45|         10|   25|         50|
    +-------------------------+----+-----------+-----+-----------+

    * Register: 
    +----------------------------------+----+----+-----+-----------+
    |               Name               | FF | LUT| Bits| Const Bits|
    +----------------------------------+----+----+-----+-----------+
    |ap_CS_fsm                         |   1|   0|    1|          0|
    |ap_done_reg                       |   1|   0|    1|          0|
    |ap_enable_reg_pp0_iter1           |   1|   0|    1|          0|
    |ap_enable_reg_pp0_iter2           |   1|   0|    1|          0|
    |ap_loop_exit_ready_pp0_iter1_reg  |   1|   0|    1|          0|
    |i_fu_50                           |  11|   0|   11|          0|
    |imag_val_reg_151                  |  16|   0|   16|          0|
    |real_val_reg_146                  |  16|   0|   16|          0|
    +----------------------------------+----+----+-----+-----------+
    |Total                             |  48|   0|   48|          0|
    +----------------------------------+----+----+-----+-----------+



================================================================
== Interface
================================================================
* Summary: 
+----------------------+-----+-----+------------+-------------------------------------------+--------------+
|       RTL Ports      | Dir | Bits|  Protocol  |               Source Object               |    C Type    |
+----------------------+-----+-----+------------+-------------------------------------------+--------------+
|ap_clk                |   in|    1|  ap_ctrl_hs|  stage_process_fft_real_Pipeline_feed_loop|  return value|
|ap_rst                |   in|    1|  ap_ctrl_hs|  stage_process_fft_real_Pipeline_feed_loop|  return value|
|ap_start              |   in|    1|  ap_ctrl_hs|  stage_process_fft_real_Pipeline_feed_loop|  return value|
|ap_done               |  out|    1|  ap_ctrl_hs|  stage_process_fft_real_Pipeline_feed_loop|  return value|
|ap_idle               |  out|    1|  ap_ctrl_hs|  stage_process_fft_real_Pipeline_feed_loop|  return value|
|ap_ready              |  out|    1|  ap_ctrl_hs|  stage_process_fft_real_Pipeline_feed_loop|  return value|
|fft_in_stream_din     |  out|   32|     ap_fifo|                              fft_in_stream|       pointer|
|fft_in_stream_full_n  |   in|    1|     ap_fifo|                              fft_in_stream|       pointer|
|fft_in_stream_write   |  out|    1|     ap_fifo|                              fft_in_stream|       pointer|
|in_bufI_address0      |  out|   10|   ap_memory|                                    in_bufI|         array|
|in_bufI_ce0           |  out|    1|   ap_memory|                                    in_bufI|         array|
|in_bufI_q0            |   in|   16|   ap_memory|                                    in_bufI|         array|
|in_bufQ_address0      |  out|   10|   ap_memory|                                    in_bufQ|         array|
|in_bufQ_ce0           |  out|    1|   ap_memory|                                    in_bufQ|         array|
|in_bufQ_q0            |   in|   16|   ap_memory|                                    in_bufQ|         array|
+----------------------+-----+-----+------------+-------------------------------------------+--------------+

============================================================
+ Verbose Summary: Synthesis Manager
============================================================
InlineROM: 1
ExposeGlobal: 0
============================================================
+ Verbose Summary: CDFG Model
============================================================
IsTopModel: 0
ResetActiveHigh: 1
IsCombinational: 2
IsDatapathOnly: 2
HasWiredReturn: 1
HasMFsm: 2
HasVarLatency: 1
IsPipeline: 0
IsRtlPipelined: 0
IsInstanceOverlapped: 0
IsDontTouch: 0
HasImplIP: 0
IsGatedGlobalClock: 0

+ Individual pipeline summary: 
  * Pipeline-0: initiation interval (II) = 1, depth = 3


============================================================
+ Verbose Summary: Schedule
============================================================
* Number of FSM states : 3
* Pipeline : 1
  Pipeline-0 : II = 1, D = 3, States = { 1 2 3 }
* Dataflow Pipeline: 0

* FSM state transitions: 
1 --> 2 
2 --> 3 
3 --> 

* FSM state operations: 

State 1 <SV = 0> <Delay = 4.07>
ST_1 : Operation 6 [1/1] (0.00ns)   --->   "%i = alloca i32 1" [src/fft_1d_hls.cpp:131->src/fft_1d.cpp:175]   --->   Operation 6 'alloca' 'i' <Predicate = true> <Delay = 0.00>
ST_1 : Operation 7 [1/1] (0.00ns)   --->   "%specmemcore_ln0 = specmemcore void @_ssdm_op_SpecMemCore, i16 %in_bufI, i64 666, i64 22, i64 18446744073709551615, i1 0"   --->   Operation 7 'specmemcore' 'specmemcore_ln0' <Predicate = true> <Delay = 0.00>
ST_1 : Operation 8 [1/1] (0.00ns)   --->   "%specmemcore_ln0 = specmemcore void @_ssdm_op_SpecMemCore, i16 %in_bufQ, i64 666, i64 22, i64 18446744073709551615, i1 0"   --->   Operation 8 'specmemcore' 'specmemcore_ln0' <Predicate = true> <Delay = 0.00>
ST_1 : Operation 9 [1/1] (0.00ns)   --->   "%specinterface_ln0 = specinterface void @_ssdm_op_SpecInterface, i32 %fft_in_stream, void @empty_0, i32 0, i32 0, void @empty_9, i32 0, i32 0, void @empty_9, void @empty_9, void @empty_9, i32 0, i32 0, i32 0, i32 0, void @empty_9, void @empty_9, i32 4294967295, i32 0, i32 0, i32 0"   --->   Operation 9 'specinterface' 'specinterface_ln0' <Predicate = true> <Delay = 0.00>
ST_1 : Operation 10 [1/1] (1.29ns)   --->   "%store_ln131 = store i11 0, i11 %i" [src/fft_1d_hls.cpp:131->src/fft_1d.cpp:175]   --->   Operation 10 'store' 'store_ln131' <Predicate = true> <Delay = 1.29>
ST_1 : Operation 11 [1/1] (0.00ns)   --->   "%br_ln0 = br void %for.inc.i"   --->   Operation 11 'br' 'br_ln0' <Predicate = true> <Delay = 0.00>
ST_1 : Operation 12 [1/1] (0.00ns)   --->   "%i_6 = load i11 %i" [src/fft_1d_hls.cpp:131->src/fft_1d.cpp:175]   --->   Operation 12 'load' 'i_6' <Predicate = true> <Delay = 0.00>
ST_1 : Operation 13 [1/1] (1.48ns)   --->   "%icmp_ln131 = icmp_eq  i11 %i_6, i11 1024" [src/fft_1d_hls.cpp:131->src/fft_1d.cpp:175]   --->   Operation 13 'icmp' 'icmp_ln131' <Predicate = true> <Delay = 1.48> <CoreInst = "Cmp">   --->   Core 9 'Cmp' <Latency = 0> <II = 1> <Delay = 1.54> <FuncUnit> <Opcode : 'seteq' 'setne' 'setle' 'setge' 'setlt' 'setgt'> <InPorts = 2> <OutPorts = 1>
ST_1 : Operation 14 [1/1] (1.48ns)   --->   "%add_ln131 = add i11 %i_6, i11 1" [src/fft_1d_hls.cpp:131->src/fft_1d.cpp:175]   --->   Operation 14 'add' 'add_ln131' <Predicate = true> <Delay = 1.48> <CoreInst = "Adder">   --->   Core 1 'Adder' <Latency = 0> <II = 1> <Delay = 1.48> <FuncUnit> <Opcode : 'add' 'sub'> <InPorts = 2> <OutPorts = 1>
ST_1 : Operation 15 [1/1] (0.00ns)   --->   "%br_ln131 = br i1 %icmp_ln131, void %for.inc.split.i, void %for.end.i.exitStub" [src/fft_1d_hls.cpp:131->src/fft_1d.cpp:175]   --->   Operation 15 'br' 'br_ln131' <Predicate = true> <Delay = 0.00>
ST_1 : Operation 16 [1/1] (0.00ns)   --->   "%zext_ln131 = zext i11 %i_6" [src/fft_1d_hls.cpp:131->src/fft_1d.cpp:175]   --->   Operation 16 'zext' 'zext_ln131' <Predicate = (!icmp_ln131)> <Delay = 0.00>
ST_1 : Operation 17 [1/1] (0.00ns)   --->   "%in_bufI_addr = getelementptr i16 %in_bufI, i64 0, i64 %zext_ln131" [src/fft_1d_hls.cpp:135->src/fft_1d.cpp:175]   --->   Operation 17 'getelementptr' 'in_bufI_addr' <Predicate = (!icmp_ln131)> <Delay = 0.00>
ST_1 : Operation 18 [2/2] (2.77ns)   --->   "%real_val = load i10 %in_bufI_addr" [src/fft_1d_hls.cpp:135->src/fft_1d.cpp:175]   --->   Operation 18 'load' 'real_val' <Predicate = (!icmp_ln131)> <Delay = 2.77> <CoreInst = "RAM_2P_BRAM">   --->   Core 90 'RAM_2P_BRAM' <Latency = 1> <II = 1> <Delay = 2.77> <Storage> <Opcode : 'load' 'store'> <Ports = 2> <Width = 16> <Depth = 1024> <RAM>
ST_1 : Operation 19 [1/1] (0.00ns)   --->   "%in_bufQ_addr = getelementptr i16 %in_bufQ, i64 0, i64 %zext_ln131" [src/fft_1d_hls.cpp:136->src/fft_1d.cpp:175]   --->   Operation 19 'getelementptr' 'in_bufQ_addr' <Predicate = (!icmp_ln131)> <Delay = 0.00>
ST_1 : Operation 20 [2/2] (2.77ns)   --->   "%imag_val = load i10 %in_bufQ_addr" [src/fft_1d_hls.cpp:136->src/fft_1d.cpp:175]   --->   Operation 20 'load' 'imag_val' <Predicate = (!icmp_ln131)> <Delay = 2.77> <CoreInst = "RAM_2P_BRAM">   --->   Core 90 'RAM_2P_BRAM' <Latency = 1> <II = 1> <Delay = 2.77> <Storage> <Opcode : 'load' 'store'> <Ports = 2> <Width = 16> <Depth = 1024> <RAM>
ST_1 : Operation 21 [1/1] (1.29ns)   --->   "%store_ln131 = store i11 %add_ln131, i11 %i" [src/fft_1d_hls.cpp:131->src/fft_1d.cpp:175]   --->   Operation 21 'store' 'store_ln131' <Predicate = (!icmp_ln131)> <Delay = 1.29>

State 2 <SV = 1> <Delay = 2.77>
ST_2 : Operation 22 [1/2] ( I:2.77ns O:2.77ns )   --->   "%real_val = load i10 %in_bufI_addr" [src/fft_1d_hls.cpp:135->src/fft_1d.cpp:175]   --->   Operation 22 'load' 'real_val' <Predicate = true> <Delay = 2.77> <CoreInst = "RAM_2P_BRAM">   --->   Core 90 'RAM_2P_BRAM' <Latency = 1> <II = 1> <Delay = 2.77> <Storage> <Opcode : 'load' 'store'> <Ports = 2> <Width = 16> <Depth = 1024> <RAM>
ST_2 : Operation 23 [1/2] ( I:2.77ns O:2.77ns )   --->   "%imag_val = load i10 %in_bufQ_addr" [src/fft_1d_hls.cpp:136->src/fft_1d.cpp:175]   --->   Operation 23 'load' 'imag_val' <Predicate = true> <Delay = 2.77> <CoreInst = "RAM_2P_BRAM">   --->   Core 90 'RAM_2P_BRAM' <Latency = 1> <II = 1> <Delay = 2.77> <Storage> <Opcode : 'load' 'store'> <Ports = 2> <Width = 16> <Depth = 1024> <RAM>
ST_2 : Operation 30 [1/1] (1.29ns)   --->   "%ret_ln0 = ret"   --->   Operation 30 'ret' 'ret_ln0' <Predicate = (icmp_ln131)> <Delay = 1.29>

State 3 <SV = 2> <Delay = 2.43>
ST_3 : Operation 24 [1/1] (0.00ns)   --->   "%specpipeline_ln132 = specpipeline void @_ssdm_op_SpecPipeline, i32 1, i32 0, i32 0, i32 0, i32 4294967295, void @empty_9" [src/fft_1d_hls.cpp:132->src/fft_1d.cpp:175]   --->   Operation 24 'specpipeline' 'specpipeline_ln132' <Predicate = true> <Delay = 0.00>
ST_3 : Operation 25 [1/1] (0.00ns)   --->   "%speclooptripcount_ln131 = speclooptripcount void @_ssdm_op_SpecLoopTripCount, i64 1024, i64 1024, i64 1024" [src/fft_1d_hls.cpp:131->src/fft_1d.cpp:175]   --->   Operation 25 'speclooptripcount' 'speclooptripcount_ln131' <Predicate = true> <Delay = 0.00>
ST_3 : Operation 26 [1/1] (0.00ns)   --->   "%specloopname_ln131 = specloopname void @_ssdm_op_SpecLoopName, void @empty_11" [src/fft_1d_hls.cpp:131->src/fft_1d.cpp:175]   --->   Operation 26 'specloopname' 'specloopname_ln131' <Predicate = true> <Delay = 0.00>
ST_3 : Operation 27 [1/1] (0.00ns)   --->   "%p_0 = bitconcatenate i32 @_ssdm_op_BitConcatenate.i32.i16.i16, i16 %imag_val, i16 %real_val" [src/fft_1d_hls.cpp:138->src/fft_1d.cpp:175]   --->   Operation 27 'bitconcatenate' 'p_0' <Predicate = true> <Delay = 0.00>
ST_3 : Operation 28 [1/1] ( I:2.43ns O:2.43ns )   --->   "%write_ln138 = write void @_ssdm_op_Write.ap_fifo.volatile.i32P0A, i32 %fft_in_stream, i32 %p_0" [src/fft_1d_hls.cpp:138->src/fft_1d.cpp:175]   --->   Operation 28 'write' 'write_ln138' <Predicate = true> <Delay = 2.43> <CoreInst = "FIFO">   --->   Core 77 'FIFO' <Latency = 0> <II = 1> <Delay = 3.41> <Storage> <Opcode : 'read' 'write' 'nbread' 'nbwrite'> <Ports = 0> <Width = 32> <Depth = 1024> <FIFO>
ST_3 : Operation 29 [1/1] (0.00ns)   --->   "%br_ln131 = br void %for.inc.i" [src/fft_1d_hls.cpp:131->src/fft_1d.cpp:175]   --->   Operation 29 'br' 'br_ln131' <Predicate = true> <Delay = 0.00>


============================================================
+ Verbose Summary: Binding
============================================================
STG Binding: 
---------------- STG Properties BEGIN ----------------
- Is combinational: 0
- Is one-state seq: 0
- Is datapath-only: 0
- Is pipelined: 0
- Is top level: 0
Port [ Return ] is wired: 1; IO mode=ap_ctrl_hs:ce=0
Port [ in_bufI]:  wired=1; compound=1; hidden=0; nouse=0; global=0; static=0; extern=0; dir=0; type=1; pingpong=1; private_global=0; MemPort=[13]; IO mode=ap_memory:ce=0
Port [ in_bufQ]:  wired=1; compound=1; hidden=0; nouse=0; global=0; static=0; extern=0; dir=0; type=1; pingpong=1; private_global=0; MemPort=[13]; IO mode=ap_memory:ce=0
Port [ fft_in_stream]:  wired=1; compound=1; hidden=0; nouse=0; global=0; static=0; extern=0; dir=1; type=3; pingpong=0; private_global=0; IO mode=ap_fifo:ce=0
---------------- STG Properties END ------------------

---------------- Datapath Model BEGIN ----------------

<LifeTime>
<method=bitvector/>
i                       (alloca           ) [ 0100]
specmemcore_ln0         (specmemcore      ) [ 0000]
specmemcore_ln0         (specmemcore      ) [ 0000]
specinterface_ln0       (specinterface    ) [ 0000]
store_ln131             (store            ) [ 0000]
br_ln0                  (br               ) [ 0000]
i_6                     (load             ) [ 0000]
icmp_ln131              (icmp             ) [ 0110]
add_ln131               (add              ) [ 0000]
br_ln131                (br               ) [ 0000]
zext_ln131              (zext             ) [ 0000]
in_bufI_addr            (getelementptr    ) [ 0110]
in_bufQ_addr            (getelementptr    ) [ 0110]
store_ln131             (store            ) [ 0000]
real_val                (load             ) [ 0101]
imag_val                (load             ) [ 0101]
specpipeline_ln132      (specpipeline     ) [ 0000]
speclooptripcount_ln131 (speclooptripcount) [ 0000]
specloopname_ln131      (specloopname     ) [ 0000]
p_0                     (bitconcatenate   ) [ 0000]
write_ln138             (write            ) [ 0000]
br_ln131                (br               ) [ 0000]
ret_ln0                 (ret              ) [ 0000]
</LifeTime>

<model>

<comp_list>
<comp id="0" class="1000" name="in_bufI">
<pin_list>
<pin id="1" dir="1" index="0" bw="1" slack="0"/>
</pin_list>
<bind>
<StgValue><ssdm name="in_bufI"/><MemPortTyVec>1 3 </MemPortTyVec>
</StgValue>
</bind>
</comp>

<comp id="2" class="1000" name="in_bufQ">
<pin_list>
<pin id="3" dir="1" index="0" bw="1" slack="0"/>
</pin_list>
<bind>
<StgValue><ssdm name="in_bufQ"/><MemPortTyVec>1 3 </MemPortTyVec>
</StgValue>
</bind>
</comp>

<comp id="4" class="1000" name="fft_in_stream">
<pin_list>
<pin id="5" dir="1" index="0" bw="1" slack="0"/>
</pin_list>
<bind>
<StgValue><ssdm name="fft_in_stream"/></StgValue>
</bind>
</comp>

<comp id="6" class="1001" name="const_6">
<pin_list>
<pin id="7" dir="1" index="0" bw="1" slack="0"/>
</pin_list>
<bind>
<StgValue><ssdm name=""/></StgValue>
</bind>
</comp>

<comp id="8" class="1001" name="const_8">
<pin_list>
<pin id="9" dir="1" index="0" bw="1" slack="2147483647"/>
</pin_list>
<bind>
<StgValue><ssdm name="_ssdm_op_SpecMemCore"/></StgValue>
</bind>
</comp>

<comp id="10" class="1001" name="const_10">
<pin_list>
<pin id="11" dir="1" index="0" bw="1" slack="2147483647"/>
</pin_list>
<bind>
<StgValue><ssdm name=""/></StgValue>
</bind>
</comp>

<comp id="12" class="1001" name="const_12">
<pin_list>
<pin id="13" dir="1" index="0" bw="1" slack="2147483647"/>
</pin_list>
<bind>
<StgValue><ssdm name=""/></StgValue>
</bind>
</comp>

<comp id="14" class="1001" name="const_14">
<pin_list>
<pin id="15" dir="1" index="0" bw="1" slack="2147483647"/>
</pin_list>
<bind>
<StgValue><ssdm name=""/></StgValue>
</bind>
</comp>

<comp id="16" class="1001" name="const_16">
<pin_list>
<pin id="17" dir="1" index="0" bw="1" slack="2147483647"/>
</pin_list>
<bind>
<StgValue><ssdm name=""/></StgValue>
</bind>
</comp>

<comp id="18" class="1001" name="const_18">
<pin_list>
<pin id="19" dir="1" index="0" bw="1" slack="2147483647"/>
</pin_list>
<bind>
<StgValue><ssdm name="_ssdm_op_SpecInterface"/></StgValue>
</bind>
</comp>

<comp id="20" class="1001" name="const_20">
<pin_list>
<pin id="21" dir="1" index="0" bw="1" slack="2147483647"/>
</pin_list>
<bind>
<StgValue><ssdm name="empty_0"/></StgValue>
</bind>
</comp>

<comp id="22" class="1001" name="const_22">
<pin_list>
<pin id="23" dir="1" index="0" bw="1" slack="2147483647"/>
</pin_list>
<bind>
<StgValue><ssdm name=""/></StgValue>
</bind>
</comp>

<comp id="24" class="1001" name="const_24">
<pin_list>
<pin id="25" dir="1" index="0" bw="1" slack="2147483647"/>
</pin_list>
<bind>
<StgValue><ssdm name="empty_9"/></StgValue>
</bind>
</comp>

<comp id="26" class="1001" name="const_26">
<pin_list>
<pin id="27" dir="1" index="0" bw="1" slack="2147483647"/>
</pin_list>
<bind>
<StgValue><ssdm name=""/></StgValue>
</bind>
</comp>

<comp id="28" class="1001" name="const_28">
<pin_list>
<pin id="29" dir="1" index="0" bw="1" slack="0"/>
</pin_list>
<bind>
<StgValue><ssdm name=""/></StgValue>
</bind>
</comp>

<comp id="30" class="1001" name="const_30">
<pin_list>
<pin id="31" dir="1" index="0" bw="1" slack="0"/>
</pin_list>
<bind>
<StgValue><ssdm name=""/></StgValue>
</bind>
</comp>

<comp id="32" class="1001" name="const_32">
<pin_list>
<pin id="33" dir="1" index="0" bw="1" slack="0"/>
</pin_list>
<bind>
<StgValue><ssdm name=""/></StgValue>
</bind>
</comp>

<comp id="34" class="1001" name="const_34">
<pin_list>
<pin id="35" dir="1" index="0" bw="1" slack="0"/>
</pin_list>
<bind>
<StgValue><ssdm name=""/></StgValue>
</bind>
</comp>

<comp id="36" class="1001" name="const_36">
<pin_list>
<pin id="37" dir="1" index="0" bw="1" slack="2147483647"/>
</pin_list>
<bind>
<StgValue><ssdm name="_ssdm_op_SpecPipeline"/></StgValue>
</bind>
</comp>

<comp id="38" class="1001" name="const_38">
<pin_list>
<pin id="39" dir="1" index="0" bw="1" slack="2147483647"/>
</pin_list>
<bind>
<StgValue><ssdm name="_ssdm_op_SpecLoopTripCount"/></StgValue>
</bind>
</comp>

<comp id="40" class="1001" name="const_40">
<pin_list>
<pin id="41" dir="1" index="0" bw="1" slack="2147483647"/>
</pin_list>
<bind>
<StgValue><ssdm name=""/></StgValue>
</bind>
</comp>

<comp id="42" class="1001" name="const_42">
<pin_list>
<pin id="43" dir="1" index="0" bw="1" slack="2147483647"/>
</pin_list>
<bind>
<StgValue><ssdm name="_ssdm_op_SpecLoopName"/></StgValue>
</bind>
</comp>

<comp id="44" class="1001" name="const_44">
<pin_list>
<pin id="45" dir="1" index="0" bw="1" slack="2147483647"/>
</pin_list>
<bind>
<StgValue><ssdm name="empty_11"/></StgValue>
</bind>
</comp>

<comp id="46" class="1001" name="const_46">
<pin_list>
<pin id="47" dir="1" index="0" bw="1" slack="0"/>
</pin_list>
<bind>
<StgValue><ssdm name="_ssdm_op_BitConcatenate.i32.i16.i16"/></StgValue>
</bind>
</comp>

<comp id="48" class="1001" name="const_48">
<pin_list>
<pin id="49" dir="1" index="0" bw="1" slack="0"/>
</pin_list>
<bind>
<StgValue><ssdm name="_ssdm_op_Write.ap_fifo.volatile.i32P0A"/></StgValue>
</bind>
</comp>

<comp id="50" class="1004" name="i_fu_50">
<pin_list>
<pin id="51" dir="0" index="0" bw="1" slack="0"/>
<pin id="52" dir="1" index="1" bw="11" slack="0"/>
</pin_list>
<bind>
<opcode="alloca(26) " fcode="alloca"/>
<opset="i/1 "/>
</bind>
</comp>

<comp id="54" class="1004" name="write_ln138_write_fu_54">
<pin_list>
<pin id="55" dir="0" index="0" bw="0" slack="0"/>
<pin id="56" dir="0" index="1" bw="32" slack="0"/>
<pin id="57" dir="0" index="2" bw="32" slack="0"/>
<pin id="58" dir="1" index="3" bw="0" slack="2147483647"/>
</pin_list>
<bind>
<opcode="write(1151) " fcode="write"/>
<opset="write_ln138/3 "/>
</bind>
</comp>

<comp id="61" class="1004" name="in_bufI_addr_gep_fu_61">
<pin_list>
<pin id="62" dir="0" index="0" bw="16" slack="0"/>
<pin id="63" dir="0" index="1" bw="1" slack="0"/>
<pin id="64" dir="0" index="2" bw="11" slack="0"/>
<pin id="65" dir="1" index="3" bw="10" slack="0"/>
</pin_list>
<bind>
<opcode="getelementptr(29) " fcode="getelementptr"/>
<opset="in_bufI_addr/1 "/>
</bind>
</comp>

<comp id="68" class="1004" name="grp_access_fu_68">
<pin_list>
<pin id="69" dir="0" index="0" bw="10" slack="0"/>
<pin id="70" dir="0" index="1" bw="16" slack="2147483647"/>
<pin id="71" dir="0" index="2" bw="0" slack="2147483647"/>
<pin id="72" dir="1" index="3" bw="16" slack="1"/>
</pin_list>
<bind>
<opcode="load(27) " fcode="load"/>
<opset="real_val/1 "/>
</bind>
</comp>

<comp id="74" class="1004" name="in_bufQ_addr_gep_fu_74">
<pin_list>
<pin id="75" dir="0" index="0" bw="16" slack="0"/>
<pin id="76" dir="0" index="1" bw="1" slack="0"/>
<pin id="77" dir="0" index="2" bw="11" slack="0"/>
<pin id="78" dir="1" index="3" bw="10" slack="0"/>
</pin_list>
<bind>
<opcode="getelementptr(29) " fcode="getelementptr"/>
<opset="in_bufQ_addr/1 "/>
</bind>
</comp>

<comp id="81" class="1004" name="grp_access_fu_81">
<pin_list>
<pin id="82" dir="0" index="0" bw="10" slack="0"/>
<pin id="83" dir="0" index="1" bw="16" slack="2147483647"/>
<pin id="84" dir="0" index="2" bw="0" slack="2147483647"/>
<pin id="85" dir="1" index="3" bw="16" slack="1"/>
</pin_list>
<bind>
<opcode="load(27) " fcode="load"/>
<opset="imag_val/1 "/>
</bind>
</comp>

<comp id="87" class="1004" name="store_ln131_store_fu_87">
<pin_list>
<pin id="88" dir="0" index="0" bw="1" slack="0"/>
<pin id="89" dir="0" index="1" bw="11" slack="0"/>
<pin id="90" dir="1" index="2" bw="0" slack="2147483647"/>
</pin_list>
<bind>
<opcode="store(28) " fcode="store"/>
<opset="store_ln131/1 "/>
</bind>
</comp>

<comp id="92" class="1004" name="i_6_load_fu_92">
<pin_list>
<pin id="93" dir="0" index="0" bw="11" slack="0"/>
<pin id="94" dir="1" index="1" bw="11" slack="0"/>
</pin_list>
<bind>
<opcode="load(27) " fcode="load"/>
<opset="i_6/1 "/>
</bind>
</comp>

<comp id="95" class="1004" name="icmp_ln131_fu_95">
<pin_list>
<pin id="96" dir="0" index="0" bw="11" slack="0"/>
<pin id="97" dir="0" index="1" bw="11" slack="0"/>
<pin id="98" dir="1" index="2" bw="1" slack="1"/>
</pin_list>
<bind>
<opcode="icmp(45) " fcode="icmp"/>
<opset="icmp_ln131/1 "/>
</bind>
</comp>

<comp id="101" class="1004" name="add_ln131_fu_101">
<pin_list>
<pin id="102" dir="0" index="0" bw="11" slack="0"/>
<pin id="103" dir="0" index="1" bw="1" slack="0"/>
<pin id="104" dir="1" index="2" bw="11" slack="0"/>
</pin_list>
<bind>
<opcode="add(8) " fcode="add"/>
<opset="add_ln131/1 "/>
</bind>
</comp>

<comp id="107" class="1004" name="zext_ln131_fu_107">
<pin_list>
<pin id="108" dir="0" index="0" bw="11" slack="0"/>
<pin id="109" dir="1" index="1" bw="64" slack="0"/>
</pin_list>
<bind>
<opcode="zext(34) " fcode="zext"/>
<opset="zext_ln131/1 "/>
</bind>
</comp>

<comp id="113" class="1004" name="store_ln131_store_fu_113">
<pin_list>
<pin id="114" dir="0" index="0" bw="11" slack="0"/>
<pin id="115" dir="0" index="1" bw="11" slack="0"/>
<pin id="116" dir="1" index="2" bw="0" slack="2147483647"/>
</pin_list>
<bind>
<opcode="store(28) " fcode="store"/>
<opset="store_ln131/1 "/>
</bind>
</comp>

<comp id="118" class="1004" name="p_0_fu_118">
<pin_list>
<pin id="119" dir="0" index="0" bw="32" slack="0"/>
<pin id="120" dir="0" index="1" bw="16" slack="1"/>
<pin id="121" dir="0" index="2" bw="16" slack="1"/>
<pin id="122" dir="1" index="3" bw="32" slack="0"/>
</pin_list>
<bind>
<opcode="bitconcatenate(1004) " fcode="bitconcatenate"/>
<opset="p_0/3 "/>
</bind>
</comp>

<comp id="125" class="1005" name="i_reg_125">
<pin_list>
<pin id="126" dir="0" index="0" bw="11" slack="0"/>
<pin id="127" dir="1" index="1" bw="11" slack="0"/>
</pin_list>
<bind>
<opset="i "/>
</bind>
</comp>

<comp id="132" class="1005" name="icmp_ln131_reg_132">
<pin_list>
<pin id="133" dir="0" index="0" bw="1" slack="1"/>
<pin id="134" dir="1" index="1" bw="1" slack="2147483647"/>
</pin_list>
<bind>
<opset="icmp_ln131 "/>
</bind>
</comp>

<comp id="136" class="1005" name="in_bufI_addr_reg_136">
<pin_list>
<pin id="137" dir="0" index="0" bw="10" slack="1"/>
<pin id="138" dir="1" index="1" bw="10" slack="1"/>
</pin_list>
<bind>
<opset="in_bufI_addr "/>
</bind>
</comp>

<comp id="141" class="1005" name="in_bufQ_addr_reg_141">
<pin_list>
<pin id="142" dir="0" index="0" bw="10" slack="1"/>
<pin id="143" dir="1" index="1" bw="10" slack="1"/>
</pin_list>
<bind>
<opset="in_bufQ_addr "/>
</bind>
</comp>

<comp id="146" class="1005" name="real_val_reg_146">
<pin_list>
<pin id="147" dir="0" index="0" bw="16" slack="1"/>
<pin id="148" dir="1" index="1" bw="16" slack="1"/>
</pin_list>
<bind>
<opset="real_val "/>
</bind>
</comp>

<comp id="151" class="1005" name="imag_val_reg_151">
<pin_list>
<pin id="152" dir="0" index="0" bw="16" slack="1"/>
<pin id="153" dir="1" index="1" bw="16" slack="1"/>
</pin_list>
<bind>
<opset="imag_val "/>
</bind>
</comp>

</comp_list>

<net_list>
<net id="53"><net_src comp="6" pin="0"/><net_sink comp="50" pin=0"/></net>

<net id="59"><net_src comp="48" pin="0"/><net_sink comp="54" pin=0"/></net>

<net id="60"><net_src comp="4" pin="0"/><net_sink comp="54" pin=1"/></net>

<net id="66"><net_src comp="0" pin="0"/><net_sink comp="61" pin=0"/></net>

<net id="67"><net_src comp="34" pin="0"/><net_sink comp="61" pin=1"/></net>

<net id="73"><net_src comp="61" pin="3"/><net_sink comp="68" pin=0"/></net>

<net id="79"><net_src comp="2" pin="0"/><net_sink comp="74" pin=0"/></net>

<net id="80"><net_src comp="34" pin="0"/><net_sink comp="74" pin=1"/></net>

<net id="86"><net_src comp="74" pin="3"/><net_sink comp="81" pin=0"/></net>

<net id="91"><net_src comp="28" pin="0"/><net_sink comp="87" pin=0"/></net>

<net id="99"><net_src comp="92" pin="1"/><net_sink comp="95" pin=0"/></net>

<net id="100"><net_src comp="30" pin="0"/><net_sink comp="95" pin=1"/></net>

<net id="105"><net_src comp="92" pin="1"/><net_sink comp="101" pin=0"/></net>

<net id="106"><net_src comp="32" pin="0"/><net_sink comp="101" pin=1"/></net>

<net id="110"><net_src comp="92" pin="1"/><net_sink comp="107" pin=0"/></net>

<net id="111"><net_src comp="107" pin="1"/><net_sink comp="61" pin=2"/></net>

<net id="112"><net_src comp="107" pin="1"/><net_sink comp="74" pin=2"/></net>

<net id="117"><net_src comp="101" pin="2"/><net_sink comp="113" pin=0"/></net>

<net id="123"><net_src comp="46" pin="0"/><net_sink comp="118" pin=0"/></net>

<net id="124"><net_src comp="118" pin="3"/><net_sink comp="54" pin=2"/></net>

<net id="128"><net_src comp="50" pin="1"/><net_sink comp="125" pin=0"/></net>

<net id="129"><net_src comp="125" pin="1"/><net_sink comp="87" pin=1"/></net>

<net id="130"><net_src comp="125" pin="1"/><net_sink comp="92" pin=0"/></net>

<net id="131"><net_src comp="125" pin="1"/><net_sink comp="113" pin=1"/></net>

<net id="135"><net_src comp="95" pin="2"/><net_sink comp="132" pin=0"/></net>

<net id="139"><net_src comp="61" pin="3"/><net_sink comp="136" pin=0"/></net>

<net id="140"><net_src comp="136" pin="1"/><net_sink comp="68" pin=0"/></net>

<net id="144"><net_src comp="74" pin="3"/><net_sink comp="141" pin=0"/></net>

<net id="145"><net_src comp="141" pin="1"/><net_sink comp="81" pin=0"/></net>

<net id="149"><net_src comp="68" pin="3"/><net_sink comp="146" pin=0"/></net>

<net id="150"><net_src comp="146" pin="1"/><net_sink comp="118" pin=2"/></net>

<net id="154"><net_src comp="81" pin="3"/><net_sink comp="151" pin=0"/></net>

<net id="155"><net_src comp="151" pin="1"/><net_sink comp="118" pin=1"/></net>

</net_list>

</model> 
---------------- Datapath Model END ------------------

* FSMD analyzer results:
  - Output states:
	Port: in_bufI | {}
	Port: in_bufQ | {}
	Port: fft_in_stream | {3 }
 - Input state : 
	Port: stage_process_fft_real_Pipeline_feed_loop : in_bufI | {1 2 }
	Port: stage_process_fft_real_Pipeline_feed_loop : in_bufQ | {1 2 }
  - Chain level:
	State 1
		store_ln131 : 1
		i_6 : 1
		icmp_ln131 : 2
		add_ln131 : 2
		br_ln131 : 3
		zext_ln131 : 2
		in_bufI_addr : 3
		real_val : 4
		in_bufQ_addr : 3
		imag_val : 4
		store_ln131 : 3
	State 2
	State 3
		write_ln138 : 1


============================================================
+ Verbose Summary: Datapath Resource usage 
============================================================

* Functional unit list:
|----------|-------------------------|---------|---------|
| Operation|     Functional Unit     |    FF   |   LUT   |
|----------|-------------------------|---------|---------|
|   icmp   |     icmp_ln131_fu_95    |    0    |    11   |
|----------|-------------------------|---------|---------|
|    add   |     add_ln131_fu_101    |    0    |    11   |
|----------|-------------------------|---------|---------|
|   write  | write_ln138_write_fu_54 |    0    |    0    |
|----------|-------------------------|---------|---------|
|   zext   |    zext_ln131_fu_107    |    0    |    0    |
|----------|-------------------------|---------|---------|
|bitconcatenate|        p_0_fu_118       |    0    |    0    |
|----------|-------------------------|---------|---------|
|   Total  |                         |    0    |    22   |
|----------|-------------------------|---------|---------|

Memories:
N/A

* Register list:
+--------------------+--------+
|                    |   FF   |
+--------------------+--------+
|      i_reg_125     |   11   |
| icmp_ln131_reg_132 |    1   |
|  imag_val_reg_151  |   16   |
|in_bufI_addr_reg_136|   10   |
|in_bufQ_addr_reg_141|   10   |
|  real_val_reg_146  |   16   |
+--------------------+--------+
|        Total       |   64   |
+--------------------+--------+

* Multiplexer (MUX) list: 
|------------------|------|------|------|--------||---------||---------||---------|
|       Comp       |  Pin | Size |  BW  | S x BW ||  Delay  ||    FF   ||   LUT   |
|------------------|------|------|------|--------||---------||---------||---------|
| grp_access_fu_68 |  p0  |   2  |  10  |   20   ||    0    ||    9    |
| grp_access_fu_81 |  p0  |   2  |  10  |   20   ||    0    ||    9    |
|------------------|------|------|------|--------||---------||---------||---------|
|       Total      |      |      |      |   40   ||  2.596  ||    0    ||    18   |
|------------------|------|------|------|--------||---------||---------||---------|



* Summary:
+-----------+--------+--------+--------+
|           |  Delay |   FF   |   LUT  |
+-----------+--------+--------+--------+
|  Function |    -   |    0   |   22   |
|   Memory  |    -   |    -   |    -   |
|Multiplexer|    2   |    0   |   18   |
|  Register |    -   |   64   |    -   |
+-----------+--------+--------+--------+
|   Total   |    2   |   64   |   40   |
+-----------+--------+--------+--------+
