

================================================================
== Vitis HLS Report for 'stage_process_fft_real_Pipeline_drain_loop'
================================================================
* Date:           Tue Apr 28 16:25:27 2026

* Version:        2025.2 (Build 6295257 on Nov 14 2025)
* Project:        zenith_fft_1d_prj
* Solution:       solution1 (Vivado IP Flow Target)
* Product family: zynq
* Target device:  xc7z020-clg400-2


================================================================
== Performance Estimates
================================================================
+ Timing: 
    * Summary: 
    +--------+---------+----------+------------+
    |  Clock |  Target | Estimated| Uncertainty|
    +--------+---------+----------+------------+
    |ap_clk  |  6.67 ns|  4.078 ns|     1.80 ns|
    +--------+---------+----------+------------+

+ Latency: 
    * Summary: 
    +---------+---------+----------+----------+-----+-----+-------------------+
    |  Latency (cycles) |  Latency (absolute) |  Interval |      Pipeline     |
    |   min   |   max   |    min   |    max   | min | max |        Type       |
    +---------+---------+----------+----------+-----+-----+-------------------+
    |     1027|     1027|  6.850 us|  6.850 us|    0|    0|  loop pipeline stp|
    +---------+---------+----------+----------+-----+-----+-------------------+

    + Detail: 
        * Instance: 
        N/A

        * Loop: 
        +--------------+---------+---------+----------+-----------+-----------+------+----------+
        |              |  Latency (cycles) | Iteration|  Initiation Interval  | Trip |          |
        |   Loop Name  |   min   |   max   |  Latency |  achieved |   target  | Count| Pipelined|
        +--------------+---------+---------+----------+-----------+-----------+------+----------+
        |- drain_loop  |     1025|     1025|         3|          1|          1|  1024|       yes|
        +--------------+---------+---------+----------+-----------+-----------+------+----------+

============================================================
+ Verbose Summary: Synthesis Manager
============================================================
InlineROM: 1
ExposeGlobal: 0
============================================================
+ Verbose Summary: CDFG Model
============================================================
IsTopModel: 0
ResetActiveHigh: 1
IsCombinational: 0
IsDatapathOnly: 0
HasWiredReturn: 1
HasMFsm: 2
HasVarLatency: 1
IsPipeline: 0
IsRtlPipelined: 0
IsInstanceOverlapped: 0
IsDontTouch: 0
HasImplIP: 0
IsGatedGlobalClock: 0

+ Individual pipeline summary: 
  * Pipeline-0: initiation interval (II) = 1, depth = 3


============================================================
+ Verbose Summary: Schedule
============================================================
* Number of FSM states : 3
* Pipeline : 1
  Pipeline-0 : II = 1, D = 3, States = { 1 2 3 }
* Dataflow Pipeline: 0

* FSM state transitions: 
1 --> 2 
2 --> 3 
3 --> 

* FSM state operations: 

State 1 <SV = 0> <Delay = 4.07>
ST_1 : Operation 6 [1/1] (0.00ns)   --->   "%i_1 = alloca i32 1" [src/fft_1d_hls.cpp:154->src/fft_1d.cpp:175]   --->   Operation 6 'alloca' 'i_1' <Predicate = true> <Delay = 0.00>
ST_1 : Operation 7 [1/1] (0.00ns)   --->   "%specmemcore_ln0 = specmemcore void @_ssdm_op_SpecMemCore, i16 %out_bufI, i64 666, i64 22, i64 18446744073709551615, i1 0"   --->   Operation 7 'specmemcore' 'specmemcore_ln0' <Predicate = true> <Delay = 0.00>
ST_1 : Operation 8 [1/1] (0.00ns)   --->   "%specmemcore_ln0 = specmemcore void @_ssdm_op_SpecMemCore, i16 %out_bufQ, i64 666, i64 22, i64 18446744073709551615, i1 0"   --->   Operation 8 'specmemcore' 'specmemcore_ln0' <Predicate = true> <Delay = 0.00>
ST_1 : Operation 9 [1/1] (0.00ns)   --->   "%specinterface_ln0 = specinterface void @_ssdm_op_SpecInterface, i32 %fft_out_stream, void @empty_0, i32 0, i32 0, void @empty_9, i32 0, i32 0, void @empty_9, void @empty_9, void @empty_9, i32 0, i32 0, i32 0, i32 0, void @empty_9, void @empty_9, i32 4294967295, i32 0, i32 0, i32 0"   --->   Operation 9 'specinterface' 'specinterface_ln0' <Predicate = true> <Delay = 0.00>
ST_1 : Operation 10 [1/1] (1.29ns)   --->   "%store_ln154 = store i11 0, i11 %i_1" [src/fft_1d_hls.cpp:154->src/fft_1d.cpp:175]   --->   Operation 10 'store' 'store_ln154' <Predicate = true> <Delay = 1.29>
ST_1 : Operation 11 [1/1] (0.00ns)   --->   "%br_ln154 = br void %for.inc22.i" [src/fft_1d_hls.cpp:154->src/fft_1d.cpp:175]   --->   Operation 11 'br' 'br_ln154' <Predicate = true> <Delay = 0.00>
ST_1 : Operation 12 [1/1] (0.00ns)   --->   "%i = load i11 %i_1" [src/fft_1d_hls.cpp:154->src/fft_1d.cpp:175]   --->   Operation 12 'load' 'i' <Predicate = true> <Delay = 0.00>
ST_1 : Operation 13 [1/1] (1.48ns)   --->   "%icmp_ln154 = icmp_eq  i11 %i, i11 1024" [src/fft_1d_hls.cpp:154->src/fft_1d.cpp:175]   --->   Operation 13 'icmp' 'icmp_ln154' <Predicate = true> <Delay = 1.48> <CoreInst = "Cmp">   --->   Core 9 'Cmp' <Latency = 0> <II = 1> <Delay = 1.48> <FuncUnit> <Opcode : 'seteq' 'setne' 'setle' 'setge' 'setlt' 'setgt'> <InPorts = 2> <OutPorts = 1>
ST_1 : Operation 14 [1/1] (1.48ns)   --->   "%add_ln154 = add i11 %i, i11 1" [src/fft_1d_hls.cpp:154->src/fft_1d.cpp:175]   --->   Operation 14 'add' 'add_ln154' <Predicate = true> <Delay = 1.48> <CoreInst = "Adder">   --->   Core 1 'Adder' <Latency = 0> <II = 1> <Delay = 1.48> <FuncUnit> <Opcode : 'add' 'sub'> <InPorts = 2> <OutPorts = 1>
ST_1 : Operation 15 [1/1] (0.00ns)   --->   "%br_ln154 = br i1 %icmp_ln154, void %for.inc22.split.i, void %_Z22stage_process_fft_realP6ap_intILi16EES1_S1_S1_7ap_uintILi16EE.1.exit.exitStub" [src/fft_1d_hls.cpp:154->src/fft_1d.cpp:175]   --->   Operation 15 'br' 'br_ln154' <Predicate = true> <Delay = 0.00>
ST_1 : Operation 16 [1/1] (1.29ns)   --->   "%store_ln154 = store i11 %add_ln154, i11 %i_1" [src/fft_1d_hls.cpp:154->src/fft_1d.cpp:175]   --->   Operation 16 'store' 'store_ln154' <Predicate = (!icmp_ln154)> <Delay = 1.29>

State 2 <SV = 1> <Delay = 2.43>
ST_2 : Operation 17 [1/1] ( I:2.43ns O:2.43ns )   --->   "%fft_out_stream_read = read i32 @_ssdm_op_Read.ap_fifo.volatile.i32P0A, i32 %fft_out_stream" [src/fft_1d_hls.cpp:162->src/fft_1d.cpp:175]   --->   Operation 17 'read' 'fft_out_stream_read' <Predicate = true> <Delay = 2.43> <CoreInst = "FIFO">   --->   Core 77 'FIFO' <Latency = 0> <II = 1> <Delay = 3.41> <Storage> <Opcode : 'read' 'write' 'nbread' 'nbwrite'> <Ports = 0> <Width = 32> <Depth = 1024> <FIFO>
ST_2 : Operation 18 [1/1] (0.00ns)   --->   "%trunc_ln162 = trunc i32 %fft_out_stream_read" [src/fft_1d_hls.cpp:162->src/fft_1d.cpp:175]   --->   Operation 18 'trunc' 'trunc_ln162' <Predicate = true> <Delay = 0.00>
ST_2 : Operation 19 [1/1] (0.00ns)   --->   "%trunc_ln162_1 = partselect i16 @_ssdm_op_PartSelect.i16.i32.i32.i32, i32 %fft_out_stream_read, i32 16, i32 31" [src/fft_1d_hls.cpp:162->src/fft_1d.cpp:175]   --->   Operation 19 'partselect' 'trunc_ln162_1' <Predicate = true> <Delay = 0.00>
ST_2 : Operation 29 [1/1] (1.29ns)   --->   "%ret_ln0 = ret"   --->   Operation 29 'ret' 'ret_ln0' <Predicate = (icmp_ln154)> <Delay = 1.29>

State 3 <SV = 2> <Delay = 2.77>
ST_3 : Operation 20 [1/1] (0.00ns)   --->   "%zext_ln154 = zext i11 %i" [src/fft_1d_hls.cpp:154->src/fft_1d.cpp:175]   --->   Operation 20 'zext' 'zext_ln154' <Predicate = true> <Delay = 0.00>
ST_3 : Operation 21 [1/1] (0.00ns)   --->   "%specpipeline_ln155 = specpipeline void @_ssdm_op_SpecPipeline, i32 1, i32 0, i32 0, i32 0, i32 4294967295, void @empty_9" [src/fft_1d_hls.cpp:155->src/fft_1d.cpp:175]   --->   Operation 21 'specpipeline' 'specpipeline_ln155' <Predicate = true> <Delay = 0.00>
ST_3 : Operation 22 [1/1] (0.00ns)   --->   "%speclooptripcount_ln154 = speclooptripcount void @_ssdm_op_SpecLoopTripCount, i64 1024, i64 1024, i64 1024" [src/fft_1d_hls.cpp:154->src/fft_1d.cpp:175]   --->   Operation 22 'speclooptripcount' 'speclooptripcount_ln154' <Predicate = true> <Delay = 0.00>
ST_3 : Operation 23 [1/1] (0.00ns)   --->   "%specloopname_ln154 = specloopname void @_ssdm_op_SpecLoopName, void @empty_12" [src/fft_1d_hls.cpp:154->src/fft_1d.cpp:175]   --->   Operation 23 'specloopname' 'specloopname_ln154' <Predicate = true> <Delay = 0.00>
ST_3 : Operation 24 [1/1] (0.00ns)   --->   "%out_bufI_addr = getelementptr i16 %out_bufI, i64 0, i64 %zext_ln154" [src/fft_1d_hls.cpp:165->src/fft_1d.cpp:175]   --->   Operation 24 'getelementptr' 'out_bufI_addr' <Predicate = true> <Delay = 0.00>
ST_3 : Operation 25 [1/1] ( I:2.77ns O:2.77ns )   --->   "%store_ln165 = store i16 %trunc_ln162, i10 %out_bufI_addr" [src/fft_1d_hls.cpp:165->src/fft_1d.cpp:175]   --->   Operation 25 'store' 'store_ln165' <Predicate = true> <Delay = 2.77> <CoreInst = "RAM_2P_BRAM">   --->   Core 90 'RAM_2P_BRAM' <Latency = 1> <II = 1> <Delay = 2.77> <Storage> <Opcode : 'load' 'store'> <Ports = 2> <Width = 16> <Depth = 1024> <RAM>
ST_3 : Operation 26 [1/1] (0.00ns)   --->   "%out_bufQ_addr = getelementptr i16 %out_bufQ, i64 0, i64 %zext_ln154" [src/fft_1d_hls.cpp:166->src/fft_1d.cpp:175]   --->   Operation 26 'getelementptr' 'out_bufQ_addr' <Predicate = true> <Delay = 0.00>
ST_3 : Operation 27 [1/1] ( I:2.77ns O:2.77ns )   --->   "%store_ln166 = store i16 %trunc_ln162_1, i10 %out_bufQ_addr" [src/fft_1d_hls.cpp:166->src/fft_1d.cpp:175]   --->   Operation 27 'store' 'store_ln166' <Predicate = true> <Delay = 2.77> <CoreInst = "RAM_2P_BRAM">   --->   Core 90 'RAM_2P_BRAM' <Latency = 1> <II = 1> <Delay = 2.77> <Storage> <Opcode : 'load' 'store'> <Ports = 2> <Width = 16> <Depth = 1024> <RAM>
ST_3 : Operation 28 [1/1] (0.00ns)   --->   "%br_ln154 = br void %for.inc22.i" [src/fft_1d_hls.cpp:154->src/fft_1d.cpp:175]   --->   Operation 28 'br' 'br_ln154' <Predicate = true> <Delay = 0.00>


============================================================
+ Verbose Summary: Timing violations
============================================================
Target clock period: 6.670ns, clock uncertainty: 1.801ns.

 <State 1>: 4.078ns
The critical path consists of the following:
	'store' operation ('store_ln154', src/fft_1d_hls.cpp:154->src/fft_1d.cpp:175) of constant 0 11 bit on local variable 'i', src/fft_1d_hls.cpp:154->src/fft_1d.cpp:175 [8]  (1.298 ns)
	'load' operation 11 bit ('i', src/fft_1d_hls.cpp:154->src/fft_1d.cpp:175) on local variable 'i', src/fft_1d_hls.cpp:154->src/fft_1d.cpp:175 [11]  (0.000 ns)
	'icmp' operation 1 bit ('icmp_ln154', src/fft_1d_hls.cpp:154->src/fft_1d.cpp:175) [12]  (1.482 ns)
	'store' operation ('store_ln154', src/fft_1d_hls.cpp:154->src/fft_1d.cpp:175) of variable 'add_ln154', src/fft_1d_hls.cpp:154->src/fft_1d.cpp:175 11 bit on local variable 'i', src/fft_1d_hls.cpp:154->src/fft_1d.cpp:175 [27]  (1.298 ns)

 <State 2>: 2.435ns
The critical path consists of the following:
	fifo read operation ('fft_out_stream_read', src/fft_1d_hls.cpp:162->src/fft_1d.cpp:175) on port 'fft_out_stream' (src/fft_1d_hls.cpp:162->src/fft_1d.cpp:175) [20]  (2.435 ns)

 <State 3>: 2.771ns
The critical path consists of the following:
	'getelementptr' operation 10 bit ('out_bufI_addr', src/fft_1d_hls.cpp:165->src/fft_1d.cpp:175) [23]  (0.000 ns)
	'store' operation ('store_ln165', src/fft_1d_hls.cpp:165->src/fft_1d.cpp:175) of variable 'trunc_ln162', src/fft_1d_hls.cpp:162->src/fft_1d.cpp:175 16 bit on array 'out_bufI' [24]  (2.771 ns)


============================================================
+ Verbose Summary: Binding
============================================================
N/A
* FSMD analyzer results:
  - Output states:
 - Input state : 
  - Chain level:
	State 1
	State 2
	State 3


============================================================
+ Verbose Summary: Datapath Resource usage 
============================================================
N/A
