

================================================================
== Vitis HLS Report for 'stage_read_input'
================================================================
* Date:           Tue Apr 21 16:25:42 2026

* Version:        2025.2 (Build 6295257 on Nov 14 2025)
* Project:        zenith_fft_1d_prj
* Solution:       solution1 (Vivado IP Flow Target)
* Product family: zynq
* Target device:  xc7z020-clg400-2


================================================================
== Performance Estimates
================================================================
+ Timing: 
    * Summary: 
    +--------+---------+----------+------------+
    |  Clock |  Target | Estimated| Uncertainty|
    +--------+---------+----------+------------+
    |ap_clk  |  6.67 ns|  4.069 ns|     1.80 ns|
    +--------+---------+----------+------------+

+ Latency: 
    * Summary: 
    +---------+---------+----------+----------+------+------+------------------------------------------------+
    |  Latency (cycles) |  Latency (absolute) |   Interval  |                    Pipeline                    |
    |   min   |   max   |    min   |    max   |  min |  max |                      Type                      |
    +---------+---------+----------+----------+------+------+------------------------------------------------+
    |     1025|     1025|  6.837 us|  6.837 us|  1024|  1024|  loop auto-rewind stp (delay=0 clock cycles(s))|
    +---------+---------+----------+----------+------+------+------------------------------------------------+

    + Detail: 
        * Instance: 
        N/A

        * Loop: 
        +-------------------+---------+---------+----------+-----------+-----------+------+----------+
        |                   |  Latency (cycles) | Iteration|  Initiation Interval  | Trip |          |
        |     Loop Name     |   min   |   max   |  Latency |  achieved |   target  | Count| Pipelined|
        +-------------------+---------+---------+----------+-----------+-----------+------+----------+
        |- VITIS_LOOP_23_1  |     1023|     1023|         1|          1|          1|  1024|       yes|
        +-------------------+---------+---------+----------+-----------+-----------+------+----------+

============================================================
+ Verbose Summary: Synthesis Manager
============================================================
InlineROM: 1
ExposeGlobal: 0
============================================================
+ Verbose Summary: CDFG Model
============================================================
IsTopModel: 0
ResetActiveHigh: 1
IsCombinational: 2
IsDatapathOnly: 0
HasWiredReturn: 1
HasMFsm: 2
HasVarLatency: 1
IsPipeline: 0
IsRtlPipelined: 0
IsInstanceOverlapped: 0
IsDontTouch: 0
HasImplIP: 0
IsGatedGlobalClock: 0

+ Individual pipeline summary: 
  * Pipeline-0: initiation interval (II) = 1, depth = 1


============================================================
+ Verbose Summary: Schedule
============================================================
* Number of FSM states : 1
* Pipeline : 1
  Pipeline-0 : II = 1, D = 1, States = { 1 }
* Dataflow Pipeline: 0

* FSM state transitions: 
1 --> 

* FSM state operations: 

State 1 <SV = 0> <Delay = 4.06>
ST_1 : Operation 4 [1/1] (0.00ns)   --->   "%i = alloca i32 1" [src/fft_1d.cpp:23->src/fft_1d.cpp:136]   --->   Operation 4 'alloca' 'i' <Predicate = true> <Delay = 0.00>
ST_1 : Operation 5 [1/1] (0.00ns)   --->   "%specaxissidechannel_ln0 = specaxissidechannel void @_ssdm_op_SpecAXISSideChannel, i32 %in_stream_V_data_V, i4 %in_stream_V_keep_V, i4 %in_stream_V_strb_V, i1 %in_stream_V_user_V, i1 %in_stream_V_last_V, i1 %in_stream_V_id_V, i1 %in_stream_V_dest_V, void @empty_7"   --->   Operation 5 'specaxissidechannel' 'specaxissidechannel_ln0' <Predicate = true> <Delay = 0.00>
ST_1 : Operation 6 [1/1] (0.00ns)   --->   "%specmemcore_ln0 = specmemcore void @_ssdm_op_SpecMemCore, i16 %in_bufI, i64 666, i64 22, i64 18446744073709551615, i1 0"   --->   Operation 6 'specmemcore' 'specmemcore_ln0' <Predicate = true> <Delay = 0.00>
ST_1 : Operation 7 [1/1] (0.00ns)   --->   "%specinterface_ln0 = specinterface void @_ssdm_op_SpecInterface, i1 %in_stream_V_dest_V, i1 %in_stream_V_id_V, i1 %in_stream_V_last_V, i1 %in_stream_V_user_V, i4 %in_stream_V_strb_V, i4 %in_stream_V_keep_V, i32 %in_stream_V_data_V, void @empty, i32 1, i32 1, void @empty_0, i32 0, i32 0, void @empty_1, void @empty_1, void @empty_1, i32 0, i32 0, i32 0, i32 0, void @empty_1, void @empty_1, i32 4294967295, i32 0, i32 0, i32 0"   --->   Operation 7 'specinterface' 'specinterface_ln0' <Predicate = true> <Delay = 0.00>
ST_1 : Operation 8 [1/1] (1.29ns)   --->   "%store_ln23 = store i10 0, i10 %i" [src/fft_1d.cpp:23->src/fft_1d.cpp:136]   --->   Operation 8 'store' 'store_ln23' <Predicate = true> <Delay = 1.29>
ST_1 : Operation 9 [1/1] (0.00ns)   --->   "%br_ln23 = br void %for.inc.i.split" [src/fft_1d.cpp:23->src/fft_1d.cpp:136]   --->   Operation 9 'br' 'br_ln23' <Predicate = true> <Delay = 0.00>
ST_1 : Operation 10 [1/1] (0.00ns)   --->   "%i_4 = load i10 %i" [src/fft_1d.cpp:23->src/fft_1d.cpp:136]   --->   Operation 10 'load' 'i_4' <Predicate = true> <Delay = 0.00>
ST_1 : Operation 11 [1/1] (0.00ns)   --->   "%zext_ln23 = zext i10 %i_4" [src/fft_1d.cpp:23->src/fft_1d.cpp:136]   --->   Operation 11 'zext' 'zext_ln23' <Predicate = true> <Delay = 0.00>
ST_1 : Operation 12 [1/1] (0.00ns)   --->   "%specpipeline_ln27 = specpipeline void @_ssdm_op_SpecPipeline, i32 1, i32 0, i32 0, i32 0, i32 4294967295, void @empty_1" [src/fft_1d.cpp:27->src/fft_1d.cpp:136]   --->   Operation 12 'specpipeline' 'specpipeline_ln27' <Predicate = true> <Delay = 0.00>
ST_1 : Operation 13 [1/1] (0.00ns)   --->   "%speclooptripcount_ln23 = speclooptripcount void @_ssdm_op_SpecLoopTripCount, i64 1024, i64 1024, i64 1024" [src/fft_1d.cpp:23->src/fft_1d.cpp:136]   --->   Operation 13 'speclooptripcount' 'speclooptripcount_ln23' <Predicate = true> <Delay = 0.00>
ST_1 : Operation 14 [1/1] (0.00ns)   --->   "%specloopname_ln23 = specloopname void @_ssdm_op_SpecLoopName, void @empty_11" [src/fft_1d.cpp:23->src/fft_1d.cpp:136]   --->   Operation 14 'specloopname' 'specloopname_ln23' <Predicate = true> <Delay = 0.00>
ST_1 : Operation 15 [1/1] ( I:0.39ns O:0.39ns )   --->   "%empty = read i44 @_ssdm_op_Read.axis.volatile.i32P0A.i4P0A.i4P0A.i1P0A.i1P0A.i1P0A.i1P0A, i32 %in_stream_V_data_V, i4 %in_stream_V_keep_V, i4 %in_stream_V_strb_V, i1 %in_stream_V_user_V, i1 %in_stream_V_last_V, i1 %in_stream_V_id_V, i1 %in_stream_V_dest_V" [src/fft_1d.cpp:29->src/fft_1d.cpp:136]   --->   Operation 15 'read' 'empty' <Predicate = true> <Delay = 0.39> <CoreInst = "regslice">   --->   Core 135 'regslice' <Latency = 0> <II = 1> <Delay = 1.21> <Adapter> <Opcode : 'read' 'write'>
ST_1 : Operation 16 [1/1] (0.00ns)   --->   "%tdata = extractvalue i44 %empty" [src/fft_1d.cpp:29->src/fft_1d.cpp:136]   --->   Operation 16 'extractvalue' 'tdata' <Predicate = true> <Delay = 0.00>
ST_1 : Operation 17 [1/1] (0.00ns)   --->   "%trunc_ln60 = trunc i32 %tdata" [src/fft_1d.hpp:60->src/fft_1d.cpp:33->src/fft_1d.cpp:136]   --->   Operation 17 'trunc' 'trunc_ln60' <Predicate = true> <Delay = 0.00>
ST_1 : Operation 18 [1/1] (0.00ns)   --->   "%in_bufI_addr = getelementptr i16 %in_bufI, i64 0, i64 %zext_ln23" [src/fft_1d.cpp:33->src/fft_1d.cpp:136]   --->   Operation 18 'getelementptr' 'in_bufI_addr' <Predicate = true> <Delay = 0.00>
ST_1 : Operation 19 [1/1] ( I:2.77ns O:2.77ns )   --->   "%store_ln33 = store i16 %trunc_ln60, i10 %in_bufI_addr" [src/fft_1d.cpp:33->src/fft_1d.cpp:136]   --->   Operation 19 'store' 'store_ln33' <Predicate = true> <Delay = 2.77> <CoreInst = "RAM_2P_BRAM">   --->   Core 90 'RAM_2P_BRAM' <Latency = 1> <II = 1> <Delay = 2.77> <Storage> <Opcode : 'load' 'store'> <Ports = 2> <Width = 16> <Depth = 1024> <RAM>
ST_1 : Operation 20 [1/1] (1.41ns)   --->   "%i_6 = add i10 %i_4, i10 1" [src/fft_1d.cpp:23->src/fft_1d.cpp:136]   --->   Operation 20 'add' 'i_6' <Predicate = true> <Delay = 1.41> <CoreInst = "Adder">   --->   Core 1 'Adder' <Latency = 0> <II = 1> <Delay = 1.41> <FuncUnit> <Opcode : 'add' 'sub'> <InPorts = 2> <OutPorts = 1>
ST_1 : Operation 21 [1/1] (1.41ns)   --->   "%icmp_ln23 = icmp_eq  i10 %i_4, i10 1023" [src/fft_1d.cpp:23->src/fft_1d.cpp:136]   --->   Operation 21 'icmp' 'icmp_ln23' <Predicate = true> <Delay = 1.41> <CoreInst = "Cmp">   --->   Core 9 'Cmp' <Latency = 0> <II = 1> <Delay = 1.41> <FuncUnit> <Opcode : 'seteq' 'setne' 'setle' 'setge' 'setlt' 'setgt'> <InPorts = 2> <OutPorts = 1>
ST_1 : Operation 22 [1/1] (1.29ns)   --->   "%store_ln23 = store i10 %i_6, i10 %i" [src/fft_1d.cpp:23->src/fft_1d.cpp:136]   --->   Operation 22 'store' 'store_ln23' <Predicate = true> <Delay = 1.29>
ST_1 : Operation 23 [1/1] (0.00ns)   --->   "%br_ln23 = br i1 %icmp_ln23, void %for.inc.i.split, void %_ZL16stage_read_inputRN3hls6streamINS_4axisI7ap_uintILi32EELm1ELm1ELm1ELh56ELb0EEELi0EEEP6ap_intILi16EES9_.67.exit" [src/fft_1d.cpp:23->src/fft_1d.cpp:136]   --->   Operation 23 'br' 'br_ln23' <Predicate = true> <Delay = 0.00>
ST_1 : Operation 24 [1/1] (1.29ns)   --->   "%ret_ln0 = ret"   --->   Operation 24 'ret' 'ret_ln0' <Predicate = (icmp_ln23)> <Delay = 1.29>


============================================================
+ Verbose Summary: Timing violations
============================================================
Target clock period: 6.670ns, clock uncertainty: 1.801ns.

 <State 1>: 4.069ns
The critical path consists of the following:
	'store' operation ('store_ln23', src/fft_1d.cpp:23->src/fft_1d.cpp:136) of constant 0 10 bit on local variable 'i', src/fft_1d.cpp:23->src/fft_1d.cpp:136 [13]  (1.298 ns)
	'load' operation 10 bit ('i', src/fft_1d.cpp:23->src/fft_1d.cpp:136) on local variable 'i', src/fft_1d.cpp:23->src/fft_1d.cpp:136 [16]  (0.000 ns)
	'getelementptr' operation 10 bit ('in_bufI_addr', src/fft_1d.cpp:33->src/fft_1d.cpp:136) [24]  (0.000 ns)
	'store' operation ('store_ln33', src/fft_1d.cpp:33->src/fft_1d.cpp:136) of variable 'trunc_ln60', src/fft_1d.hpp:60->src/fft_1d.cpp:33->src/fft_1d.cpp:136 16 bit on array 'in_bufI' [25]  (2.771 ns)


============================================================
+ Verbose Summary: Binding
============================================================
N/A
* FSMD analyzer results:
  - Output states:
 - Input state : 
  - Chain level:
	State 1


============================================================
+ Verbose Summary: Datapath Resource usage 
============================================================
N/A
