

================================================================
== Vitis HLS Report for 'stage_write_output'
================================================================
* Date:           Tue Apr 28 16:25:31 2026

* Version:        2025.2 (Build 6295257 on Nov 14 2025)
* Project:        zenith_fft_1d_prj
* Solution:       solution1 (Vivado IP Flow Target)
* Product family: zynq
* Target device:  xc7z020-clg400-2


================================================================
== Performance Estimates
================================================================
+ Timing: 
    * Summary: 
    +--------+---------+----------+------------+
    |  Clock |  Target | Estimated| Uncertainty|
    +--------+---------+----------+------------+
    |ap_clk  |  6.67 ns|  4.069 ns|     1.80 ns|
    +--------+---------+----------+------------+

+ Latency: 
    * Summary: 
    +---------+---------+----------+----------+------+------+------------------------------------------------+
    |  Latency (cycles) |  Latency (absolute) |   Interval  |                    Pipeline                    |
    |   min   |   max   |    min   |    max   |  min |  max |                      Type                      |
    +---------+---------+----------+----------+------+------+------------------------------------------------+
    |     1027|     1027|  6.850 us|  6.850 us|  1024|  1024|  loop auto-rewind stp (delay=0 clock cycles(s))|
    +---------+---------+----------+----------+------+------+------------------------------------------------+

    + Detail: 
        * Instance: 
        N/A

        * Loop: 
        +--------------------+---------+---------+----------+-----------+-----------+------+----------+
        |                    |  Latency (cycles) | Iteration|  Initiation Interval  | Trip |          |
        |      Loop Name     |   min   |   max   |  Latency |  achieved |   target  | Count| Pipelined|
        +--------------------+---------+---------+----------+-----------+-----------+------+----------+
        |- VITIS_LOOP_100_1  |     1025|     1025|         3|          1|          1|  1024|       yes|
        +--------------------+---------+---------+----------+-----------+-----------+------+----------+



================================================================
== Utilization Estimates
================================================================
* Summary: 
+-----------------+---------+-----+--------+-------+-----+
|       Name      | BRAM_18K| DSP |   FF   |  LUT  | URAM|
+-----------------+---------+-----+--------+-------+-----+
|DSP              |        -|    -|       -|      -|    -|
|Expression       |        -|    -|       0|     25|    -|
|FIFO             |        -|    -|       -|      -|    -|
|Instance         |        -|    -|       -|      -|    -|
|Memory           |        -|    -|       -|      -|    -|
|Multiplexer      |        -|    -|       0|     45|    -|
|Register         |        -|    -|      17|      -|    -|
+-----------------+---------+-----+--------+-------+-----+
|Total            |        0|    0|      17|     70|    0|
+-----------------+---------+-----+--------+-------+-----+
|Available        |      280|  220|  106400|  53200|    0|
+-----------------+---------+-----+--------+-------+-----+
|Utilization (%)  |        0|    0|      ~0|     ~0|    0|
+-----------------+---------+-----+--------+-------+-----+

+ Detail: 
    * Instance: 
    N/A

    * DSP: 
    N/A

    * Memory: 
    N/A

    * FIFO: 
    N/A

    * Expression: 
    +----------------------------------+----------+----+---+----+------------+------------+
    |           Variable Name          | Operation| DSP| FF| LUT| Bitwidth P0| Bitwidth P1|
    +----------------------------------+----------+----+---+----+------------+------------+
    |i_3_fu_150_p2                     |         +|   0|  0|  10|          10|           1|
    |ap_condition_123                  |       and|   0|  0|   1|           1|           1|
    |icmp_ln110_fu_144_p2              |      icmp|   0|  0|  10|          10|           2|
    |ap_block_pp0_stage0_01001         |        or|   0|  0|   1|           1|           1|
    |ap_block_state3_pp0_stage0_iter2  |        or|   0|  0|   1|           1|           1|
    |ap_enable_pp0                     |       xor|   0|  0|   2|           1|           2|
    +----------------------------------+----------+----+---+----+------------+------------+
    |Total                             |          |   0|  0|  25|          24|           8|
    +----------------------------------+----------+----+---+----+------------+------------+

    * Multiplexer: 
    +----------------------------------+----+-----------+-----+-----------+
    |               Name               | LUT| Input Size| Bits| Total Bits|
    +----------------------------------+----+-----------+-----+-----------+
    |ap_done_int                       |   9|          2|    1|          2|
    |ap_loop_exit_ready_pp0_iter2_reg  |   9|          2|    1|          2|
    |ap_sig_allocacmp_i_1              |   9|          2|   10|         20|
    |i_fu_70                           |   9|          2|   10|         20|
    |out_stream_TDATA_blk_n            |   9|          2|    1|          2|
    +----------------------------------+----+-----------+-----+-----------+
    |Total                             |  45|         10|   23|         46|
    +----------------------------------+----+-----------+-----+-----------+

    * Register: 
    +----------------------------------+----+----+-----+-----------+
    |               Name               | FF | LUT| Bits| Const Bits|
    +----------------------------------+----+----+-----+-----------+
    |ap_CS_fsm                         |   1|   0|    1|          0|
    |ap_done_reg                       |   1|   0|    1|          0|
    |ap_enable_reg_pp0_iter1           |   1|   0|    1|          0|
    |ap_enable_reg_pp0_iter2           |   1|   0|    1|          0|
    |ap_loop_exit_ready_pp0_iter1_reg  |   1|   0|    1|          0|
    |ap_loop_exit_ready_pp0_iter2_reg  |   1|   0|    1|          0|
    |i_fu_70                           |  10|   0|   10|          0|
    |icmp_ln110_reg_187                |   1|   0|    1|          0|
    +----------------------------------+----+----+-----+-----------+
    |Total                             |  17|   0|   17|          0|
    +----------------------------------+----+----+-----+-----------+



================================================================
== Interface
================================================================
* Summary: 
+-------------------+-----+-----+------------+---------------------+--------------+
|     RTL Ports     | Dir | Bits|  Protocol  |    Source Object    |    C Type    |
+-------------------+-----+-----+------------+---------------------+--------------+
|ap_clk             |   in|    1|  ap_ctrl_hs|   stage_write_output|  return value|
|ap_rst             |   in|    1|  ap_ctrl_hs|   stage_write_output|  return value|
|ap_start           |   in|    1|  ap_ctrl_hs|   stage_write_output|  return value|
|ap_done            |  out|    1|  ap_ctrl_hs|   stage_write_output|  return value|
|ap_continue        |   in|    1|  ap_ctrl_hs|   stage_write_output|  return value|
|ap_idle            |  out|    1|  ap_ctrl_hs|   stage_write_output|  return value|
|ap_ready           |  out|    1|  ap_ctrl_hs|   stage_write_output|  return value|
|out_stream_TREADY  |   in|    1|        axis|  out_stream_V_dest_V|       pointer|
|out_stream_TVALID  |  out|    1|        axis|  out_stream_V_dest_V|       pointer|
|out_stream_TDEST   |  out|    1|        axis|  out_stream_V_dest_V|       pointer|
|outI_address0      |  out|   10|   ap_memory|                 outI|         array|
|outI_ce0           |  out|    1|   ap_memory|                 outI|         array|
|outI_q0            |   in|   16|   ap_memory|                 outI|         array|
|outQ_address0      |  out|   10|   ap_memory|                 outQ|         array|
|outQ_ce0           |  out|    1|   ap_memory|                 outQ|         array|
|outQ_q0            |   in|   16|   ap_memory|                 outQ|         array|
|out_stream_TDATA   |  out|   32|        axis|  out_stream_V_data_V|       pointer|
|out_stream_TKEEP   |  out|    4|        axis|  out_stream_V_keep_V|       pointer|
|out_stream_TSTRB   |  out|    4|        axis|  out_stream_V_strb_V|       pointer|
|out_stream_TUSER   |  out|    1|        axis|  out_stream_V_user_V|       pointer|
|out_stream_TLAST   |  out|    1|        axis|  out_stream_V_last_V|       pointer|
|out_stream_TID     |  out|    1|        axis|    out_stream_V_id_V|       pointer|
+-------------------+-----+-----+------------+---------------------+--------------+

============================================================
+ Verbose Summary: Synthesis Manager
============================================================
InlineROM: 1
ExposeGlobal: 0
============================================================
+ Verbose Summary: CDFG Model
============================================================
IsTopModel: 0
ResetActiveHigh: 1
IsCombinational: 2
IsDatapathOnly: 0
HasWiredReturn: 1
HasMFsm: 2
HasVarLatency: 1
IsPipeline: 0
IsRtlPipelined: 0
IsInstanceOverlapped: 0
IsDontTouch: 0
HasImplIP: 0
IsGatedGlobalClock: 0

+ Individual pipeline summary: 
  * Pipeline-0: initiation interval (II) = 1, depth = 3


============================================================
+ Verbose Summary: Schedule
============================================================
* Number of FSM states : 3
* Pipeline : 1
  Pipeline-0 : II = 1, D = 3, States = { 1 2 3 }
* Dataflow Pipeline: 0

* FSM state transitions: 
1 --> 2 
2 --> 3 
3 --> 

* FSM state operations: 

State 1 <SV = 0> <Delay = 4.06>
ST_1 : Operation 6 [1/1] (0.00ns)   --->   "%i = alloca i32 1" [src/fft_1d.cpp:100]   --->   Operation 6 'alloca' 'i' <Predicate = true> <Delay = 0.00>
ST_1 : Operation 7 [1/1] (0.00ns)   --->   "%specaxissidechannel_ln0 = specaxissidechannel void @_ssdm_op_SpecAXISSideChannel, i32 %out_stream_V_data_V, i4 %out_stream_V_keep_V, i4 %out_stream_V_strb_V, i1 %out_stream_V_user_V, i1 %out_stream_V_last_V, i1 %out_stream_V_id_V, i1 %out_stream_V_dest_V, void @empty_2"   --->   Operation 7 'specaxissidechannel' 'specaxissidechannel_ln0' <Predicate = true> <Delay = 0.00>
ST_1 : Operation 8 [1/1] (0.00ns)   --->   "%specmemcore_ln0 = specmemcore void @_ssdm_op_SpecMemCore, i16 %outQ, i64 666, i64 22, i64 18446744073709551615, i1 0"   --->   Operation 8 'specmemcore' 'specmemcore_ln0' <Predicate = true> <Delay = 0.00>
ST_1 : Operation 9 [1/1] (0.00ns)   --->   "%specmemcore_ln0 = specmemcore void @_ssdm_op_SpecMemCore, i16 %outI, i64 666, i64 22, i64 18446744073709551615, i1 0"   --->   Operation 9 'specmemcore' 'specmemcore_ln0' <Predicate = true> <Delay = 0.00>
ST_1 : Operation 10 [1/1] (0.00ns)   --->   "%specinterface_ln0 = specinterface void @_ssdm_op_SpecInterface, i1 %out_stream_V_dest_V, i1 %out_stream_V_id_V, i1 %out_stream_V_last_V, i1 %out_stream_V_user_V, i4 %out_stream_V_strb_V, i4 %out_stream_V_keep_V, i32 %out_stream_V_data_V, void @empty_6, i32 1, i32 1, void @empty_7, i32 0, i32 0, void @empty_9, void @empty_9, void @empty_9, i32 0, i32 0, i32 0, i32 0, void @empty_9, void @empty_9, i32 4294967295, i32 0, i32 0, i32 0"   --->   Operation 10 'specinterface' 'specinterface_ln0' <Predicate = true> <Delay = 0.00>
ST_1 : Operation 11 [1/1] (1.29ns)   --->   "%store_ln100 = store i10 0, i10 %i" [src/fft_1d.cpp:100]   --->   Operation 11 'store' 'store_ln100' <Predicate = true> <Delay = 1.29>
ST_1 : Operation 12 [1/1] (0.00ns)   --->   "%br_ln100 = br void %for.inc.split" [src/fft_1d.cpp:100]   --->   Operation 12 'br' 'br_ln100' <Predicate = true> <Delay = 0.00>
ST_1 : Operation 13 [1/1] (0.00ns)   --->   "%i_1 = load i10 %i" [src/fft_1d.cpp:100]   --->   Operation 13 'load' 'i_1' <Predicate = true> <Delay = 0.00>
ST_1 : Operation 14 [1/1] (0.00ns)   --->   "%zext_ln100 = zext i10 %i_1" [src/fft_1d.cpp:100]   --->   Operation 14 'zext' 'zext_ln100' <Predicate = true> <Delay = 0.00>
ST_1 : Operation 15 [1/1] (0.00ns)   --->   "%outI_addr = getelementptr i16 %outI, i64 0, i64 %zext_ln100" [src/fft_1d.cpp:103]   --->   Operation 15 'getelementptr' 'outI_addr' <Predicate = true> <Delay = 0.00>
ST_1 : Operation 16 [2/2] (2.77ns)   --->   "%i_val = load i10 %outI_addr" [src/fft_1d.cpp:103]   --->   Operation 16 'load' 'i_val' <Predicate = true> <Delay = 2.77> <CoreInst = "RAM_2P_BRAM">   --->   Core 90 'RAM_2P_BRAM' <Latency = 1> <II = 1> <Delay = 2.77> <Storage> <Opcode : 'load' 'store'> <Ports = 2> <Width = 16> <Depth = 1024> <RAM>
ST_1 : Operation 17 [1/1] (0.00ns)   --->   "%outQ_addr = getelementptr i16 %outQ, i64 0, i64 %zext_ln100" [src/fft_1d.cpp:103]   --->   Operation 17 'getelementptr' 'outQ_addr' <Predicate = true> <Delay = 0.00>
ST_1 : Operation 18 [2/2] (2.77ns)   --->   "%q_val = load i10 %outQ_addr" [src/fft_1d.cpp:103]   --->   Operation 18 'load' 'q_val' <Predicate = true> <Delay = 2.77> <CoreInst = "RAM_2P_BRAM">   --->   Core 90 'RAM_2P_BRAM' <Latency = 1> <II = 1> <Delay = 2.77> <Storage> <Opcode : 'load' 'store'> <Ports = 2> <Width = 16> <Depth = 1024> <RAM>
ST_1 : Operation 19 [1/1] (1.41ns)   --->   "%icmp_ln110 = icmp_eq  i10 %i_1, i10 1023" [src/fft_1d.cpp:110]   --->   Operation 19 'icmp' 'icmp_ln110' <Predicate = true> <Delay = 1.41> <CoreInst = "Cmp">   --->   Core 9 'Cmp' <Latency = 0> <II = 1> <Delay = 1.41> <FuncUnit> <Opcode : 'seteq' 'setne' 'setle' 'setge' 'setlt' 'setgt'> <InPorts = 2> <OutPorts = 1>
ST_1 : Operation 20 [1/1] (1.41ns)   --->   "%i_3 = add i10 %i_1, i10 1" [src/fft_1d.cpp:100]   --->   Operation 20 'add' 'i_3' <Predicate = true> <Delay = 1.41> <CoreInst = "Adder">   --->   Core 1 'Adder' <Latency = 0> <II = 1> <Delay = 1.41> <FuncUnit> <Opcode : 'add' 'sub'> <InPorts = 2> <OutPorts = 1>
ST_1 : Operation 21 [1/1] (1.29ns)   --->   "%store_ln100 = store i10 %i_3, i10 %i" [src/fft_1d.cpp:100]   --->   Operation 21 'store' 'store_ln100' <Predicate = true> <Delay = 1.29>
ST_1 : Operation 22 [1/1] (0.00ns)   --->   "%br_ln100 = br i1 %icmp_ln110, void %for.inc.split, void %for.end" [src/fft_1d.cpp:100]   --->   Operation 22 'br' 'br_ln100' <Predicate = true> <Delay = 0.00>

State 2 <SV = 1> <Delay = 3.98>
ST_2 : Operation 23 [1/2] ( I:2.77ns O:2.77ns )   --->   "%i_val = load i10 %outI_addr" [src/fft_1d.cpp:103]   --->   Operation 23 'load' 'i_val' <Predicate = true> <Delay = 2.77> <CoreInst = "RAM_2P_BRAM">   --->   Core 90 'RAM_2P_BRAM' <Latency = 1> <II = 1> <Delay = 2.77> <Storage> <Opcode : 'load' 'store'> <Ports = 2> <Width = 16> <Depth = 1024> <RAM>
ST_2 : Operation 24 [1/2] ( I:2.77ns O:2.77ns )   --->   "%q_val = load i10 %outQ_addr" [src/fft_1d.cpp:103]   --->   Operation 24 'load' 'q_val' <Predicate = true> <Delay = 2.77> <CoreInst = "RAM_2P_BRAM">   --->   Core 90 'RAM_2P_BRAM' <Latency = 1> <II = 1> <Delay = 2.77> <Storage> <Opcode : 'load' 'store'> <Ports = 2> <Width = 16> <Depth = 1024> <RAM>
ST_2 : Operation 25 [1/1] (0.00ns)   --->   "%word = bitconcatenate i32 @_ssdm_op_BitConcatenate.i32.i16.i16, i16 %q_val, i16 %i_val" [src/fft_1d.hpp:86->src/fft_1d.cpp:103]   --->   Operation 25 'bitconcatenate' 'word' <Predicate = true> <Delay = 0.00>
ST_2 : Operation 26 [2/2] (1.21ns)   --->   "%write_ln125 = write void @_ssdm_op_Write.axis.volatile.i32P0A.i4P0A.i4P0A.i1P0A.i1P0A.i1P0A.i1P0A, i32 %out_stream_V_data_V, i4 %out_stream_V_keep_V, i4 %out_stream_V_strb_V, i1 %out_stream_V_user_V, i1 %out_stream_V_last_V, i1 %out_stream_V_id_V, i1 %out_stream_V_dest_V, i32 %word, i4 15, i4 15, i1 0, i1 %icmp_ln110, i1 0, i1 0" [src/fft_1d.cpp:125]   --->   Operation 26 'write' 'write_ln125' <Predicate = true> <Delay = 1.21> <CoreInst = "regslice">   --->   Core 135 'regslice' <Latency = 0> <II = 1> <Delay = 1.21> <Adapter> <Opcode : 'read' 'write'>

State 3 <SV = 2> <Delay = 1.29>
ST_3 : Operation 27 [1/1] (0.00ns)   --->   "%specpipeline_ln101 = specpipeline void @_ssdm_op_SpecPipeline, i32 1, i32 0, i32 0, i32 0, i32 4294967295, void @empty_9" [src/fft_1d.cpp:101]   --->   Operation 27 'specpipeline' 'specpipeline_ln101' <Predicate = true> <Delay = 0.00>
ST_3 : Operation 28 [1/1] (0.00ns)   --->   "%speclooptripcount_ln100 = speclooptripcount void @_ssdm_op_SpecLoopTripCount, i64 1024, i64 1024, i64 1024" [src/fft_1d.cpp:100]   --->   Operation 28 'speclooptripcount' 'speclooptripcount_ln100' <Predicate = true> <Delay = 0.00>
ST_3 : Operation 29 [1/1] (0.00ns)   --->   "%specloopname_ln100 = specloopname void @_ssdm_op_SpecLoopName, void @empty_14" [src/fft_1d.cpp:100]   --->   Operation 29 'specloopname' 'specloopname_ln100' <Predicate = true> <Delay = 0.00>
ST_3 : Operation 30 [1/2] ( I:1.21ns O:1.21ns )   --->   "%write_ln125 = write void @_ssdm_op_Write.axis.volatile.i32P0A.i4P0A.i4P0A.i1P0A.i1P0A.i1P0A.i1P0A, i32 %out_stream_V_data_V, i4 %out_stream_V_keep_V, i4 %out_stream_V_strb_V, i1 %out_stream_V_user_V, i1 %out_stream_V_last_V, i1 %out_stream_V_id_V, i1 %out_stream_V_dest_V, i32 %word, i4 15, i4 15, i1 0, i1 %icmp_ln110, i1 0, i1 0" [src/fft_1d.cpp:125]   --->   Operation 30 'write' 'write_ln125' <Predicate = true> <Delay = 1.21> <CoreInst = "regslice">   --->   Core 135 'regslice' <Latency = 0> <II = 1> <Delay = 1.21> <Adapter> <Opcode : 'read' 'write'>
ST_3 : Operation 31 [1/1] (1.29ns)   --->   "%ret_ln127 = ret" [src/fft_1d.cpp:127]   --->   Operation 31 'ret' 'ret_ln127' <Predicate = (icmp_ln110)> <Delay = 1.29>


============================================================
+ Verbose Summary: Binding
============================================================
STG Binding: 
---------------- STG Properties BEGIN ----------------
- Is combinational: 0
- Is one-state seq: 0
- Is datapath-only: 0
- Is pipelined: 0
- Is top level: 0
Port [ Return ] is wired: 1; IO mode=ap_ctrl_hs:ce=0
Port [ outI]:  wired=1; compound=1; hidden=0; nouse=0; global=0; static=0; extern=0; dir=0; type=1; pingpong=1; private_global=0; MemPort=[13]; IO mode=ap_memory:ce=0
Port [ outQ]:  wired=1; compound=1; hidden=0; nouse=0; global=0; static=0; extern=0; dir=0; type=1; pingpong=1; private_global=0; MemPort=[13]; IO mode=ap_memory:ce=0
Port [ out_stream_V_data_V]:  wired=1; compound=1; hidden=0; nouse=0; global=0; static=0; extern=0; dir=1; type=0; pingpong=0; private_global=0; IO mode=axis:ce=0
Port [ out_stream_V_keep_V]:  wired=1; compound=1; hidden=0; nouse=0; global=0; static=0; extern=0; dir=1; type=0; pingpong=0; private_global=0; IO mode=axis:ce=0
Port [ out_stream_V_strb_V]:  wired=1; compound=1; hidden=0; nouse=0; global=0; static=0; extern=0; dir=1; type=0; pingpong=0; private_global=0; IO mode=axis:ce=0
Port [ out_stream_V_user_V]:  wired=1; compound=1; hidden=0; nouse=0; global=0; static=0; extern=0; dir=1; type=0; pingpong=0; private_global=0; IO mode=axis:ce=0
Port [ out_stream_V_last_V]:  wired=1; compound=1; hidden=0; nouse=0; global=0; static=0; extern=0; dir=1; type=0; pingpong=0; private_global=0; IO mode=axis:ce=0
Port [ out_stream_V_id_V]:  wired=1; compound=1; hidden=0; nouse=0; global=0; static=0; extern=0; dir=1; type=0; pingpong=0; private_global=0; IO mode=axis:ce=0
Port [ out_stream_V_dest_V]:  wired=1; compound=1; hidden=0; nouse=0; global=0; static=0; extern=0; dir=1; type=0; pingpong=0; private_global=0; IO mode=axis:ce=0
---------------- STG Properties END ------------------

---------------- Datapath Model BEGIN ----------------

<LifeTime>
<method=bitvector/>
i                       (alloca             ) [ 0100]
specaxissidechannel_ln0 (specaxissidechannel) [ 0000]
specmemcore_ln0         (specmemcore        ) [ 0000]
specmemcore_ln0         (specmemcore        ) [ 0000]
specinterface_ln0       (specinterface      ) [ 0000]
store_ln100             (store              ) [ 0000]
br_ln100                (br                 ) [ 0000]
i_1                     (load               ) [ 0000]
zext_ln100              (zext               ) [ 0000]
outI_addr               (getelementptr      ) [ 0110]
outQ_addr               (getelementptr      ) [ 0110]
icmp_ln110              (icmp               ) [ 0111]
i_3                     (add                ) [ 0000]
store_ln100             (store              ) [ 0000]
br_ln100                (br                 ) [ 0000]
i_val                   (load               ) [ 0000]
q_val                   (load               ) [ 0000]
word                    (bitconcatenate     ) [ 0101]
specpipeline_ln101      (specpipeline       ) [ 0000]
speclooptripcount_ln100 (speclooptripcount  ) [ 0000]
specloopname_ln100      (specloopname       ) [ 0000]
write_ln125             (write              ) [ 0000]
ret_ln127               (ret                ) [ 0000]
</LifeTime>

<model>

<comp_list>
<comp id="0" class="1000" name="outI">
<pin_list>
<pin id="1" dir="1" index="0" bw="1" slack="0"/>
</pin_list>
<bind>
<StgValue><ssdm name="outI"/><MemPortTyVec>1 3 </MemPortTyVec>
</StgValue>
</bind>
</comp>

<comp id="2" class="1000" name="outQ">
<pin_list>
<pin id="3" dir="1" index="0" bw="1" slack="0"/>
</pin_list>
<bind>
<StgValue><ssdm name="outQ"/><MemPortTyVec>1 3 </MemPortTyVec>
</StgValue>
</bind>
</comp>

<comp id="4" class="1000" name="out_stream_V_data_V">
<pin_list>
<pin id="5" dir="1" index="0" bw="1" slack="0"/>
</pin_list>
<bind>
<StgValue><ssdm name="out_stream_V_data_V"/></StgValue>
</bind>
</comp>

<comp id="6" class="1000" name="out_stream_V_keep_V">
<pin_list>
<pin id="7" dir="1" index="0" bw="1" slack="0"/>
</pin_list>
<bind>
<StgValue><ssdm name="out_stream_V_keep_V"/></StgValue>
</bind>
</comp>

<comp id="8" class="1000" name="out_stream_V_strb_V">
<pin_list>
<pin id="9" dir="1" index="0" bw="1" slack="0"/>
</pin_list>
<bind>
<StgValue><ssdm name="out_stream_V_strb_V"/></StgValue>
</bind>
</comp>

<comp id="10" class="1000" name="out_stream_V_user_V">
<pin_list>
<pin id="11" dir="1" index="0" bw="1" slack="0"/>
</pin_list>
<bind>
<StgValue><ssdm name="out_stream_V_user_V"/></StgValue>
</bind>
</comp>

<comp id="12" class="1000" name="out_stream_V_last_V">
<pin_list>
<pin id="13" dir="1" index="0" bw="1" slack="0"/>
</pin_list>
<bind>
<StgValue><ssdm name="out_stream_V_last_V"/></StgValue>
</bind>
</comp>

<comp id="14" class="1000" name="out_stream_V_id_V">
<pin_list>
<pin id="15" dir="1" index="0" bw="1" slack="0"/>
</pin_list>
<bind>
<StgValue><ssdm name="out_stream_V_id_V"/></StgValue>
</bind>
</comp>

<comp id="16" class="1000" name="out_stream_V_dest_V">
<pin_list>
<pin id="17" dir="1" index="0" bw="1" slack="0"/>
</pin_list>
<bind>
<StgValue><ssdm name="out_stream_V_dest_V"/></StgValue>
</bind>
</comp>

<comp id="18" class="1001" name="const_18">
<pin_list>
<pin id="19" dir="1" index="0" bw="1" slack="0"/>
</pin_list>
<bind>
<StgValue><ssdm name=""/></StgValue>
</bind>
</comp>

<comp id="20" class="1001" name="const_20">
<pin_list>
<pin id="21" dir="1" index="0" bw="1" slack="2147483647"/>
</pin_list>
<bind>
<StgValue><ssdm name="_ssdm_op_SpecAXISSideChannel"/></StgValue>
</bind>
</comp>

<comp id="22" class="1001" name="const_22">
<pin_list>
<pin id="23" dir="1" index="0" bw="1" slack="2147483647"/>
</pin_list>
<bind>
<StgValue><ssdm name="empty_2"/></StgValue>
</bind>
</comp>

<comp id="24" class="1001" name="const_24">
<pin_list>
<pin id="25" dir="1" index="0" bw="1" slack="2147483647"/>
</pin_list>
<bind>
<StgValue><ssdm name="_ssdm_op_SpecMemCore"/></StgValue>
</bind>
</comp>

<comp id="26" class="1001" name="const_26">
<pin_list>
<pin id="27" dir="1" index="0" bw="1" slack="2147483647"/>
</pin_list>
<bind>
<StgValue><ssdm name=""/></StgValue>
</bind>
</comp>

<comp id="28" class="1001" name="const_28">
<pin_list>
<pin id="29" dir="1" index="0" bw="1" slack="2147483647"/>
</pin_list>
<bind>
<StgValue><ssdm name=""/></StgValue>
</bind>
</comp>

<comp id="30" class="1001" name="const_30">
<pin_list>
<pin id="31" dir="1" index="0" bw="1" slack="2147483647"/>
</pin_list>
<bind>
<StgValue><ssdm name=""/></StgValue>
</bind>
</comp>

<comp id="32" class="1001" name="const_32">
<pin_list>
<pin id="33" dir="1" index="0" bw="1" slack="0"/>
</pin_list>
<bind>
<StgValue><ssdm name=""/></StgValue>
</bind>
</comp>

<comp id="34" class="1001" name="const_34">
<pin_list>
<pin id="35" dir="1" index="0" bw="1" slack="2147483647"/>
</pin_list>
<bind>
<StgValue><ssdm name="_ssdm_op_SpecInterface"/></StgValue>
</bind>
</comp>

<comp id="36" class="1001" name="const_36">
<pin_list>
<pin id="37" dir="1" index="0" bw="1" slack="2147483647"/>
</pin_list>
<bind>
<StgValue><ssdm name="empty_6"/></StgValue>
</bind>
</comp>

<comp id="38" class="1001" name="const_38">
<pin_list>
<pin id="39" dir="1" index="0" bw="1" slack="2147483647"/>
</pin_list>
<bind>
<StgValue><ssdm name="empty_7"/></StgValue>
</bind>
</comp>

<comp id="40" class="1001" name="const_40">
<pin_list>
<pin id="41" dir="1" index="0" bw="1" slack="2147483647"/>
</pin_list>
<bind>
<StgValue><ssdm name=""/></StgValue>
</bind>
</comp>

<comp id="42" class="1001" name="const_42">
<pin_list>
<pin id="43" dir="1" index="0" bw="1" slack="2147483647"/>
</pin_list>
<bind>
<StgValue><ssdm name="empty_9"/></StgValue>
</bind>
</comp>

<comp id="44" class="1001" name="const_44">
<pin_list>
<pin id="45" dir="1" index="0" bw="1" slack="2147483647"/>
</pin_list>
<bind>
<StgValue><ssdm name=""/></StgValue>
</bind>
</comp>

<comp id="46" class="1001" name="const_46">
<pin_list>
<pin id="47" dir="1" index="0" bw="1" slack="0"/>
</pin_list>
<bind>
<StgValue><ssdm name=""/></StgValue>
</bind>
</comp>

<comp id="48" class="1001" name="const_48">
<pin_list>
<pin id="49" dir="1" index="0" bw="1" slack="0"/>
</pin_list>
<bind>
<StgValue><ssdm name=""/></StgValue>
</bind>
</comp>

<comp id="50" class="1001" name="const_50">
<pin_list>
<pin id="51" dir="1" index="0" bw="1" slack="0"/>
</pin_list>
<bind>
<StgValue><ssdm name=""/></StgValue>
</bind>
</comp>

<comp id="52" class="1001" name="const_52">
<pin_list>
<pin id="53" dir="1" index="0" bw="1" slack="0"/>
</pin_list>
<bind>
<StgValue><ssdm name=""/></StgValue>
</bind>
</comp>

<comp id="54" class="1001" name="const_54">
<pin_list>
<pin id="55" dir="1" index="0" bw="1" slack="0"/>
</pin_list>
<bind>
<StgValue><ssdm name="_ssdm_op_BitConcatenate.i32.i16.i16"/></StgValue>
</bind>
</comp>

<comp id="56" class="1001" name="const_56">
<pin_list>
<pin id="57" dir="1" index="0" bw="1" slack="0"/>
</pin_list>
<bind>
<StgValue><ssdm name="_ssdm_op_Write.axis.volatile.i32P0A.i4P0A.i4P0A.i1P0A.i1P0A.i1P0A.i1P0A"/></StgValue>
</bind>
</comp>

<comp id="58" class="1001" name="const_58">
<pin_list>
<pin id="59" dir="1" index="0" bw="1" slack="0"/>
</pin_list>
<bind>
<StgValue><ssdm name=""/></StgValue>
</bind>
</comp>

<comp id="60" class="1001" name="const_60">
<pin_list>
<pin id="61" dir="1" index="0" bw="1" slack="2147483647"/>
</pin_list>
<bind>
<StgValue><ssdm name="_ssdm_op_SpecPipeline"/></StgValue>
</bind>
</comp>

<comp id="62" class="1001" name="const_62">
<pin_list>
<pin id="63" dir="1" index="0" bw="1" slack="2147483647"/>
</pin_list>
<bind>
<StgValue><ssdm name="_ssdm_op_SpecLoopTripCount"/></StgValue>
</bind>
</comp>

<comp id="64" class="1001" name="const_64">
<pin_list>
<pin id="65" dir="1" index="0" bw="1" slack="2147483647"/>
</pin_list>
<bind>
<StgValue><ssdm name=""/></StgValue>
</bind>
</comp>

<comp id="66" class="1001" name="const_66">
<pin_list>
<pin id="67" dir="1" index="0" bw="1" slack="2147483647"/>
</pin_list>
<bind>
<StgValue><ssdm name="_ssdm_op_SpecLoopName"/></StgValue>
</bind>
</comp>

<comp id="68" class="1001" name="const_68">
<pin_list>
<pin id="69" dir="1" index="0" bw="1" slack="2147483647"/>
</pin_list>
<bind>
<StgValue><ssdm name="empty_14"/></StgValue>
</bind>
</comp>

<comp id="70" class="1004" name="i_fu_70">
<pin_list>
<pin id="71" dir="0" index="0" bw="1" slack="0"/>
<pin id="72" dir="1" index="1" bw="10" slack="0"/>
</pin_list>
<bind>
<opcode="alloca(26) " fcode="alloca"/>
<opset="i/1 "/>
</bind>
</comp>

<comp id="74" class="1004" name="grp_write_fu_74">
<pin_list>
<pin id="75" dir="0" index="0" bw="0" slack="0"/>
<pin id="76" dir="0" index="1" bw="32" slack="0"/>
<pin id="77" dir="0" index="2" bw="4" slack="0"/>
<pin id="78" dir="0" index="3" bw="4" slack="0"/>
<pin id="79" dir="0" index="4" bw="1" slack="0"/>
<pin id="80" dir="0" index="5" bw="1" slack="0"/>
<pin id="81" dir="0" index="6" bw="1" slack="0"/>
<pin id="82" dir="0" index="7" bw="1" slack="0"/>
<pin id="83" dir="0" index="8" bw="32" slack="0"/>
<pin id="84" dir="0" index="9" bw="1" slack="0"/>
<pin id="85" dir="0" index="10" bw="1" slack="0"/>
<pin id="86" dir="0" index="11" bw="1" slack="0"/>
<pin id="87" dir="0" index="12" bw="1" slack="1"/>
<pin id="88" dir="0" index="13" bw="1" slack="0"/>
<pin id="89" dir="0" index="14" bw="1" slack="0"/>
<pin id="90" dir="1" index="15" bw="0" slack="2147483647"/>
</pin_list>
<bind>
<opcode="write(1151) " fcode="write"/>
<opset="write_ln125/2 "/>
</bind>
</comp>

<comp id="104" class="1004" name="outI_addr_gep_fu_104">
<pin_list>
<pin id="105" dir="0" index="0" bw="16" slack="0"/>
<pin id="106" dir="0" index="1" bw="1" slack="0"/>
<pin id="107" dir="0" index="2" bw="10" slack="0"/>
<pin id="108" dir="1" index="3" bw="10" slack="0"/>
</pin_list>
<bind>
<opcode="getelementptr(29) " fcode="getelementptr"/>
<opset="outI_addr/1 "/>
</bind>
</comp>

<comp id="111" class="1004" name="grp_access_fu_111">
<pin_list>
<pin id="112" dir="0" index="0" bw="10" slack="0"/>
<pin id="113" dir="0" index="1" bw="16" slack="2147483647"/>
<pin id="114" dir="0" index="2" bw="0" slack="2147483647"/>
<pin id="115" dir="1" index="3" bw="16" slack="0"/>
</pin_list>
<bind>
<opcode="load(27) " fcode="load"/>
<opset="i_val/1 "/>
</bind>
</comp>

<comp id="117" class="1004" name="outQ_addr_gep_fu_117">
<pin_list>
<pin id="118" dir="0" index="0" bw="16" slack="0"/>
<pin id="119" dir="0" index="1" bw="1" slack="0"/>
<pin id="120" dir="0" index="2" bw="10" slack="0"/>
<pin id="121" dir="1" index="3" bw="10" slack="0"/>
</pin_list>
<bind>
<opcode="getelementptr(29) " fcode="getelementptr"/>
<opset="outQ_addr/1 "/>
</bind>
</comp>

<comp id="124" class="1004" name="grp_access_fu_124">
<pin_list>
<pin id="125" dir="0" index="0" bw="10" slack="0"/>
<pin id="126" dir="0" index="1" bw="16" slack="2147483647"/>
<pin id="127" dir="0" index="2" bw="0" slack="2147483647"/>
<pin id="128" dir="1" index="3" bw="16" slack="0"/>
</pin_list>
<bind>
<opcode="load(27) " fcode="load"/>
<opset="q_val/1 "/>
</bind>
</comp>

<comp id="130" class="1004" name="store_ln100_store_fu_130">
<pin_list>
<pin id="131" dir="0" index="0" bw="1" slack="0"/>
<pin id="132" dir="0" index="1" bw="10" slack="0"/>
<pin id="133" dir="1" index="2" bw="0" slack="2147483647"/>
</pin_list>
<bind>
<opcode="store(28) " fcode="store"/>
<opset="store_ln100/1 "/>
</bind>
</comp>

<comp id="135" class="1004" name="i_1_load_fu_135">
<pin_list>
<pin id="136" dir="0" index="0" bw="10" slack="0"/>
<pin id="137" dir="1" index="1" bw="10" slack="0"/>
</pin_list>
<bind>
<opcode="load(27) " fcode="load"/>
<opset="i_1/1 "/>
</bind>
</comp>

<comp id="138" class="1004" name="zext_ln100_fu_138">
<pin_list>
<pin id="139" dir="0" index="0" bw="10" slack="0"/>
<pin id="140" dir="1" index="1" bw="64" slack="0"/>
</pin_list>
<bind>
<opcode="zext(34) " fcode="zext"/>
<opset="zext_ln100/1 "/>
</bind>
</comp>

<comp id="144" class="1004" name="icmp_ln110_fu_144">
<pin_list>
<pin id="145" dir="0" index="0" bw="10" slack="0"/>
<pin id="146" dir="0" index="1" bw="10" slack="0"/>
<pin id="147" dir="1" index="2" bw="1" slack="1"/>
</pin_list>
<bind>
<opcode="icmp(45) " fcode="icmp"/>
<opset="icmp_ln110/1 "/>
</bind>
</comp>

<comp id="150" class="1004" name="i_3_fu_150">
<pin_list>
<pin id="151" dir="0" index="0" bw="10" slack="0"/>
<pin id="152" dir="0" index="1" bw="1" slack="0"/>
<pin id="153" dir="1" index="2" bw="10" slack="0"/>
</pin_list>
<bind>
<opcode="add(8) " fcode="add"/>
<opset="i_3/1 "/>
</bind>
</comp>

<comp id="156" class="1004" name="store_ln100_store_fu_156">
<pin_list>
<pin id="157" dir="0" index="0" bw="10" slack="0"/>
<pin id="158" dir="0" index="1" bw="10" slack="0"/>
<pin id="159" dir="1" index="2" bw="0" slack="2147483647"/>
</pin_list>
<bind>
<opcode="store(28) " fcode="store"/>
<opset="store_ln100/1 "/>
</bind>
</comp>

<comp id="161" class="1004" name="word_fu_161">
<pin_list>
<pin id="162" dir="0" index="0" bw="32" slack="0"/>
<pin id="163" dir="0" index="1" bw="16" slack="0"/>
<pin id="164" dir="0" index="2" bw="16" slack="0"/>
<pin id="165" dir="1" index="3" bw="32" slack="0"/>
</pin_list>
<bind>
<opcode="bitconcatenate(1004) " fcode="bitconcatenate"/>
<opset="word/2 "/>
</bind>
</comp>

<comp id="170" class="1005" name="i_reg_170">
<pin_list>
<pin id="171" dir="0" index="0" bw="10" slack="0"/>
<pin id="172" dir="1" index="1" bw="10" slack="0"/>
</pin_list>
<bind>
<opset="i "/>
</bind>
</comp>

<comp id="177" class="1005" name="outI_addr_reg_177">
<pin_list>
<pin id="178" dir="0" index="0" bw="10" slack="1"/>
<pin id="179" dir="1" index="1" bw="10" slack="1"/>
</pin_list>
<bind>
<opset="outI_addr "/>
</bind>
</comp>

<comp id="182" class="1005" name="outQ_addr_reg_182">
<pin_list>
<pin id="183" dir="0" index="0" bw="10" slack="1"/>
<pin id="184" dir="1" index="1" bw="10" slack="1"/>
</pin_list>
<bind>
<opset="outQ_addr "/>
</bind>
</comp>

<comp id="187" class="1005" name="icmp_ln110_reg_187">
<pin_list>
<pin id="188" dir="0" index="0" bw="1" slack="1"/>
<pin id="189" dir="1" index="1" bw="1" slack="1"/>
</pin_list>
<bind>
<opset="icmp_ln110 "/>
</bind>
</comp>

<comp id="192" class="1005" name="word_reg_192">
<pin_list>
<pin id="193" dir="0" index="0" bw="32" slack="1"/>
<pin id="194" dir="1" index="1" bw="32" slack="1"/>
</pin_list>
<bind>
<opset="word "/>
</bind>
</comp>

</comp_list>

<net_list>
<net id="73"><net_src comp="18" pin="0"/><net_sink comp="70" pin=0"/></net>

<net id="91"><net_src comp="56" pin="0"/><net_sink comp="74" pin=0"/></net>

<net id="92"><net_src comp="4" pin="0"/><net_sink comp="74" pin=1"/></net>

<net id="93"><net_src comp="6" pin="0"/><net_sink comp="74" pin=2"/></net>

<net id="94"><net_src comp="8" pin="0"/><net_sink comp="74" pin=3"/></net>

<net id="95"><net_src comp="10" pin="0"/><net_sink comp="74" pin=4"/></net>

<net id="96"><net_src comp="12" pin="0"/><net_sink comp="74" pin=5"/></net>

<net id="97"><net_src comp="14" pin="0"/><net_sink comp="74" pin=6"/></net>

<net id="98"><net_src comp="16" pin="0"/><net_sink comp="74" pin=7"/></net>

<net id="99"><net_src comp="58" pin="0"/><net_sink comp="74" pin=9"/></net>

<net id="100"><net_src comp="58" pin="0"/><net_sink comp="74" pin=10"/></net>

<net id="101"><net_src comp="32" pin="0"/><net_sink comp="74" pin=11"/></net>

<net id="102"><net_src comp="32" pin="0"/><net_sink comp="74" pin=13"/></net>

<net id="103"><net_src comp="32" pin="0"/><net_sink comp="74" pin=14"/></net>

<net id="109"><net_src comp="0" pin="0"/><net_sink comp="104" pin=0"/></net>

<net id="110"><net_src comp="48" pin="0"/><net_sink comp="104" pin=1"/></net>

<net id="116"><net_src comp="104" pin="3"/><net_sink comp="111" pin=0"/></net>

<net id="122"><net_src comp="2" pin="0"/><net_sink comp="117" pin=0"/></net>

<net id="123"><net_src comp="48" pin="0"/><net_sink comp="117" pin=1"/></net>

<net id="129"><net_src comp="117" pin="3"/><net_sink comp="124" pin=0"/></net>

<net id="134"><net_src comp="46" pin="0"/><net_sink comp="130" pin=0"/></net>

<net id="141"><net_src comp="135" pin="1"/><net_sink comp="138" pin=0"/></net>

<net id="142"><net_src comp="138" pin="1"/><net_sink comp="104" pin=2"/></net>

<net id="143"><net_src comp="138" pin="1"/><net_sink comp="117" pin=2"/></net>

<net id="148"><net_src comp="135" pin="1"/><net_sink comp="144" pin=0"/></net>

<net id="149"><net_src comp="50" pin="0"/><net_sink comp="144" pin=1"/></net>

<net id="154"><net_src comp="135" pin="1"/><net_sink comp="150" pin=0"/></net>

<net id="155"><net_src comp="52" pin="0"/><net_sink comp="150" pin=1"/></net>

<net id="160"><net_src comp="150" pin="2"/><net_sink comp="156" pin=0"/></net>

<net id="166"><net_src comp="54" pin="0"/><net_sink comp="161" pin=0"/></net>

<net id="167"><net_src comp="124" pin="3"/><net_sink comp="161" pin=1"/></net>

<net id="168"><net_src comp="111" pin="3"/><net_sink comp="161" pin=2"/></net>

<net id="169"><net_src comp="161" pin="3"/><net_sink comp="74" pin=8"/></net>

<net id="173"><net_src comp="70" pin="1"/><net_sink comp="170" pin=0"/></net>

<net id="174"><net_src comp="170" pin="1"/><net_sink comp="130" pin=1"/></net>

<net id="175"><net_src comp="170" pin="1"/><net_sink comp="135" pin=0"/></net>

<net id="176"><net_src comp="170" pin="1"/><net_sink comp="156" pin=1"/></net>

<net id="180"><net_src comp="104" pin="3"/><net_sink comp="177" pin=0"/></net>

<net id="181"><net_src comp="177" pin="1"/><net_sink comp="111" pin=0"/></net>

<net id="185"><net_src comp="117" pin="3"/><net_sink comp="182" pin=0"/></net>

<net id="186"><net_src comp="182" pin="1"/><net_sink comp="124" pin=0"/></net>

<net id="190"><net_src comp="144" pin="2"/><net_sink comp="187" pin=0"/></net>

<net id="191"><net_src comp="187" pin="1"/><net_sink comp="74" pin=12"/></net>

<net id="195"><net_src comp="161" pin="3"/><net_sink comp="192" pin=0"/></net>

<net id="196"><net_src comp="192" pin="1"/><net_sink comp="74" pin=8"/></net>

</net_list>

</model> 
---------------- Datapath Model END ------------------

* FSMD analyzer results:
  - Output states:
	Port: out_stream_V_data_V | {3 }
	Port: out_stream_V_keep_V | {3 }
	Port: out_stream_V_strb_V | {3 }
	Port: out_stream_V_user_V | {3 }
	Port: out_stream_V_last_V | {3 }
	Port: out_stream_V_id_V | {3 }
	Port: out_stream_V_dest_V | {3 }
 - Input state : 
	Port: stage_write_output : outI | {1 2 }
	Port: stage_write_output : outQ | {1 2 }
	Port: stage_write_output : out_stream_V_data_V | {}
	Port: stage_write_output : out_stream_V_keep_V | {}
	Port: stage_write_output : out_stream_V_strb_V | {}
	Port: stage_write_output : out_stream_V_user_V | {}
	Port: stage_write_output : out_stream_V_last_V | {}
	Port: stage_write_output : out_stream_V_id_V | {}
	Port: stage_write_output : out_stream_V_dest_V | {}
  - Chain level:
	State 1
		store_ln100 : 1
		i_1 : 1
		zext_ln100 : 2
		outI_addr : 3
		i_val : 4
		outQ_addr : 3
		q_val : 4
		icmp_ln110 : 2
		i_3 : 2
		store_ln100 : 3
		br_ln100 : 3
	State 2
		word : 1
		write_ln125 : 2
	State 3


============================================================
+ Verbose Summary: Datapath Resource usage 
============================================================

* Functional unit list:
|----------|-------------------|---------|---------|
| Operation|  Functional Unit  |    FF   |   LUT   |
|----------|-------------------|---------|---------|
|   icmp   | icmp_ln110_fu_144 |    0    |    10   |
|----------|-------------------|---------|---------|
|    add   |     i_3_fu_150    |    0    |    10   |
|----------|-------------------|---------|---------|
|   write  |  grp_write_fu_74  |    0    |    0    |
|----------|-------------------|---------|---------|
|   zext   | zext_ln100_fu_138 |    0    |    0    |
|----------|-------------------|---------|---------|
|bitconcatenate|    word_fu_161    |    0    |    0    |
|----------|-------------------|---------|---------|
|   Total  |                   |    0    |    20   |
|----------|-------------------|---------|---------|

Memories:
N/A

* Register list:
+------------------+--------+
|                  |   FF   |
+------------------+--------+
|     i_reg_170    |   10   |
|icmp_ln110_reg_187|    1   |
| outI_addr_reg_177|   10   |
| outQ_addr_reg_182|   10   |
|   word_reg_192   |   32   |
+------------------+--------+
|       Total      |   63   |
+------------------+--------+

* Multiplexer (MUX) list: 
|-------------------|------|------|------|--------||---------||---------||---------|
|        Comp       |  Pin | Size |  BW  | S x BW ||  Delay  ||    FF   ||   LUT   |
|-------------------|------|------|------|--------||---------||---------||---------|
|  grp_write_fu_74  |  p8  |   2  |  32  |   64   ||    0    ||    9    |
| grp_access_fu_111 |  p0  |   2  |  10  |   20   ||    0    ||    9    |
| grp_access_fu_124 |  p0  |   2  |  10  |   20   ||    0    ||    9    |
|-------------------|------|------|------|--------||---------||---------||---------|
|       Total       |      |      |      |   104  ||  3.894  ||    0    ||    27   |
|-------------------|------|------|------|--------||---------||---------||---------|



* Summary:
+-----------+--------+--------+--------+
|           |  Delay |   FF   |   LUT  |
+-----------+--------+--------+--------+
|  Function |    -   |    0   |   20   |
|   Memory  |    -   |    -   |    -   |
|Multiplexer|    3   |    0   |   27   |
|  Register |    -   |   63   |    -   |
+-----------+--------+--------+--------+
|   Total   |    3   |   63   |   47   |
+-----------+--------+--------+--------+
