

================================================================
== Vitis HLS Report for 'stage_process_fft_real'
================================================================
* Date:           Tue Apr 28 16:25:27 2026

* Version:        2025.2 (Build 6295257 on Nov 14 2025)
* Project:        zenith_fft_1d_prj
* Solution:       solution1 (Vivado IP Flow Target)
* Product family: zynq
* Target device:  xc7z020-clg400-2


================================================================
== Performance Estimates
================================================================
+ Timing: 
    * Summary: 
    +--------+---------+----------+------------+
    |  Clock |  Target | Estimated| Uncertainty|
    +--------+---------+----------+------------+
    |ap_clk  |  6.67 ns|  4.869 ns|     1.80 ns|
    +--------+---------+----------+------------+

+ Latency: 
    * Summary: 
    +---------+---------+-----------+-----------+------+------+---------+
    |  Latency (cycles) |   Latency (absolute)  |   Interval  | Pipeline|
    |   min   |   max   |    min    |    max    |  min |  max |   Type  |
    +---------+---------+-----------+-----------+------+------+---------+
    |     5254|     5254|  35.044 us|  35.044 us|  5254|  5254|       no|
    +---------+---------+-----------+-----------+------+------+---------+

    + Detail: 
        * Instance: 
        N/A

        * Loop: 
        N/A

============================================================
+ Verbose Summary: Synthesis Manager
============================================================
InlineROM: 1
ExposeGlobal: 0
============================================================
+ Verbose Summary: CDFG Model
============================================================
IsTopModel: 0
ResetActiveHigh: 1
IsCombinational: 2
IsDatapathOnly: 0
HasWiredReturn: 1
HasMFsm: 0
HasVarLatency: 1
IsPipeline: 0
IsRtlPipelined: 0
IsInstanceOverlapped: 0
IsDontTouch: 0
HasImplIP: 0
IsGatedGlobalClock: 0


============================================================
+ Verbose Summary: Schedule
============================================================
* Number of FSM states : 6
* Pipeline : 0
* Dataflow Pipeline: 0

* FSM state transitions: 
1 --> 2 
2 --> 3 
3 --> 4 
4 --> 5 
5 --> 6 
6 --> 

* FSM state operations: 

State 1 <SV = 0> <Delay = 4.86>
ST_1 : Operation 7 [1/1] ( I:2.43ns O:2.43ns )   --->   "%scaling_schedule_read = read i32 @_ssdm_op_Read.ap_fifo.i32P0A, i32 %scaling_schedule"   --->   Operation 7 'read' 'scaling_schedule_read' <Predicate = true> <Delay = 2.43> <CoreInst = "FIFO_SRL">   --->   Core 80 'FIFO_SRL' <Latency = 0> <II = 1> <Delay = 3.40> <Storage> <Opcode : 'read' 'write' 'nbread' 'nbwrite'> <Ports = 0> <Width = 32> <Depth = 3> <FIFO>
ST_1 : Operation 8 [1/1] (0.00ns)   --->   "%fft_in_stream = alloca i64 1" [src/fft_1d_hls.cpp:51->src/fft_1d.cpp:175]   --->   Operation 8 'alloca' 'fft_in_stream' <Predicate = true> <Delay = 0.00> <CoreInst = "FIFO">   --->   Core 77 'FIFO' <Latency = 0> <II = 1> <Delay = 3.41> <Storage> <Opcode : 'read' 'write' 'nbread' 'nbwrite'> <Ports = 0> <Width = 32> <Depth = 1024> <FIFO>
ST_1 : Operation 9 [1/1] (0.00ns)   --->   "%fft_out_stream = alloca i64 1" [src/fft_1d_hls.cpp:52->src/fft_1d.cpp:175]   --->   Operation 9 'alloca' 'fft_out_stream' <Predicate = true> <Delay = 0.00> <CoreInst = "FIFO">   --->   Core 77 'FIFO' <Latency = 0> <II = 1> <Delay = 3.41> <Storage> <Opcode : 'read' 'write' 'nbread' 'nbwrite'> <Ports = 0> <Width = 32> <Depth = 1024> <FIFO>
ST_1 : Operation 10 [1/1] (0.00ns)   --->   "%fft_config_stream = alloca i64 1" [src/fft_1d_hls.cpp:121->src/fft_1d.cpp:175]   --->   Operation 10 'alloca' 'fft_config_stream' <Predicate = true> <Delay = 0.00> <CoreInst = "FIFO_SRL">   --->   Core 80 'FIFO_SRL' <Latency = 0> <II = 1> <Delay = 3.40> <Storage> <Opcode : 'read' 'write' 'nbread' 'nbwrite'> <Ports = 0> <Width = 16> <Depth = 2> <FIFO>
ST_1 : Operation 11 [1/1] (0.00ns)   --->   "%trunc_ln350 = trunc i32 %scaling_schedule_read" [C:/AMDDesignTools/2025.2/Vitis/common/technology/autopilot\hls_fft.h:350->src/fft_1d_hls.cpp:118->src/fft_1d.cpp:175]   --->   Operation 11 'trunc' 'trunc_ln350' <Predicate = true> <Delay = 0.00>
ST_1 : Operation 12 [1/1] (0.00ns)   --->   "%fft_config = bitconcatenate i11 @_ssdm_op_BitConcatenate.i11.i10.i1, i10 %trunc_ln350, i1 1" [C:/AMDDesignTools/2025.2/Vitis/common/technology/autopilot\hls_fft.h:350->src/fft_1d_hls.cpp:118->src/fft_1d.cpp:175]   --->   Operation 12 'bitconcatenate' 'fft_config' <Predicate = true> <Delay = 0.00>
ST_1 : Operation 13 [1/1] (0.00ns)   --->   "%zext_ln350 = zext i11 %fft_config" [C:/AMDDesignTools/2025.2/Vitis/common/technology/autopilot\hls_fft.h:350->src/fft_1d_hls.cpp:118->src/fft_1d.cpp:175]   --->   Operation 13 'zext' 'zext_ln350' <Predicate = true> <Delay = 0.00>
ST_1 : Operation 14 [1/1] ( I:2.43ns O:2.43ns )   --->   "%write_ln127 = write void @_ssdm_op_Write.ap_fifo.volatile.i16P0A, i16 %fft_config_stream, i16 %zext_ln350" [src/fft_1d_hls.cpp:127->src/fft_1d.cpp:175]   --->   Operation 14 'write' 'write_ln127' <Predicate = true> <Delay = 2.43> <CoreInst = "FIFO_SRL">   --->   Core 80 'FIFO_SRL' <Latency = 0> <II = 1> <Delay = 3.40> <Storage> <Opcode : 'read' 'write' 'nbread' 'nbwrite'> <Ports = 0> <Width = 16> <Depth = 2> <FIFO>
ST_1 : Operation 15 [2/2] (0.00ns)   --->   "%call_ln0 = call void @stage_process_fft_real_Pipeline_feed_loop, i16 %in_bufI, i16 %in_bufQ, i32 %fft_in_stream"   --->   Operation 15 'call' 'call_ln0' <Predicate = true> <Delay = 0.00> <CoreType = "Generic">   --->   Generic Core

State 2 <SV = 1> <Delay = 0.00>
ST_2 : Operation 16 [1/2] (0.00ns)   --->   "%call_ln0 = call void @stage_process_fft_real_Pipeline_feed_loop, i16 %in_bufI, i16 %in_bufQ, i32 %fft_in_stream"   --->   Operation 16 'call' 'call_ln0' <Predicate = true> <Delay = 0.00> <CoreType = "Generic">   --->   Generic Core

State 3 <SV = 2> <Delay = 0.00>
ST_3 : Operation 17 [2/2] (0.00ns)   --->   "%call_ln123 = call void @fft<ZenithFFTConfig>, i32 %fft_in_stream, i32 %fft_out_stream, i16 %fft_config_stream" [src/fft_1d_hls.cpp:123->src/fft_1d.cpp:175]   --->   Operation 17 'call' 'call_ln123' <Predicate = true> <Delay = 0.00> <CoreInst = "Vivado_FFT">   --->   Core 114 'Vivado_FFT' <Latency = 3195> <II = 1> <Delay = 2.00> <IPBlock> <Opcode : > <InPorts = 2> <OutPorts = 1> <Async> <CReg>

State 4 <SV = 3> <Delay = 0.00>
ST_4 : Operation 18 [1/2] (0.00ns)   --->   "%call_ln123 = call void @fft<ZenithFFTConfig>, i32 %fft_in_stream, i32 %fft_out_stream, i16 %fft_config_stream" [src/fft_1d_hls.cpp:123->src/fft_1d.cpp:175]   --->   Operation 18 'call' 'call_ln123' <Predicate = true> <Delay = 0.00> <CoreInst = "Vivado_FFT">   --->   Core 114 'Vivado_FFT' <Latency = 3195> <II = 1> <Delay = 2.00> <IPBlock> <Opcode : > <InPorts = 2> <OutPorts = 1> <Async> <CReg>

State 5 <SV = 4> <Delay = 0.00>
ST_5 : Operation 19 [2/2] (0.00ns)   --->   "%call_ln0 = call void @stage_process_fft_real_Pipeline_drain_loop, i32 %fft_out_stream, i16 %out_bufI, i16 %out_bufQ"   --->   Operation 19 'call' 'call_ln0' <Predicate = true> <Delay = 0.00> <CoreType = "Generic">   --->   Generic Core

State 6 <SV = 5> <Delay = 0.00>
ST_6 : Operation 20 [1/1] (0.00ns)   --->   "%specinterface_ln0 = specinterface void @_ssdm_op_SpecInterface, i32 %scaling_schedule, void @ap_fifo_str, i32 0, i32 0, void @p_str, i32 0, i32 0, void @p_str, void @p_str, void @p_str, i32 2, i32 2, i32 16, i32 16, void @p_str, void @ScalarProp_str, i32 4294967295, i32 0, i32 0, i32 0"   --->   Operation 20 'specinterface' 'specinterface_ln0' <Predicate = true> <Delay = 0.00>
ST_6 : Operation 21 [1/1] (0.00ns)   --->   "%specmemcore_ln0 = specmemcore void @_ssdm_op_SpecMemCore, i16 %out_bufQ, i64 666, i64 22, i64 18446744073709551615, i1 0"   --->   Operation 21 'specmemcore' 'specmemcore_ln0' <Predicate = true> <Delay = 0.00>
ST_6 : Operation 22 [1/1] (0.00ns)   --->   "%specmemcore_ln0 = specmemcore void @_ssdm_op_SpecMemCore, i16 %out_bufI, i64 666, i64 22, i64 18446744073709551615, i1 0"   --->   Operation 22 'specmemcore' 'specmemcore_ln0' <Predicate = true> <Delay = 0.00>
ST_6 : Operation 23 [1/1] (0.00ns)   --->   "%specmemcore_ln0 = specmemcore void @_ssdm_op_SpecMemCore, i16 %in_bufQ, i64 666, i64 22, i64 18446744073709551615, i1 0"   --->   Operation 23 'specmemcore' 'specmemcore_ln0' <Predicate = true> <Delay = 0.00>
ST_6 : Operation 24 [1/1] (0.00ns)   --->   "%specmemcore_ln0 = specmemcore void @_ssdm_op_SpecMemCore, i16 %in_bufI, i64 666, i64 22, i64 18446744073709551615, i1 0"   --->   Operation 24 'specmemcore' 'specmemcore_ln0' <Predicate = true> <Delay = 0.00>
ST_6 : Operation 25 [1/1] (0.00ns)   --->   "%empty = specchannel i32 @_ssdm_op_SpecChannel, void @fft_in_stream_str, i32 1, void @p_str, void @p_str, i32 1024, i32 1024, i32 %fft_in_stream, i32 %fft_in_stream"   --->   Operation 25 'specchannel' 'empty' <Predicate = true> <Delay = 0.00>
ST_6 : Operation 26 [1/1] (0.00ns)   --->   "%empty_25 = specchannel i32 @_ssdm_op_SpecChannel, void @fft_out_stream_str, i32 1, void @p_str, void @p_str, i32 1024, i32 1024, i32 %fft_out_stream, i32 %fft_out_stream"   --->   Operation 26 'specchannel' 'empty_25' <Predicate = true> <Delay = 0.00>
ST_6 : Operation 27 [1/1] (0.00ns)   --->   "%empty_26 = specchannel i32 @_ssdm_op_SpecChannel, void @fft_config_stream_str, i32 1, void @p_str, void @p_str, i32 2, i32 2, i16 %fft_config_stream, i16 %fft_config_stream"   --->   Operation 27 'specchannel' 'empty_26' <Predicate = true> <Delay = 0.00>
ST_6 : Operation 28 [1/1] (0.00ns)   --->   "%specinterface_ln0 = specinterface void @_ssdm_op_SpecInterface, i32 %fft_in_stream, void @empty_0, i32 0, i32 0, void @empty_9, i32 0, i32 0, void @empty_9, void @empty_9, void @empty_9, i32 0, i32 0, i32 0, i32 0, void @empty_9, void @empty_9, i32 4294967295, i32 0, i32 0, i32 0"   --->   Operation 28 'specinterface' 'specinterface_ln0' <Predicate = true> <Delay = 0.00>
ST_6 : Operation 29 [1/1] (0.00ns)   --->   "%specinterface_ln0 = specinterface void @_ssdm_op_SpecInterface, i32 %fft_out_stream, void @empty_0, i32 0, i32 0, void @empty_9, i32 0, i32 0, void @empty_9, void @empty_9, void @empty_9, i32 0, i32 0, i32 0, i32 0, void @empty_9, void @empty_9, i32 4294967295, i32 0, i32 0, i32 0"   --->   Operation 29 'specinterface' 'specinterface_ln0' <Predicate = true> <Delay = 0.00>
ST_6 : Operation 30 [1/1] (0.00ns)   --->   "%specinterface_ln0 = specinterface void @_ssdm_op_SpecInterface, i16 %fft_config_stream, void @empty_0, i32 0, i32 0, void @empty_9, i32 0, i32 0, void @empty_9, void @empty_9, void @empty_9, i32 0, i32 0, i32 0, i32 0, void @empty_9, void @empty_9, i32 4294967295, i32 0, i32 0, i32 0"   --->   Operation 30 'specinterface' 'specinterface_ln0' <Predicate = true> <Delay = 0.00>
ST_6 : Operation 31 [1/2] (0.00ns)   --->   "%call_ln0 = call void @stage_process_fft_real_Pipeline_drain_loop, i32 %fft_out_stream, i16 %out_bufI, i16 %out_bufQ"   --->   Operation 31 'call' 'call_ln0' <Predicate = true> <Delay = 0.00> <CoreType = "Generic">   --->   Generic Core
ST_6 : Operation 32 [1/1] (0.00ns)   --->   "%ret_ln0 = ret"   --->   Operation 32 'ret' 'ret_ln0' <Predicate = true> <Delay = 0.00>


============================================================
+ Verbose Summary: Timing violations
============================================================
Target clock period: 6.670ns, clock uncertainty: 1.801ns.

 <State 1>: 4.869ns
The critical path consists of the following:
	fifo read operation ('scaling_schedule_read') on port 'scaling_schedule' [7]  (2.435 ns)
	fifo write operation ('write_ln127', src/fft_1d_hls.cpp:127->src/fft_1d.cpp:175) on port 'fft_config_stream', src/fft_1d_hls.cpp:121->src/fft_1d.cpp:175 (src/fft_1d_hls.cpp:127->src/fft_1d.cpp:175) [24]  (2.435 ns)

 <State 2>: 0.000ns
The critical path consists of the following:

 <State 3>: 0.000ns
The critical path consists of the following:

 <State 4>: 0.000ns
The critical path consists of the following:

 <State 5>: 0.000ns
The critical path consists of the following:

 <State 6>: 0.000ns
The critical path consists of the following:


============================================================
+ Verbose Summary: Binding
============================================================
N/A
* FSMD analyzer results:
  - Output states:
 - Input state : 
  - Chain level:
	State 1
	State 2
	State 3
	State 4
	State 5
	State 6


============================================================
+ Verbose Summary: Datapath Resource usage 
============================================================
N/A
