

================================================================
== Vitis HLS Report for 'stage_process_fft'
================================================================
* Date:           Tue Apr 21 16:25:43 2026

* Version:        2025.2 (Build 6295257 on Nov 14 2025)
* Project:        zenith_fft_1d_prj
* Solution:       solution1 (Vivado IP Flow Target)
* Product family: zynq
* Target device:  xc7z020-clg400-2


================================================================
== Performance Estimates
================================================================
+ Timing: 
    * Summary: 
    +--------+---------+----------+------------+
    |  Clock |  Target | Estimated| Uncertainty|
    +--------+---------+----------+------------+
    |ap_clk  |  6.67 ns|  4.069 ns|     1.80 ns|
    +--------+---------+----------+------------+

+ Latency: 
    * Summary: 
    +---------+---------+----------+----------+------+------+------------------------------------------------+
    |  Latency (cycles) |  Latency (absolute) |   Interval  |                    Pipeline                    |
    |   min   |   max   |    min   |    max   |  min |  max |                      Type                      |
    +---------+---------+----------+----------+------+------+------------------------------------------------+
    |     1027|     1027|  6.850 us|  6.850 us|  1024|  1024|  loop auto-rewind stp (delay=0 clock cycles(s))|
    +---------+---------+----------+----------+------+------+------------------------------------------------+

    + Detail: 
        * Instance: 
        N/A

        * Loop: 
        +-------------------+---------+---------+----------+-----------+-----------+------+----------+
        |                   |  Latency (cycles) | Iteration|  Initiation Interval  | Trip |          |
        |     Loop Name     |   min   |   max   |  Latency |  achieved |   target  | Count| Pipelined|
        +-------------------+---------+---------+----------+-----------+-----------+------+----------+
        |- VITIS_LOOP_54_1  |     1025|     1025|         3|          1|          1|  1024|       yes|
        +-------------------+---------+---------+----------+-----------+-----------+------+----------+

============================================================
+ Verbose Summary: Synthesis Manager
============================================================
InlineROM: 1
ExposeGlobal: 0
============================================================
+ Verbose Summary: CDFG Model
============================================================
IsTopModel: 0
ResetActiveHigh: 1
IsCombinational: 2
IsDatapathOnly: 0
HasWiredReturn: 1
HasMFsm: 2
HasVarLatency: 1
IsPipeline: 0
IsRtlPipelined: 0
IsInstanceOverlapped: 0
IsDontTouch: 0
HasImplIP: 0
IsGatedGlobalClock: 0

+ Individual pipeline summary: 
  * Pipeline-0: initiation interval (II) = 1, depth = 3


============================================================
+ Verbose Summary: Schedule
============================================================
* Number of FSM states : 3
* Pipeline : 1
  Pipeline-0 : II = 1, D = 3, States = { 1 2 3 }
* Dataflow Pipeline: 0

* FSM state transitions: 
1 --> 2 
2 --> 3 
3 --> 

* FSM state operations: 

State 1 <SV = 0> <Delay = 4.06>
ST_1 : Operation 6 [1/1] (0.00ns)   --->   "%i = alloca i32 1" [src/fft_1d.cpp:54]   --->   Operation 6 'alloca' 'i' <Predicate = true> <Delay = 0.00>
ST_1 : Operation 7 [1/1] (0.00ns)   --->   "%specmemcore_ln0 = specmemcore void @_ssdm_op_SpecMemCore, i1 %outQ, i64 666, i64 22, i64 18446744073709551615, i1 0"   --->   Operation 7 'specmemcore' 'specmemcore_ln0' <Predicate = true> <Delay = 0.00>
ST_1 : Operation 8 [1/1] (0.00ns)   --->   "%specmemcore_ln0 = specmemcore void @_ssdm_op_SpecMemCore, i16 %outI, i64 666, i64 22, i64 18446744073709551615, i1 0"   --->   Operation 8 'specmemcore' 'specmemcore_ln0' <Predicate = true> <Delay = 0.00>
ST_1 : Operation 9 [1/1] (0.00ns)   --->   "%specmemcore_ln0 = specmemcore void @_ssdm_op_SpecMemCore, i16 %bufI, i64 666, i64 22, i64 18446744073709551615, i1 0"   --->   Operation 9 'specmemcore' 'specmemcore_ln0' <Predicate = true> <Delay = 0.00>
ST_1 : Operation 10 [1/1] (1.29ns)   --->   "%store_ln54 = store i10 0, i10 %i" [src/fft_1d.cpp:54]   --->   Operation 10 'store' 'store_ln54' <Predicate = true> <Delay = 1.29>
ST_1 : Operation 11 [1/1] (0.00ns)   --->   "%br_ln54 = br void %for.inc.split" [src/fft_1d.cpp:54]   --->   Operation 11 'br' 'br_ln54' <Predicate = true> <Delay = 0.00>
ST_1 : Operation 12 [1/1] (0.00ns)   --->   "%i_7 = load i10 %i" [src/fft_1d.cpp:54]   --->   Operation 12 'load' 'i_7' <Predicate = true> <Delay = 0.00>
ST_1 : Operation 13 [1/1] (0.00ns)   --->   "%zext_ln54 = zext i10 %i_7" [src/fft_1d.cpp:54]   --->   Operation 13 'zext' 'zext_ln54' <Predicate = true> <Delay = 0.00>
ST_1 : Operation 14 [1/1] (0.00ns)   --->   "%bufI_addr = getelementptr i16 %bufI, i64 0, i64 %zext_ln54" [src/fft_1d.cpp:56]   --->   Operation 14 'getelementptr' 'bufI_addr' <Predicate = true> <Delay = 0.00>
ST_1 : Operation 15 [2/2] (2.77ns)   --->   "%bufI_load = load i10 %bufI_addr" [src/fft_1d.cpp:56]   --->   Operation 15 'load' 'bufI_load' <Predicate = true> <Delay = 2.77> <CoreInst = "RAM_2P_BRAM">   --->   Core 90 'RAM_2P_BRAM' <Latency = 1> <II = 1> <Delay = 2.77> <Storage> <Opcode : 'load' 'store'> <Ports = 2> <Width = 16> <Depth = 1024> <RAM>
ST_1 : Operation 16 [1/1] (1.41ns)   --->   "%i_9 = add i10 %i_7, i10 1" [src/fft_1d.cpp:54]   --->   Operation 16 'add' 'i_9' <Predicate = true> <Delay = 1.41> <CoreInst = "Adder">   --->   Core 1 'Adder' <Latency = 0> <II = 1> <Delay = 1.41> <FuncUnit> <Opcode : 'add' 'sub'> <InPorts = 2> <OutPorts = 1>
ST_1 : Operation 17 [1/1] (1.41ns)   --->   "%icmp_ln54 = icmp_eq  i10 %i_7, i10 1023" [src/fft_1d.cpp:54]   --->   Operation 17 'icmp' 'icmp_ln54' <Predicate = true> <Delay = 1.41> <CoreInst = "Cmp">   --->   Core 9 'Cmp' <Latency = 0> <II = 1> <Delay = 1.41> <FuncUnit> <Opcode : 'seteq' 'setne' 'setle' 'setge' 'setlt' 'setgt'> <InPorts = 2> <OutPorts = 1>
ST_1 : Operation 18 [1/1] (1.29ns)   --->   "%store_ln54 = store i10 %i_9, i10 %i" [src/fft_1d.cpp:54]   --->   Operation 18 'store' 'store_ln54' <Predicate = true> <Delay = 1.29>
ST_1 : Operation 19 [1/1] (0.00ns)   --->   "%br_ln54 = br i1 %icmp_ln54, void %for.inc.split, void %for.end" [src/fft_1d.cpp:54]   --->   Operation 19 'br' 'br_ln54' <Predicate = true> <Delay = 0.00>

State 2 <SV = 1> <Delay = 2.77>
ST_2 : Operation 20 [1/2] ( I:2.77ns O:2.77ns )   --->   "%bufI_load = load i10 %bufI_addr" [src/fft_1d.cpp:56]   --->   Operation 20 'load' 'bufI_load' <Predicate = true> <Delay = 2.77> <CoreInst = "RAM_2P_BRAM">   --->   Core 90 'RAM_2P_BRAM' <Latency = 1> <II = 1> <Delay = 2.77> <Storage> <Opcode : 'load' 'store'> <Ports = 2> <Width = 16> <Depth = 1024> <RAM>

State 3 <SV = 2> <Delay = 2.77>
ST_3 : Operation 21 [1/1] (0.00ns)   --->   "%specpipeline_ln55 = specpipeline void @_ssdm_op_SpecPipeline, i32 1, i32 0, i32 0, i32 0, i32 4294967295, void @empty_1" [src/fft_1d.cpp:55]   --->   Operation 21 'specpipeline' 'specpipeline_ln55' <Predicate = true> <Delay = 0.00>
ST_3 : Operation 22 [1/1] (0.00ns)   --->   "%speclooptripcount_ln54 = speclooptripcount void @_ssdm_op_SpecLoopTripCount, i64 1024, i64 1024, i64 1024" [src/fft_1d.cpp:54]   --->   Operation 22 'speclooptripcount' 'speclooptripcount_ln54' <Predicate = true> <Delay = 0.00>
ST_3 : Operation 23 [1/1] (0.00ns)   --->   "%specloopname_ln54 = specloopname void @_ssdm_op_SpecLoopName, void @empty_9" [src/fft_1d.cpp:54]   --->   Operation 23 'specloopname' 'specloopname_ln54' <Predicate = true> <Delay = 0.00>
ST_3 : Operation 24 [1/1] (0.00ns)   --->   "%outI_addr = getelementptr i16 %outI, i64 0, i64 %zext_ln54" [src/fft_1d.cpp:56]   --->   Operation 24 'getelementptr' 'outI_addr' <Predicate = true> <Delay = 0.00>
ST_3 : Operation 25 [1/1] ( I:2.77ns O:2.77ns )   --->   "%store_ln56 = store i16 %bufI_load, i10 %outI_addr" [src/fft_1d.cpp:56]   --->   Operation 25 'store' 'store_ln56' <Predicate = true> <Delay = 2.77> <CoreInst = "RAM_2P_BRAM">   --->   Core 90 'RAM_2P_BRAM' <Latency = 1> <II = 1> <Delay = 2.77> <Storage> <Opcode : 'load' 'store'> <Ports = 2> <Width = 16> <Depth = 1024> <RAM>
ST_3 : Operation 26 [1/1] (0.00ns)   --->   "%outQ_addr = getelementptr i1 %outQ, i64 0, i64 %zext_ln54" [src/fft_1d.cpp:61]   --->   Operation 26 'getelementptr' 'outQ_addr' <Predicate = true> <Delay = 0.00>
ST_3 : Operation 27 [1/1] ( I:2.77ns O:2.77ns )   --->   "%store_ln61 = store i1 0, i10 %outQ_addr" [src/fft_1d.cpp:61]   --->   Operation 27 'store' 'store_ln61' <Predicate = true> <Delay = 2.77> <CoreInst = "RAM_2P_BRAM">   --->   Core 90 'RAM_2P_BRAM' <Latency = 1> <II = 1> <Delay = 2.77> <Storage> <Opcode : 'load' 'store'> <Ports = 2> <Width = 1> <Depth = 1024> <RAM>
ST_3 : Operation 28 [1/1] (1.29ns)   --->   "%ret_ln63 = ret" [src/fft_1d.cpp:63]   --->   Operation 28 'ret' 'ret_ln63' <Predicate = (icmp_ln54)> <Delay = 1.29>


============================================================
+ Verbose Summary: Binding
============================================================
STG Binding: 
---------------- STG Properties BEGIN ----------------
- Is combinational: 0
- Is one-state seq: 0
- Is datapath-only: 0
- Is pipelined: 0
- Is top level: 0
Port [ Return ] is wired: 1; IO mode=ap_ctrl_hs:ce=0
Port [ bufI]:  wired=1; compound=1; hidden=0; nouse=0; global=0; static=0; extern=0; dir=0; type=1; pingpong=1; private_global=0; MemPort=[13]; IO mode=ap_memory:ce=0
Port [ outI]:  wired=1; compound=1; hidden=0; nouse=0; global=0; static=0; extern=0; dir=1; type=1; pingpong=1; private_global=0; MemPort=[30]; IO mode=ap_memory:ce=0
Port [ outQ]:  wired=1; compound=1; hidden=0; nouse=0; global=0; static=0; extern=0; dir=1; type=1; pingpong=1; private_global=0; MemPort=[30]; IO mode=ap_memory:ce=0
---------------- STG Properties END ------------------

---------------- Datapath Model BEGIN ----------------

<LifeTime>
<method=bitvector/>
i                      (alloca           ) [ 0100]
specmemcore_ln0        (specmemcore      ) [ 0000]
specmemcore_ln0        (specmemcore      ) [ 0000]
specmemcore_ln0        (specmemcore      ) [ 0000]
store_ln54             (store            ) [ 0000]
br_ln54                (br               ) [ 0000]
i_7                    (load             ) [ 0000]
zext_ln54              (zext             ) [ 0111]
bufI_addr              (getelementptr    ) [ 0110]
i_9                    (add              ) [ 0000]
icmp_ln54              (icmp             ) [ 0111]
store_ln54             (store            ) [ 0000]
br_ln54                (br               ) [ 0000]
bufI_load              (load             ) [ 0101]
specpipeline_ln55      (specpipeline     ) [ 0000]
speclooptripcount_ln54 (speclooptripcount) [ 0000]
specloopname_ln54      (specloopname     ) [ 0000]
outI_addr              (getelementptr    ) [ 0000]
store_ln56             (store            ) [ 0000]
outQ_addr              (getelementptr    ) [ 0000]
store_ln61             (store            ) [ 0000]
ret_ln63               (ret              ) [ 0000]
</LifeTime>

<model>

<comp_list>
<comp id="0" class="1000" name="bufI">
<pin_list>
<pin id="1" dir="1" index="0" bw="1" slack="0"/>
</pin_list>
<bind>
<StgValue><ssdm name="bufI"/><MemPortTyVec>1 3 </MemPortTyVec>
</StgValue>
</bind>
</comp>

<comp id="2" class="1000" name="outI">
<pin_list>
<pin id="3" dir="1" index="0" bw="1" slack="0"/>
</pin_list>
<bind>
<StgValue><ssdm name="outI"/><MemPortTyVec>3 0 </MemPortTyVec>
</StgValue>
</bind>
</comp>

<comp id="4" class="1000" name="outQ">
<pin_list>
<pin id="5" dir="1" index="0" bw="1" slack="0"/>
</pin_list>
<bind>
<StgValue><ssdm name="outQ"/><MemPortTyVec>3 0 </MemPortTyVec>
</StgValue>
</bind>
</comp>

<comp id="6" class="1001" name="const_6">
<pin_list>
<pin id="7" dir="1" index="0" bw="1" slack="0"/>
</pin_list>
<bind>
<StgValue><ssdm name=""/></StgValue>
</bind>
</comp>

<comp id="8" class="1001" name="const_8">
<pin_list>
<pin id="9" dir="1" index="0" bw="1" slack="2147483647"/>
</pin_list>
<bind>
<StgValue><ssdm name="_ssdm_op_SpecMemCore"/></StgValue>
</bind>
</comp>

<comp id="10" class="1001" name="const_10">
<pin_list>
<pin id="11" dir="1" index="0" bw="1" slack="2147483647"/>
</pin_list>
<bind>
<StgValue><ssdm name=""/></StgValue>
</bind>
</comp>

<comp id="12" class="1001" name="const_12">
<pin_list>
<pin id="13" dir="1" index="0" bw="1" slack="2147483647"/>
</pin_list>
<bind>
<StgValue><ssdm name=""/></StgValue>
</bind>
</comp>

<comp id="14" class="1001" name="const_14">
<pin_list>
<pin id="15" dir="1" index="0" bw="1" slack="2147483647"/>
</pin_list>
<bind>
<StgValue><ssdm name=""/></StgValue>
</bind>
</comp>

<comp id="16" class="1001" name="const_16">
<pin_list>
<pin id="17" dir="1" index="0" bw="1" slack="0"/>
</pin_list>
<bind>
<StgValue><ssdm name=""/></StgValue>
</bind>
</comp>

<comp id="18" class="1001" name="const_18">
<pin_list>
<pin id="19" dir="1" index="0" bw="1" slack="0"/>
</pin_list>
<bind>
<StgValue><ssdm name=""/></StgValue>
</bind>
</comp>

<comp id="20" class="1001" name="const_20">
<pin_list>
<pin id="21" dir="1" index="0" bw="1" slack="0"/>
</pin_list>
<bind>
<StgValue><ssdm name=""/></StgValue>
</bind>
</comp>

<comp id="22" class="1001" name="const_22">
<pin_list>
<pin id="23" dir="1" index="0" bw="1" slack="0"/>
</pin_list>
<bind>
<StgValue><ssdm name=""/></StgValue>
</bind>
</comp>

<comp id="24" class="1001" name="const_24">
<pin_list>
<pin id="25" dir="1" index="0" bw="1" slack="0"/>
</pin_list>
<bind>
<StgValue><ssdm name=""/></StgValue>
</bind>
</comp>

<comp id="26" class="1001" name="const_26">
<pin_list>
<pin id="27" dir="1" index="0" bw="1" slack="2147483647"/>
</pin_list>
<bind>
<StgValue><ssdm name="_ssdm_op_SpecPipeline"/></StgValue>
</bind>
</comp>

<comp id="28" class="1001" name="const_28">
<pin_list>
<pin id="29" dir="1" index="0" bw="1" slack="2147483647"/>
</pin_list>
<bind>
<StgValue><ssdm name=""/></StgValue>
</bind>
</comp>

<comp id="30" class="1001" name="const_30">
<pin_list>
<pin id="31" dir="1" index="0" bw="1" slack="2147483647"/>
</pin_list>
<bind>
<StgValue><ssdm name=""/></StgValue>
</bind>
</comp>

<comp id="32" class="1001" name="const_32">
<pin_list>
<pin id="33" dir="1" index="0" bw="1" slack="2147483647"/>
</pin_list>
<bind>
<StgValue><ssdm name="empty_1"/></StgValue>
</bind>
</comp>

<comp id="34" class="1001" name="const_34">
<pin_list>
<pin id="35" dir="1" index="0" bw="1" slack="2147483647"/>
</pin_list>
<bind>
<StgValue><ssdm name="_ssdm_op_SpecLoopTripCount"/></StgValue>
</bind>
</comp>

<comp id="36" class="1001" name="const_36">
<pin_list>
<pin id="37" dir="1" index="0" bw="1" slack="2147483647"/>
</pin_list>
<bind>
<StgValue><ssdm name=""/></StgValue>
</bind>
</comp>

<comp id="38" class="1001" name="const_38">
<pin_list>
<pin id="39" dir="1" index="0" bw="1" slack="2147483647"/>
</pin_list>
<bind>
<StgValue><ssdm name="_ssdm_op_SpecLoopName"/></StgValue>
</bind>
</comp>

<comp id="40" class="1001" name="const_40">
<pin_list>
<pin id="41" dir="1" index="0" bw="1" slack="2147483647"/>
</pin_list>
<bind>
<StgValue><ssdm name="empty_9"/></StgValue>
</bind>
</comp>

<comp id="42" class="1004" name="i_fu_42">
<pin_list>
<pin id="43" dir="0" index="0" bw="1" slack="0"/>
<pin id="44" dir="1" index="1" bw="10" slack="0"/>
</pin_list>
<bind>
<opcode="alloca(26) " fcode="alloca"/>
<opset="i/1 "/>
</bind>
</comp>

<comp id="46" class="1004" name="bufI_addr_gep_fu_46">
<pin_list>
<pin id="47" dir="0" index="0" bw="16" slack="0"/>
<pin id="48" dir="0" index="1" bw="1" slack="0"/>
<pin id="49" dir="0" index="2" bw="10" slack="0"/>
<pin id="50" dir="1" index="3" bw="10" slack="0"/>
</pin_list>
<bind>
<opcode="getelementptr(29) " fcode="getelementptr"/>
<opset="bufI_addr/1 "/>
</bind>
</comp>

<comp id="53" class="1004" name="grp_access_fu_53">
<pin_list>
<pin id="54" dir="0" index="0" bw="10" slack="0"/>
<pin id="55" dir="0" index="1" bw="16" slack="2147483647"/>
<pin id="56" dir="0" index="2" bw="0" slack="2147483647"/>
<pin id="57" dir="1" index="3" bw="16" slack="1"/>
</pin_list>
<bind>
<opcode="load(27) " fcode="load"/>
<opset="bufI_load/1 "/>
</bind>
</comp>

<comp id="59" class="1004" name="outI_addr_gep_fu_59">
<pin_list>
<pin id="60" dir="0" index="0" bw="16" slack="0"/>
<pin id="61" dir="0" index="1" bw="1" slack="0"/>
<pin id="62" dir="0" index="2" bw="10" slack="2"/>
<pin id="63" dir="1" index="3" bw="10" slack="0"/>
</pin_list>
<bind>
<opcode="getelementptr(29) " fcode="getelementptr"/>
<opset="outI_addr/3 "/>
</bind>
</comp>

<comp id="66" class="1004" name="store_ln56_access_fu_66">
<pin_list>
<pin id="67" dir="0" index="0" bw="10" slack="2147483647"/>
<pin id="68" dir="0" index="1" bw="16" slack="2147483647"/>
<pin id="69" dir="0" index="2" bw="0" slack="0"/>
<pin id="71" dir="0" index="4" bw="10" slack="1"/>
<pin id="72" dir="0" index="5" bw="16" slack="2147483647"/>
<pin id="73" dir="0" index="6" bw="0" slack="2147483647"/>
<pin id="70" dir="1" index="3" bw="16" slack="2147483647"/>
<pin id="74" dir="1" index="7" bw="16" slack="2147483647"/>
</pin_list>
<bind>
<opcode="store(28) " fcode="store"/>
<opset="store_ln56/3 "/>
</bind>
</comp>

<comp id="76" class="1004" name="outQ_addr_gep_fu_76">
<pin_list>
<pin id="77" dir="0" index="0" bw="1" slack="0"/>
<pin id="78" dir="0" index="1" bw="1" slack="0"/>
<pin id="79" dir="0" index="2" bw="10" slack="2"/>
<pin id="80" dir="1" index="3" bw="10" slack="0"/>
</pin_list>
<bind>
<opcode="getelementptr(29) " fcode="getelementptr"/>
<opset="outQ_addr/3 "/>
</bind>
</comp>

<comp id="83" class="1004" name="store_ln61_access_fu_83">
<pin_list>
<pin id="84" dir="0" index="0" bw="10" slack="2147483647"/>
<pin id="85" dir="0" index="1" bw="1" slack="2147483647"/>
<pin id="86" dir="0" index="2" bw="0" slack="0"/>
<pin id="88" dir="0" index="4" bw="10" slack="0"/>
<pin id="89" dir="0" index="5" bw="1" slack="2147483647"/>
<pin id="90" dir="0" index="6" bw="0" slack="2147483647"/>
<pin id="87" dir="1" index="3" bw="1" slack="2147483647"/>
<pin id="91" dir="1" index="7" bw="1" slack="2147483647"/>
</pin_list>
<bind>
<opcode="store(28) " fcode="store"/>
<opset="store_ln61/3 "/>
</bind>
</comp>

<comp id="94" class="1004" name="store_ln54_store_fu_94">
<pin_list>
<pin id="95" dir="0" index="0" bw="1" slack="0"/>
<pin id="96" dir="0" index="1" bw="10" slack="0"/>
<pin id="97" dir="1" index="2" bw="0" slack="2147483647"/>
</pin_list>
<bind>
<opcode="store(28) " fcode="store"/>
<opset="store_ln54/1 "/>
</bind>
</comp>

<comp id="99" class="1004" name="i_7_load_fu_99">
<pin_list>
<pin id="100" dir="0" index="0" bw="10" slack="0"/>
<pin id="101" dir="1" index="1" bw="10" slack="0"/>
</pin_list>
<bind>
<opcode="load(27) " fcode="load"/>
<opset="i_7/1 "/>
</bind>
</comp>

<comp id="102" class="1004" name="zext_ln54_fu_102">
<pin_list>
<pin id="103" dir="0" index="0" bw="10" slack="0"/>
<pin id="104" dir="1" index="1" bw="64" slack="0"/>
</pin_list>
<bind>
<opcode="zext(34) " fcode="zext"/>
<opset="zext_ln54/1 "/>
</bind>
</comp>

<comp id="107" class="1004" name="i_9_fu_107">
<pin_list>
<pin id="108" dir="0" index="0" bw="10" slack="0"/>
<pin id="109" dir="0" index="1" bw="1" slack="0"/>
<pin id="110" dir="1" index="2" bw="10" slack="0"/>
</pin_list>
<bind>
<opcode="add(8) " fcode="add"/>
<opset="i_9/1 "/>
</bind>
</comp>

<comp id="113" class="1004" name="icmp_ln54_fu_113">
<pin_list>
<pin id="114" dir="0" index="0" bw="10" slack="0"/>
<pin id="115" dir="0" index="1" bw="1" slack="0"/>
<pin id="116" dir="1" index="2" bw="1" slack="2"/>
</pin_list>
<bind>
<opcode="icmp(45) " fcode="icmp"/>
<opset="icmp_ln54/1 "/>
</bind>
</comp>

<comp id="119" class="1004" name="store_ln54_store_fu_119">
<pin_list>
<pin id="120" dir="0" index="0" bw="10" slack="0"/>
<pin id="121" dir="0" index="1" bw="10" slack="0"/>
<pin id="122" dir="1" index="2" bw="0" slack="2147483647"/>
</pin_list>
<bind>
<opcode="store(28) " fcode="store"/>
<opset="store_ln54/1 "/>
</bind>
</comp>

<comp id="124" class="1005" name="i_reg_124">
<pin_list>
<pin id="125" dir="0" index="0" bw="10" slack="0"/>
<pin id="126" dir="1" index="1" bw="10" slack="0"/>
</pin_list>
<bind>
<opset="i "/>
</bind>
</comp>

<comp id="131" class="1005" name="zext_ln54_reg_131">
<pin_list>
<pin id="132" dir="0" index="0" bw="64" slack="2"/>
<pin id="133" dir="1" index="1" bw="64" slack="2"/>
</pin_list>
<bind>
<opset="zext_ln54 "/>
</bind>
</comp>

<comp id="137" class="1005" name="bufI_addr_reg_137">
<pin_list>
<pin id="138" dir="0" index="0" bw="10" slack="1"/>
<pin id="139" dir="1" index="1" bw="10" slack="1"/>
</pin_list>
<bind>
<opset="bufI_addr "/>
</bind>
</comp>

<comp id="142" class="1005" name="icmp_ln54_reg_142">
<pin_list>
<pin id="143" dir="0" index="0" bw="1" slack="2"/>
<pin id="144" dir="1" index="1" bw="1" slack="2147483647"/>
</pin_list>
<bind>
<opset="icmp_ln54 "/>
</bind>
</comp>

<comp id="146" class="1005" name="bufI_load_reg_146">
<pin_list>
<pin id="147" dir="0" index="0" bw="16" slack="1"/>
<pin id="148" dir="1" index="1" bw="16" slack="1"/>
</pin_list>
<bind>
<opset="bufI_load "/>
</bind>
</comp>

</comp_list>

<net_list>
<net id="45"><net_src comp="6" pin="0"/><net_sink comp="42" pin=0"/></net>

<net id="51"><net_src comp="0" pin="0"/><net_sink comp="46" pin=0"/></net>

<net id="52"><net_src comp="20" pin="0"/><net_sink comp="46" pin=1"/></net>

<net id="58"><net_src comp="46" pin="3"/><net_sink comp="53" pin=0"/></net>

<net id="64"><net_src comp="2" pin="0"/><net_sink comp="59" pin=0"/></net>

<net id="65"><net_src comp="20" pin="0"/><net_sink comp="59" pin=1"/></net>

<net id="75"><net_src comp="59" pin="3"/><net_sink comp="66" pin=2"/></net>

<net id="81"><net_src comp="4" pin="0"/><net_sink comp="76" pin=0"/></net>

<net id="82"><net_src comp="20" pin="0"/><net_sink comp="76" pin=1"/></net>

<net id="92"><net_src comp="16" pin="0"/><net_sink comp="83" pin=4"/></net>

<net id="93"><net_src comp="76" pin="3"/><net_sink comp="83" pin=2"/></net>

<net id="98"><net_src comp="18" pin="0"/><net_sink comp="94" pin=0"/></net>

<net id="105"><net_src comp="99" pin="1"/><net_sink comp="102" pin=0"/></net>

<net id="106"><net_src comp="102" pin="1"/><net_sink comp="46" pin=2"/></net>

<net id="111"><net_src comp="99" pin="1"/><net_sink comp="107" pin=0"/></net>

<net id="112"><net_src comp="22" pin="0"/><net_sink comp="107" pin=1"/></net>

<net id="117"><net_src comp="99" pin="1"/><net_sink comp="113" pin=0"/></net>

<net id="118"><net_src comp="24" pin="0"/><net_sink comp="113" pin=1"/></net>

<net id="123"><net_src comp="107" pin="2"/><net_sink comp="119" pin=0"/></net>

<net id="127"><net_src comp="42" pin="1"/><net_sink comp="124" pin=0"/></net>

<net id="128"><net_src comp="124" pin="1"/><net_sink comp="94" pin=1"/></net>

<net id="129"><net_src comp="124" pin="1"/><net_sink comp="99" pin=0"/></net>

<net id="130"><net_src comp="124" pin="1"/><net_sink comp="119" pin=1"/></net>

<net id="134"><net_src comp="102" pin="1"/><net_sink comp="131" pin=0"/></net>

<net id="135"><net_src comp="131" pin="1"/><net_sink comp="59" pin=2"/></net>

<net id="136"><net_src comp="131" pin="1"/><net_sink comp="76" pin=2"/></net>

<net id="140"><net_src comp="46" pin="3"/><net_sink comp="137" pin=0"/></net>

<net id="141"><net_src comp="137" pin="1"/><net_sink comp="53" pin=0"/></net>

<net id="145"><net_src comp="113" pin="2"/><net_sink comp="142" pin=0"/></net>

<net id="149"><net_src comp="53" pin="3"/><net_sink comp="146" pin=0"/></net>

<net id="150"><net_src comp="146" pin="1"/><net_sink comp="66" pin=4"/></net>

</net_list>

</model> 
---------------- Datapath Model END ------------------

* FSMD analyzer results:
  - Output states:
	Port: outI | {3 }
	Port: outQ | {3 }
 - Input state : 
	Port: stage_process_fft : bufI | {1 2 }
  - Chain level:
	State 1
		store_ln54 : 1
		i_7 : 1
		zext_ln54 : 2
		bufI_addr : 3
		bufI_load : 4
		i_9 : 2
		icmp_ln54 : 2
		store_ln54 : 3
		br_ln54 : 3
	State 2
	State 3
		store_ln56 : 1
		store_ln61 : 1


============================================================
+ Verbose Summary: Datapath Resource usage 
============================================================

* Functional unit list:
|----------|------------------|---------|---------|
| Operation|  Functional Unit |    FF   |   LUT   |
|----------|------------------|---------|---------|
|    add   |    i_9_fu_107    |    0    |    10   |
|----------|------------------|---------|---------|
|   icmp   | icmp_ln54_fu_113 |    0    |    10   |
|----------|------------------|---------|---------|
|   zext   | zext_ln54_fu_102 |    0    |    0    |
|----------|------------------|---------|---------|
|   Total  |                  |    0    |    20   |
|----------|------------------|---------|---------|

Memories:
N/A

* Register list:
+-----------------+--------+
|                 |   FF   |
+-----------------+--------+
|bufI_addr_reg_137|   10   |
|bufI_load_reg_146|   16   |
|    i_reg_124    |   10   |
|icmp_ln54_reg_142|    1   |
|zext_ln54_reg_131|   64   |
+-----------------+--------+
|      Total      |   101  |
+-----------------+--------+

* Multiplexer (MUX) list: 
|------------------|------|------|------|--------||---------||---------||---------|
|       Comp       |  Pin | Size |  BW  | S x BW ||  Delay  ||    FF   ||   LUT   |
|------------------|------|------|------|--------||---------||---------||---------|
| grp_access_fu_53 |  p0  |   2  |  10  |   20   ||    0    ||    9    |
|------------------|------|------|------|--------||---------||---------||---------|
|       Total      |      |      |      |   20   ||  1.298  ||    0    ||    9    |
|------------------|------|------|------|--------||---------||---------||---------|



* Summary:
+-----------+--------+--------+--------+
|           |  Delay |   FF   |   LUT  |
+-----------+--------+--------+--------+
|  Function |    -   |    0   |   20   |
|   Memory  |    -   |    -   |    -   |
|Multiplexer|    1   |    0   |    9   |
|  Register |    -   |   101  |    -   |
+-----------+--------+--------+--------+
|   Total   |    1   |   101  |   29   |
+-----------+--------+--------+--------+
