

================================================================
== Vitis HLS Report for 'Block_entry_in_bufI_wr_proc'
================================================================
* Date:           Tue Apr 28 16:25:29 2026

* Version:        2025.2 (Build 6295257 on Nov 14 2025)
* Project:        zenith_fft_1d_prj
* Solution:       solution1 (Vivado IP Flow Target)
* Product family: zynq
* Target device:  xc7z020-clg400-2


================================================================
== Performance Estimates
================================================================
+ Timing: 
    * Summary: 
    +--------+---------+----------+------------+
    |  Clock |  Target | Estimated| Uncertainty|
    +--------+---------+----------+------------+
    |ap_clk  |  6.67 ns|  4.078 ns|     1.80 ns|
    +--------+---------+----------+------------+

+ Latency: 
    * Summary: 
    +---------+---------+-----------+-----------+------+------+---------+
    |  Latency (cycles) |   Latency (absolute)  |   Interval  | Pipeline|
    |   min   |   max   |    min    |    max    |  min |  max |   Type  |
    +---------+---------+-----------+-----------+------+------+---------+
    |     2056|     2056|  13.714 us|  13.714 us|  2056|  2056|       no|
    +---------+---------+-----------+-----------+------+------+---------+

    + Detail: 
        * Instance: 
        +------------------------------+--------------------+---------+---------+----------+----------+-----+-----+-------------------+
        |                              |                    |  Latency (cycles) |  Latency (absolute) |  Interval |      Pipeline     |
        |           Instance           |       Module       |   min   |   max   |    min   |    max   | min | max |        Type       |
        +------------------------------+--------------------+---------+---------+----------+----------+-----+-----+-------------------+
        |grp_stage_read_input_fu_50    |stage_read_input    |     1026|     1026|  6.843 us|  6.843 us|    0|    0|  loop pipeline stp|
        |grp_stage_read_input_1_fu_72  |stage_read_input_1  |     1026|     1026|  6.843 us|  6.843 us|    0|    0|  loop pipeline stp|
        +------------------------------+--------------------+---------+---------+----------+----------+-----+-----+-------------------+

        * Loop: 
        N/A



================================================================
== Utilization Estimates
================================================================
* Summary: 
+-----------------+---------+-----+--------+-------+-----+
|       Name      | BRAM_18K| DSP |   FF   |  LUT  | URAM|
+-----------------+---------+-----+--------+-------+-----+
|DSP              |        -|    -|       -|      -|    -|
|Expression       |        -|    -|       0|      1|    -|
|FIFO             |        -|    -|       -|      -|    -|
|Instance         |        -|    -|      50|    142|    -|
|Memory           |        -|    -|       -|      -|    -|
|Multiplexer      |        -|    -|       0|    151|    -|
|Register         |        -|    -|       8|      -|    -|
+-----------------+---------+-----+--------+-------+-----+
|Total            |        0|    0|      58|    294|    0|
+-----------------+---------+-----+--------+-------+-----+
|Available        |      280|  220|  106400|  53200|    0|
+-----------------+---------+-----+--------+-------+-----+
|Utilization (%)  |        0|    0|      ~0|     ~0|    0|
+-----------------+---------+-----+--------+-------+-----+

+ Detail: 
    * Instance: 
    +------------------------------+--------------------+---------+----+----+----+-----+
    |           Instance           |       Module       | BRAM_18K| DSP| FF | LUT| URAM|
    +------------------------------+--------------------+---------+----+----+----+-----+
    |grp_stage_read_input_fu_50    |stage_read_input    |        0|   0|  25|  71|    0|
    |grp_stage_read_input_1_fu_72  |stage_read_input_1  |        0|   0|  25|  71|    0|
    +------------------------------+--------------------+---------+----+----+----+-----+
    |Total                         |                    |        0|   0|  50| 142|    0|
    +------------------------------+--------------------+---------+----+----+----+-----+

    * DSP: 
    N/A

    * Memory: 
    N/A

    * FIFO: 
    N/A

    * Expression: 
    +-----------------+----------+----+---+----+------------+------------+
    |  Variable Name  | Operation| DSP| FF| LUT| Bitwidth P0| Bitwidth P1|
    +-----------------+----------+----+---+----+------------+------------+
    |ap_block_state1  |        or|   0|  0|   1|           1|           1|
    +-----------------+----------+----+---+----+------------+------------+
    |Total            |          |   0|  0|   1|           1|           1|
    +-----------------+----------+----+---+----+------------+------------+

    * Multiplexer: 
    +-------------------------------+----+-----------+-----+-----------+
    |              Name             | LUT| Input Size| Bits| Total Bits|
    +-------------------------------+----+-----------+-----+-----------+
    |ap_NS_fsm                      |  25|          6|    1|          6|
    |ap_done                        |   9|          2|    1|          2|
    |in_bufI_address1               |  13|          3|   10|         30|
    |in_bufI_ce1                    |  13|          3|    1|          3|
    |in_bufI_d1                     |  13|          3|   16|         48|
    |in_bufI_we1                    |  13|          3|    1|          3|
    |in_bufQ_address1               |  13|          3|   10|         30|
    |in_bufQ_ce1                    |  13|          3|    1|          3|
    |in_bufQ_d1                     |  13|          3|   16|         48|
    |in_bufQ_we1                    |  13|          3|    1|          3|
    |in_stream_TREADY_int_regslice  |  13|          3|    1|          3|
    +-------------------------------+----+-----------+-----+-----------+
    |Total                          | 151|         35|   59|        179|
    +-------------------------------+----+-----------+-----+-----------+

    * Register: 
    +-------------------------------------------+---+----+-----+-----------+
    |                    Name                   | FF| LUT| Bits| Const Bits|
    +-------------------------------------------+---+----+-----+-----------+
    |ap_CS_fsm                                  |  5|   0|    5|          0|
    |ap_done_reg                                |  1|   0|    1|          0|
    |grp_stage_read_input_1_fu_72_ap_start_reg  |  1|   0|    1|          0|
    |grp_stage_read_input_fu_50_ap_start_reg    |  1|   0|    1|          0|
    +-------------------------------------------+---+----+-----+-----------+
    |Total                                      |  8|   0|    8|          0|
    +-------------------------------------------+---+----+-----+-----------+



================================================================
== Interface
================================================================
* Summary: 
+------------------+-----+-----+------------+-----------------------------+--------------+
|     RTL Ports    | Dir | Bits|  Protocol  |        Source Object        |    C Type    |
+------------------+-----+-----+------------+-----------------------------+--------------+
|ap_clk            |   in|    1|  ap_ctrl_hs|  Block_entry_in_bufI_wr_proc|  return value|
|ap_rst            |   in|    1|  ap_ctrl_hs|  Block_entry_in_bufI_wr_proc|  return value|
|ap_start          |   in|    1|  ap_ctrl_hs|  Block_entry_in_bufI_wr_proc|  return value|
|ap_done           |  out|    1|  ap_ctrl_hs|  Block_entry_in_bufI_wr_proc|  return value|
|ap_continue       |   in|    1|  ap_ctrl_hs|  Block_entry_in_bufI_wr_proc|  return value|
|ap_idle           |  out|    1|  ap_ctrl_hs|  Block_entry_in_bufI_wr_proc|  return value|
|ap_ready          |  out|    1|  ap_ctrl_hs|  Block_entry_in_bufI_wr_proc|  return value|
|in_stream_TDATA   |   in|   32|        axis|           in_stream_V_data_V|       pointer|
|in_stream_TVALID  |   in|    1|        axis|           in_stream_V_dest_V|       pointer|
|in_stream_TREADY  |  out|    1|        axis|           in_stream_V_dest_V|       pointer|
|in_stream_TDEST   |   in|    1|        axis|           in_stream_V_dest_V|       pointer|
|in_stream_TKEEP   |   in|    4|        axis|           in_stream_V_keep_V|       pointer|
|in_stream_TSTRB   |   in|    4|        axis|           in_stream_V_strb_V|       pointer|
|in_stream_TUSER   |   in|    1|        axis|           in_stream_V_user_V|       pointer|
|in_stream_TLAST   |   in|    1|        axis|           in_stream_V_last_V|       pointer|
|in_stream_TID     |   in|    1|        axis|             in_stream_V_id_V|       pointer|
|in_bufI_address1  |  out|   10|   ap_memory|                      in_bufI|         array|
|in_bufI_ce1       |  out|    1|   ap_memory|                      in_bufI|         array|
|in_bufI_we1       |  out|    1|   ap_memory|                      in_bufI|         array|
|in_bufI_d1        |  out|   16|   ap_memory|                      in_bufI|         array|
|in_bufQ_address1  |  out|   10|   ap_memory|                      in_bufQ|         array|
|in_bufQ_ce1       |  out|    1|   ap_memory|                      in_bufQ|         array|
|in_bufQ_we1       |  out|    1|   ap_memory|                      in_bufQ|         array|
|in_bufQ_d1        |  out|   16|   ap_memory|                      in_bufQ|         array|
+------------------+-----+-----+------------+-----------------------------+--------------+

