

================================================================
== Synthesis Summary Report of 'fft_1d_top'
================================================================
+ General Information: 
    * Date:           Tue Apr 28 16:25:31 2026
    * Version:        2025.2 (Build 6295257 on Nov 14 2025)
    * Project:        zenith_fft_1d_prj
    * Solution:       solution1 (Vivado IP Flow Target)
    * Product family: zynq
    * Target device:  xc7z020-clg400-2
    

* Performance & Resource Estimates: 
+------------------------------------------------+------+---------------+----------+---------+------+----------+---------+-----------+------+---------+---------+-------------+------------+-----+
|                     Modules                    | Issue|               | Iteration|         | Trip |          |       Latency       |      |         |         |             |            |     |
|                     & Loops                    | Type | Violation Type|  Latency | Interval| Count| Pipelined| (cycles)|    (ns)   | Slack|  BRAM   |   DSP   |      FF     |     LUT    | URAM|
+------------------------------------------------+------+---------------+----------+---------+------+----------+---------+-----------+------+---------+---------+-------------+------------+-----+
|+ fft_1d_top*                                   |     -|              -|         -|     5255|     -|  dataflow|     8339|  5.562e+04|  0.00|  15 (5%)|  12 (5%)|  10691 (10%)|  8903 (16%)|    -|
| + Block_entry_in_bufI_wr_proc                  |     -|              -|         -|     2056|     -|        no|     2056|  1.371e+04|  0.79|        -|        -|     58 (~0%)|   294 (~0%)|    -|
|  + stage_read_input                            |     -|              -|         -|        -|     -|       yes|     1026|  6.843e+03|  0.79|        -|        -|     25 (~0%)|    71 (~0%)|    -|
|   o VITIS_LOOP_41_1                            |     -|              -|         2|        1|  1024|       yes|     1024|  6.830e+03|  4.87|        -|        -|            -|           -|    -|
|  + stage_read_input_1                          |     -|              -|         -|        -|     -|       yes|     1026|  6.843e+03|  0.79|        -|        -|     25 (~0%)|    71 (~0%)|    -|
|   o VITIS_LOOP_41_1                            |     -|              -|         2|        1|  1024|       yes|     1024|  6.830e+03|  4.87|        -|        -|            -|           -|    -|
| + entry_proc                                   |     -|              -|         -|        0|     -|        no|        0|      0.000|  2.43|        -|        -|      2 (~0%)|    19 (~0%)|    -|
| + stage_process_fft_real                       |     -|              -|         -|     5254|     -|        no|     5254|  3.504e+04|  0.00|   7 (2%)|  12 (5%)|   10437 (9%)|  8302 (15%)|    -|
|  + stage_process_fft_real_Pipeline_feed_loop   |     -|              -|         -|        -|     -|       yes|     1027|  6.850e+03|  0.79|        -|        -|     48 (~0%)|    71 (~0%)|    -|
|   o feed_loop                                  |     -|              -|         3|        1|  1024|       yes|     1025|  6.837e+03|  4.87|        -|        -|            -|           -|    -|
|  + fft_ZenithFFTConfig_s                       |     -|              -|         -|     3195|     -|        no|     3195|  2.131e+04|  2.87|      N/A|      N/A|          N/A|         N/A|  N/A|
|  + stage_process_fft_real_Pipeline_drain_loop  |     -|              -|         -|        -|     -|       yes|     1027|  6.850e+03|  0.79|        -|        -|     71 (~0%)|    71 (~0%)|    -|
|   o drain_loop                                 |     -|              -|         3|        1|  1024|       yes|     1025|  6.837e+03|  4.87|        -|        -|            -|           -|    -|
| + stage_write_output                           |     -|              -|         -|     1024|     -|    rewind|     1027|  6.850e+03|  0.80|        -|        -|     17 (~0%)|    70 (~0%)|    -|
|  o VITIS_LOOP_100_1                            |     -|              -|         3|        1|  1024|       yes|     1025|  6.837e+03|  4.87|        -|        -|            -|           -|    -|
+------------------------------------------------+------+---------------+----------+---------+------+----------+---------+-----------+------+---------+---------+-------------+------------+-----+
    Name Prefix: '+' for module, 'o' for loop, '*' for dataflow


================================================================
== HW Interfaces
================================================================
* S_AXILITE Interfaces
+------------+------------+---------------+--------+----------+
| Interface  | Data Width | Address Width | Offset | Register |
+------------+------------+---------------+--------+----------+
| s_axi_CTRL | 32         | 5             | 16     | 0        |
+------------+------------+---------------+--------+----------+

* S_AXILITE Registers
+------------+------------------+--------+-------+--------+----------------------------------+----------------------------------------------------------------------+
| Interface  | Register         | Offset | Width | Access | Description                      | Bit Fields                                                           |
+------------+------------------+--------+-------+--------+----------------------------------+----------------------------------------------------------------------+
| s_axi_CTRL | CTRL             | 0x00   | 32    | RW     | Control signals                  | 0=AP_START 1=AP_DONE 2=AP_IDLE 3=AP_READY 7=AUTO_RESTART 9=INTERRUPT |
| s_axi_CTRL | GIER             | 0x04   | 32    | RW     | Global Interrupt Enable Register | 0=Enable                                                             |
| s_axi_CTRL | IP_IER           | 0x08   | 32    | RW     | IP Interrupt Enable Register     | 0=CHAN0_INT_EN 1=CHAN1_INT_EN                                        |
| s_axi_CTRL | IP_ISR           | 0x0c   | 32    | RW     | IP Interrupt Status Register     | 0=CHAN0_INT_ST 1=CHAN1_INT_ST                                        |
| s_axi_CTRL | scaling_schedule | 0x10   | 32    | W      | Data signal of scaling_schedule  |                                                                      |
+------------+------------------+--------+-------+--------+----------------------------------+----------------------------------------------------------------------+

* AXIS
+------------+-----------+---------------+-------+-------+-----+-------+-------+--------+-------+-------+--------+
| Interface  | Direction | Register Mode | TDATA | TDEST | TID | TKEEP | TLAST | TREADY | TSTRB | TUSER | TVALID |
+------------+-----------+---------------+-------+-------+-----+-------+-------+--------+-------+-------+--------+
| in_stream  | in        | both          | 32    | 1     | 1   | 4     | 1     | 1      | 4     | 1     | 1      |
| out_stream | out       | both          | 32    | 1     | 1   | 4     | 1     | 1      | 4     | 1     | 1      |
+------------+-----------+---------------+-------+-------+-----+-------+-------+--------+-------+-------+--------+

* TOP LEVEL CONTROL
+-----------+------------+-----------+
| Interface | Type       | Ports     |
+-----------+------------+-----------+
| ap_clk    | clock      | ap_clk    |
| ap_rst_n  | reset      | ap_rst_n  |
| interrupt | interrupt  | interrupt |
| ap_ctrl   | ap_ctrl_hs |           |
+-----------+------------+-----------+


================================================================
== SW I/O Information
================================================================
* Top Function Arguments
+------------------+-----------+------------------------------------------------------------------------------+
| Argument         | Direction | Datatype                                                                     |
+------------------+-----------+------------------------------------------------------------------------------+
| in_stream        | in        | stream<hls::axis<ap_uint<32>, 1UL, 1UL, 1UL, (unsigned char)'8', false>, 0>& |
| out_stream       | out       | stream<hls::axis<ap_uint<32>, 1UL, 1UL, 1UL, (unsigned char)'8', false>, 0>& |
| scaling_schedule | in        | ap_uint<32>                                                                  |
+------------------+-----------+------------------------------------------------------------------------------+

* SW-to-HW Mapping
+------------------+--------------+-----------+--------------------------------------------+
| Argument         | HW Interface | HW Type   | HW Info                                    |
+------------------+--------------+-----------+--------------------------------------------+
| in_stream        | in_stream    | interface |                                            |
| out_stream       | out_stream   | interface |                                            |
| scaling_schedule | s_axi_CTRL   | register  | name=scaling_schedule offset=0x10 range=32 |
+------------------+--------------+-----------+--------------------------------------------+


================================================================
== Bind Op Report
================================================================
+------------------------------------------------+-----+--------+------------+-----------+------------+---------+
| Name                                           | DSP | Pragma | Variable   | Op        | Impl       | Latency |
+------------------------------------------------+-----+--------+------------+-----------+------------+---------+
| + fft_1d_top                                   | 12  |        |            |           |            |         |
|  + Block_entry_in_bufI_wr_proc                 | 0   |        |            |           |            |         |
|   + stage_read_input                           | 0   |        |            |           |            |         |
|     icmp_ln41_fu_134_p2                        |     |        | icmp_ln41  | seteq     | auto       | 0       |
|     add_ln41_fu_140_p2                         |     |        | add_ln41   | add       | fabric     | 0       |
|   + stage_read_input_1                         | 0   |        |            |           |            |         |
|     icmp_ln41_fu_134_p2                        |     |        | icmp_ln41  | seteq     | auto       | 0       |
|     add_ln41_fu_140_p2                         |     |        | add_ln41   | add       | fabric     | 0       |
|  + stage_process_fft_real                      | 12  |        |            |           |            |         |
|    grp_fft_ZenithFFTConfig_s_fu_101            | 12  |        | _ln123     | vivado_ip | vivado_fft | 3195    |
|   + stage_process_fft_real_Pipeline_feed_loop  | 0   |        |            |           |            |         |
|     icmp_ln131_fu_95_p2                        |     |        | icmp_ln131 | seteq     | auto       | 0       |
|     add_ln131_fu_101_p2                        |     |        | add_ln131  | add       | fabric     | 0       |
|   + stage_process_fft_real_Pipeline_drain_loop | 0   |        |            |           |            |         |
|     icmp_ln154_fu_106_p2                       |     |        | icmp_ln154 | seteq     | auto       | 0       |
|     add_ln154_fu_112_p2                        |     |        | add_ln154  | add       | fabric     | 0       |
|  + stage_write_output                          | 0   |        |            |           |            |         |
|    icmp_ln110_fu_144_p2                        |     |        | icmp_ln110 | seteq     | auto       | 0       |
|    i_3_fu_150_p2                               |     |        | i_3        | add       | fabric     | 0       |
+------------------------------------------------+-----+--------+------------+-----------+------------+---------+


================================================================
== Storage Report
================================================================
+-----------------------------+----------------+-------------+------+------+--------+--------------------+--------+---------+------------------+
| Name                        | Usage          | Type        | BRAM | URAM | Pragma | Variable           | Impl   | Latency | Bitwidth, Depth, |
|                             |                |             |      |      |        |                    |        |         | Banks            |
+-----------------------------+----------------+-------------+------+------+--------+--------------------+--------+---------+------------------+
| + fft_1d_top                |                |             | 15   | 0    |        |                    |        |         |                  |
|   CTRL_s_axi_U              | interface      | s_axilite   |      |      |        |                    |        |         |                  |
|   scaling_schedule_c_U      | fifo channel   | scalar prop |      |      |        | scaling_schedule_c | srl    | 0       | 32, 3, 1         |
|   in_bufI_U                 | ram_2p channel | pipo        | 2    |      |        | in_bufI            | bram   | 1       | 16, 1024, 2      |
|   in_bufQ_U                 | ram_2p channel | pipo        | 2    |      |        | in_bufQ            | bram   | 1       | 16, 1024, 2      |
|   out_bufI_U                | ram_2p channel | pipo        | 2    |      |        | out_bufI           | bram   | 1       | 16, 1024, 2      |
|   out_bufQ_U                | ram_2p channel | pipo        | 2    |      |        | out_bufQ           | bram   | 1       | 16, 1024, 2      |
|  + stage_process_fft_real   |                |             | 7    | 0    |        |                    |        |         |                  |
|    fft_in_stream_fifo_U     | fifo array     |             | 2    |      |        | fft_in_stream      | memory | 0       | 32, 1024, 1      |
|    fft_out_stream_fifo_U    | fifo array     |             | 2    |      |        | fft_out_stream     | memory | 0       | 32, 1024, 1      |
|    fft_config_stream_fifo_U | fifo array     |             |      |      |        | fft_config_stream  | srl    | 0       | 16, 2, 1         |
+-----------------------------+----------------+-------------+------+------+--------+--------------------+--------+---------+------------------+


================================================================
== Pragma Report
================================================================
* Valid Pragma Syntax
+--------------+-------------------------------------------------+----------------------------------------------------+
| Type         | Options                                         | Location                                           |
+--------------+-------------------------------------------------+----------------------------------------------------+
| PIPELINE     | II = 1                                          | in stage_read_input (src/fft_1d.cpp:45)            |
| PIPELINE     | II = 1                                          | in stage_write_output (src/fft_1d.cpp:101)         |
| INTERFACE    | axis port = in_stream                           | in fft_1d_top (src/fft_1d.cpp:138)                 |
| INTERFACE    | axis port = out_stream                          | in fft_1d_top (src/fft_1d.cpp:139)                 |
| INTERFACE    | s_axilite port = scaling_schedule bundle = CTRL | in fft_1d_top (src/fft_1d.cpp:144)                 |
| INTERFACE    | s_axilite port = return bundle = CTRL           | in fft_1d_top (src/fft_1d.cpp:148)                 |
| BIND_STORAGE | variable = in_bufI type = RAM_2P impl = BRAM    | in fft_1d_top (src/fft_1d.cpp:162)                 |
| BIND_STORAGE | variable = in_bufQ type = RAM_2P impl = BRAM    | in fft_1d_top (src/fft_1d.cpp:163)                 |
| BIND_STORAGE | variable = out_bufI type = RAM_2P impl = BRAM   | in fft_1d_top (src/fft_1d.cpp:164)                 |
| BIND_STORAGE | variable = out_bufQ type = RAM_2P impl = BRAM   | in fft_1d_top (src/fft_1d.cpp:165)                 |
| DATAFLOW     |                                                 | in fft_1d_top (src/fft_1d.cpp:171)                 |
| INLINE       |                                                 | in extract_i (src/fft_1d.hpp:71)                   |
| INLINE       |                                                 | in extract_q (src/fft_1d.hpp:77)                   |
| INLINE       |                                                 | in pack_iq (src/fft_1d.hpp:83)                     |
| STREAM       | variable = fft_in_stream depth = 1024           | in stage_process_fft_real (src/fft_1d_hls.cpp:53)  |
| STREAM       | variable = fft_out_stream depth = 1024          | in stage_process_fft_real (src/fft_1d_hls.cpp:54)  |
| PIPELINE     | II = 1                                          | in stage_process_fft_real (src/fft_1d_hls.cpp:132) |
| PIPELINE     | II = 1                                          | in stage_process_fft_real (src/fft_1d_hls.cpp:155) |
+--------------+-------------------------------------------------+----------------------------------------------------+


