

================================================================
== Vitis HLS Report for 'stage_read_input'
================================================================
* Date:           Tue Apr 28 16:25:29 2026

* Version:        2025.2 (Build 6295257 on Nov 14 2025)
* Project:        zenith_fft_1d_prj
* Solution:       solution1 (Vivado IP Flow Target)
* Product family: zynq
* Target device:  xc7z020-clg400-2


================================================================
== Performance Estimates
================================================================
+ Timing: 
    * Summary: 
    +--------+---------+----------+------------+
    |  Clock |  Target | Estimated| Uncertainty|
    +--------+---------+----------+------------+
    |ap_clk  |  6.67 ns|  4.078 ns|     1.80 ns|
    +--------+---------+----------+------------+

+ Latency: 
    * Summary: 
    +---------+---------+----------+----------+-----+-----+-------------------+
    |  Latency (cycles) |  Latency (absolute) |  Interval |      Pipeline     |
    |   min   |   max   |    min   |    max   | min | max |        Type       |
    +---------+---------+----------+----------+-----+-----+-------------------+
    |     1026|     1026|  6.843 us|  6.843 us|    0|    0|  loop pipeline stp|
    +---------+---------+----------+----------+-----+-----+-------------------+

    + Detail: 
        * Instance: 
        N/A

        * Loop: 
        +-------------------+---------+---------+----------+-----------+-----------+------+----------+
        |                   |  Latency (cycles) | Iteration|  Initiation Interval  | Trip |          |
        |     Loop Name     |   min   |   max   |  Latency |  achieved |   target  | Count| Pipelined|
        +-------------------+---------+---------+----------+-----------+-----------+------+----------+
        |- VITIS_LOOP_41_1  |     1024|     1024|         2|          1|          1|  1024|       yes|
        +-------------------+---------+---------+----------+-----------+-----------+------+----------+



================================================================
== Utilization Estimates
================================================================
* Summary: 
+-----------------+---------+-----+--------+-------+-----+
|       Name      | BRAM_18K| DSP |   FF   |  LUT  | URAM|
+-----------------+---------+-----+--------+-------+-----+
|DSP              |        -|    -|       -|      -|    -|
|Expression       |        -|    -|       0|     26|    -|
|FIFO             |        -|    -|       -|      -|    -|
|Instance         |        -|    -|       -|      -|    -|
|Memory           |        -|    -|       -|      -|    -|
|Multiplexer      |        -|    -|       0|     45|    -|
|Register         |        -|    -|      25|      -|    -|
+-----------------+---------+-----+--------+-------+-----+
|Total            |        0|    0|      25|     71|    0|
+-----------------+---------+-----+--------+-------+-----+
|Available        |      280|  220|  106400|  53200|    0|
+-----------------+---------+-----+--------+-------+-----+
|Utilization (%)  |        0|    0|      ~0|     ~0|    0|
+-----------------+---------+-----+--------+-------+-----+

+ Detail: 
    * Instance: 
    N/A

    * DSP: 
    N/A

    * Memory: 
    N/A

    * FIFO: 
    N/A

    * Expression: 
    +---------------------------+----------+----+---+----+------------+------------+
    |       Variable Name       | Operation| DSP| FF| LUT| Bitwidth P0| Bitwidth P1|
    +---------------------------+----------+----+---+----+------------+------------+
    |add_ln41_fu_140_p2         |         +|   0|  0|  11|          11|           1|
    |ap_block_pp0_stage0_11001  |       and|   0|  0|   1|           1|           1|
    |icmp_ln41_fu_134_p2        |      icmp|   0|  0|  12|          11|          12|
    |ap_enable_pp0              |       xor|   0|  0|   2|           1|           2|
    +---------------------------+----------+----+---+----+------------+------------+
    |Total                      |          |   0|  0|  26|          24|          16|
    +---------------------------+----------+----+---+----+------------+------------+

    * Multiplexer: 
    +-------------------------+----+-----------+-----+-----------+
    |           Name          | LUT| Input Size| Bits| Total Bits|
    +-------------------------+----+-----------+-----+-----------+
    |ap_done_int              |   9|          2|    1|          2|
    |ap_enable_reg_pp0_iter1  |   9|          2|    1|          2|
    |ap_sig_allocacmp_i_5     |   9|          2|   11|         22|
    |i_fu_70                  |   9|          2|   11|         22|
    |in_stream_TDATA_blk_n    |   9|          2|    1|          2|
    +-------------------------+----+-----------+-----+-----------+
    |Total                    |  45|         10|   25|         50|
    +-------------------------+----+-----------+-----+-----------+

    * Register: 
    +-------------------------+----+----+-----+-----------+
    |           Name          | FF | LUT| Bits| Const Bits|
    +-------------------------+----+----+-----+-----------+
    |ap_CS_fsm                |   1|   0|    1|          0|
    |ap_done_reg              |   1|   0|    1|          0|
    |ap_enable_reg_pp0_iter1  |   1|   0|    1|          0|
    |i_5_reg_181              |  11|   0|   11|          0|
    |i_fu_70                  |  11|   0|   11|          0|
    +-------------------------+----+----+-----+-----------+
    |Total                    |  25|   0|   25|          0|
    +-------------------------+----+----+-----+-----------+



================================================================
== Interface
================================================================
* Summary: 
+------------------+-----+-----+------------+--------------------+--------------+
|     RTL Ports    | Dir | Bits|  Protocol  |    Source Object   |    C Type    |
+------------------+-----+-----+------------+--------------------+--------------+
|ap_clk            |   in|    1|  ap_ctrl_hs|    stage_read_input|  return value|
|ap_rst            |   in|    1|  ap_ctrl_hs|    stage_read_input|  return value|
|ap_start          |   in|    1|  ap_ctrl_hs|    stage_read_input|  return value|
|ap_done           |  out|    1|  ap_ctrl_hs|    stage_read_input|  return value|
|ap_idle           |  out|    1|  ap_ctrl_hs|    stage_read_input|  return value|
|ap_ready          |  out|    1|  ap_ctrl_hs|    stage_read_input|  return value|
|in_stream_TVALID  |   in|    1|        axis|  in_stream_V_data_V|       pointer|
|in_stream_TDATA   |   in|   32|        axis|  in_stream_V_data_V|       pointer|
|in_stream_TREADY  |  out|    1|        axis|  in_stream_V_dest_V|       pointer|
|in_stream_TDEST   |   in|    1|        axis|  in_stream_V_dest_V|       pointer|
|in_stream_TKEEP   |   in|    4|        axis|  in_stream_V_keep_V|       pointer|
|in_stream_TSTRB   |   in|    4|        axis|  in_stream_V_strb_V|       pointer|
|in_stream_TUSER   |   in|    1|        axis|  in_stream_V_user_V|       pointer|
|in_stream_TLAST   |   in|    1|        axis|  in_stream_V_last_V|       pointer|
|in_stream_TID     |   in|    1|        axis|    in_stream_V_id_V|       pointer|
|bufI_address1     |  out|   10|   ap_memory|                bufI|         array|
|bufI_ce1          |  out|    1|   ap_memory|                bufI|         array|
|bufI_we1          |  out|    1|   ap_memory|                bufI|         array|
|bufI_d1           |  out|   16|   ap_memory|                bufI|         array|
|bufQ_address1     |  out|   10|   ap_memory|                bufQ|         array|
|bufQ_ce1          |  out|    1|   ap_memory|                bufQ|         array|
|bufQ_we1          |  out|    1|   ap_memory|                bufQ|         array|
|bufQ_d1           |  out|   16|   ap_memory|                bufQ|         array|
+------------------+-----+-----+------------+--------------------+--------------+

