

================================================================
== Vitis HLS Report for 'stage_write_output'
================================================================
* Date:           Tue Apr 21 16:25:45 2026

* Version:        2025.2 (Build 6295257 on Nov 14 2025)
* Project:        zenith_fft_1d_prj
* Solution:       solution1 (Vivado IP Flow Target)
* Product family: zynq
* Target device:  xc7z020-clg400-2


================================================================
== Performance Estimates
================================================================
+ Timing: 
    * Summary: 
    +--------+---------+----------+------------+
    |  Clock |  Target | Estimated| Uncertainty|
    +--------+---------+----------+------------+
    |ap_clk  |  6.67 ns|  4.069 ns|     1.80 ns|
    +--------+---------+----------+------------+

+ Latency: 
    * Summary: 
    +---------+---------+----------+----------+------+------+------------------------------------------------+
    |  Latency (cycles) |  Latency (absolute) |   Interval  |                    Pipeline                    |
    |   min   |   max   |    min   |    max   |  min |  max |                      Type                      |
    +---------+---------+----------+----------+------+------+------------------------------------------------+
    |     1027|     1027|  6.850 us|  6.850 us|  1024|  1024|  loop auto-rewind stp (delay=0 clock cycles(s))|
    +---------+---------+----------+----------+------+------+------------------------------------------------+

    + Detail: 
        * Instance: 
        N/A

        * Loop: 
        +-------------------+---------+---------+----------+-----------+-----------+------+----------+
        |                   |  Latency (cycles) | Iteration|  Initiation Interval  | Trip |          |
        |     Loop Name     |   min   |   max   |  Latency |  achieved |   target  | Count| Pipelined|
        +-------------------+---------+---------+----------+-----------+-----------+------+----------+
        |- VITIS_LOOP_69_1  |     1025|     1025|         3|          1|          1|  1024|       yes|
        +-------------------+---------+---------+----------+-----------+-----------+------+----------+



================================================================
== Utilization Estimates
================================================================
* Summary: 
+-----------------+---------+-----+--------+-------+-----+
|       Name      | BRAM_18K| DSP |   FF   |  LUT  | URAM|
+-----------------+---------+-----+--------+-------+-----+
|DSP              |        -|    -|       -|      -|    -|
|Expression       |        -|    -|       0|     25|    -|
|FIFO             |        -|    -|       -|      -|    -|
|Instance         |        -|    -|       -|      -|    -|
|Memory           |        -|    -|       -|      -|    -|
|Multiplexer      |        -|    -|       0|     45|    -|
|Register         |        -|    -|      17|      -|    -|
+-----------------+---------+-----+--------+-------+-----+
|Total            |        0|    0|      17|     70|    0|
+-----------------+---------+-----+--------+-------+-----+
|Available        |      280|  220|  106400|  53200|    0|
+-----------------+---------+-----+--------+-------+-----+
|Utilization (%)  |        0|    0|      ~0|     ~0|    0|
+-----------------+---------+-----+--------+-------+-----+

+ Detail: 
    * Instance: 
    N/A

    * DSP: 
    N/A

    * Memory: 
    N/A

    * FIFO: 
    N/A

    * Expression: 
    +----------------------------------+----------+----+---+----+------------+------------+
    |           Variable Name          | Operation| DSP| FF| LUT| Bitwidth P0| Bitwidth P1|
    +----------------------------------+----------+----+---+----+------------+------------+
    |i_3_fu_150_p2                     |         +|   0|  0|  10|          10|           1|
    |ap_condition_123                  |       and|   0|  0|   1|           1|           1|
    |icmp_ln78_fu_144_p2               |      icmp|   0|  0|  10|          10|           2|
    |ap_block_pp0_stage0_01001         |        or|   0|  0|   1|           1|           1|
    |ap_block_state3_pp0_stage0_iter2  |        or|   0|  0|   1|           1|           1|
    |ap_enable_pp0                     |       xor|   0|  0|   2|           1|           2|
    +----------------------------------+----------+----+---+----+------------+------------+
    |Total                             |          |   0|  0|  25|          24|           8|
    +----------------------------------+----------+----+---+----+------------+------------+

    * Multiplexer: 
    +----------------------------------+----+-----------+-----+-----------+
    |               Name               | LUT| Input Size| Bits| Total Bits|
    +----------------------------------+----+-----------+-----+-----------+
    |ap_done_int                       |   9|          2|    1|          2|
    |ap_loop_exit_ready_pp0_iter2_reg  |   9|          2|    1|          2|
    |ap_sig_allocacmp_i_1              |   9|          2|   10|         20|
    |i_fu_70                           |   9|          2|   10|         20|
    |out_stream_TDATA_blk_n            |   9|          2|    1|          2|
    +----------------------------------+----+-----------+-----+-----------+
    |Total                             |  45|         10|   23|         46|
    +----------------------------------+----+-----------+-----+-----------+

    * Register: 
    +----------------------------------+----+----+-----+-----------+
    |               Name               | FF | LUT| Bits| Const Bits|
    +----------------------------------+----+----+-----+-----------+
    |ap_CS_fsm                         |   1|   0|    1|          0|
    |ap_done_reg                       |   1|   0|    1|          0|
    |ap_enable_reg_pp0_iter1           |   1|   0|    1|          0|
    |ap_enable_reg_pp0_iter2           |   1|   0|    1|          0|
    |ap_loop_exit_ready_pp0_iter1_reg  |   1|   0|    1|          0|
    |ap_loop_exit_ready_pp0_iter2_reg  |   1|   0|    1|          0|
    |i_fu_70                           |  10|   0|   10|          0|
    |icmp_ln78_reg_191                 |   1|   0|    1|          0|
    +----------------------------------+----+----+-----+-----------+
    |Total                             |  17|   0|   17|          0|
    +----------------------------------+----+----+-----+-----------+



================================================================
== Interface
================================================================
* Summary: 
+-------------------+-----+-----+------------+---------------------+--------------+
|     RTL Ports     | Dir | Bits|  Protocol  |    Source Object    |    C Type    |
+-------------------+-----+-----+------------+---------------------+--------------+
|ap_clk             |   in|    1|  ap_ctrl_hs|   stage_write_output|  return value|
|ap_rst             |   in|    1|  ap_ctrl_hs|   stage_write_output|  return value|
|ap_start           |   in|    1|  ap_ctrl_hs|   stage_write_output|  return value|
|ap_done            |  out|    1|  ap_ctrl_hs|   stage_write_output|  return value|
|ap_continue        |   in|    1|  ap_ctrl_hs|   stage_write_output|  return value|
|ap_idle            |  out|    1|  ap_ctrl_hs|   stage_write_output|  return value|
|ap_ready           |  out|    1|  ap_ctrl_hs|   stage_write_output|  return value|
|out_stream_TREADY  |   in|    1|        axis|  out_stream_V_dest_V|       pointer|
|out_stream_TVALID  |  out|    1|        axis|  out_stream_V_dest_V|       pointer|
|out_stream_TDEST   |  out|    1|        axis|  out_stream_V_dest_V|       pointer|
|outI_address0      |  out|   10|   ap_memory|                 outI|         array|
|outI_ce0           |  out|    1|   ap_memory|                 outI|         array|
|outI_q0            |   in|   16|   ap_memory|                 outI|         array|
|outQ_address0      |  out|   10|   ap_memory|                 outQ|         array|
|outQ_ce0           |  out|    1|   ap_memory|                 outQ|         array|
|outQ_q0            |   in|    1|   ap_memory|                 outQ|         array|
|out_stream_TDATA   |  out|   32|        axis|  out_stream_V_data_V|       pointer|
|out_stream_TKEEP   |  out|    4|        axis|  out_stream_V_keep_V|       pointer|
|out_stream_TSTRB   |  out|    4|        axis|  out_stream_V_strb_V|       pointer|
|out_stream_TUSER   |  out|    1|        axis|  out_stream_V_user_V|       pointer|
|out_stream_TLAST   |  out|    1|        axis|  out_stream_V_last_V|       pointer|
|out_stream_TID     |  out|    1|        axis|    out_stream_V_id_V|       pointer|
+-------------------+-----+-----+------------+---------------------+--------------+

